Component: ARM Compiler 5.06 update 6 (build 750) Tool: armlink [4d35ed]

==============================================================================

Section Cross References

    startup_stm32f10x_md.o(RESET) refers to startup_stm32f10x_md.o(STACK) for __initial_sp
    startup_stm32f10x_md.o(RESET) refers to startup_stm32f10x_md.o(.text) for Reset_Handler
    startup_stm32f10x_md.o(RESET) refers to stm32f10x_it.o(i.NMI_Handler) for NMI_Handler
    startup_stm32f10x_md.o(RESET) refers to stm32f10x_it.o(i.HardFault_Handler) for HardFault_Handler
    startup_stm32f10x_md.o(RESET) refers to stm32f10x_it.o(i.MemManage_Handler) for MemManage_Handler
    startup_stm32f10x_md.o(RESET) refers to stm32f10x_it.o(i.BusFault_Handler) for BusFault_Handler
    startup_stm32f10x_md.o(RESET) refers to stm32f10x_it.o(i.UsageFault_Handler) for UsageFault_Handler
    startup_stm32f10x_md.o(RESET) refers to stm32f10x_it.o(i.SVC_Handler) for SVC_Handler
    startup_stm32f10x_md.o(RESET) refers to stm32f10x_it.o(i.DebugMon_Handler) for DebugMon_Handler
    startup_stm32f10x_md.o(RESET) refers to stm32f10x_it.o(i.PendSV_Handler) for PendSV_Handler
    startup_stm32f10x_md.o(RESET) refers to stm32f10x_it.o(i.SysTick_Handler) for SysTick_Handler
    startup_stm32f10x_md.o(RESET) refers to gpio.o(i.EXTI1_IRQHandler) for EXTI1_IRQHandler
    startup_stm32f10x_md.o(RESET) refers to can.o(i.USB_LP_CAN1_RX0_IRQHandler) for USB_LP_CAN1_RX0_IRQHandler
    startup_stm32f10x_md.o(RESET) refers to tim.o(i.TIM2_IRQHandler) for TIM2_IRQHandler
    startup_stm32f10x_md.o(RESET) refers to gpio.o(i.TIM3_IRQHandler) for TIM3_IRQHandler
    startup_stm32f10x_md.o(RESET) refers to uart.o(i.USART1_IRQHandler) for USART1_IRQHandler
    startup_stm32f10x_md.o(RESET) refers to gpio.o(i.EXTI15_10_IRQHandler) for EXTI15_10_IRQHandler
    startup_stm32f10x_md.o(.text) refers to system_stm32f10x.o(i.SystemInit) for SystemInit
    startup_stm32f10x_md.o(.text) refers to entry.o(.ARM.Collect$$$$00000000) for __main
    system_stm32f10x.o(i.SystemCoreClockUpdate) refers to system_stm32f10x.o(.data) for .data
    system_stm32f10x.o(i.SystemInit) refers to system_stm32f10x.o(i.SetSysClockTo72) for SetSysClockTo72
    stm32f10x_adc.o(i.ADC_DeInit) refers to stm32f10x_rcc.o(i.RCC_APB2PeriphResetCmd) for RCC_APB2PeriphResetCmd
    stm32f10x_bkp.o(i.BKP_DeInit) refers to stm32f10x_rcc.o(i.RCC_BackupResetCmd) for RCC_BackupResetCmd
    stm32f10x_can.o(i.CAN_DeInit) refers to stm32f10x_rcc.o(i.RCC_APB1PeriphResetCmd) for RCC_APB1PeriphResetCmd
    stm32f10x_can.o(i.CAN_GetITStatus) refers to stm32f10x_can.o(i.CheckITStatus) for CheckITStatus
    stm32f10x_cec.o(i.CEC_DeInit) refers to stm32f10x_rcc.o(i.RCC_APB1PeriphResetCmd) for RCC_APB1PeriphResetCmd
    stm32f10x_dac.o(i.DAC_DeInit) refers to stm32f10x_rcc.o(i.RCC_APB1PeriphResetCmd) for RCC_APB1PeriphResetCmd
    stm32f10x_flash.o(i.FLASH_EnableWriteProtection) refers to stm32f10x_flash.o(i.FLASH_WaitForLastOperation) for FLASH_WaitForLastOperation
    stm32f10x_flash.o(i.FLASH_EraseAllBank1Pages) refers to stm32f10x_flash.o(i.FLASH_WaitForLastBank1Operation) for FLASH_WaitForLastBank1Operation
    stm32f10x_flash.o(i.FLASH_EraseAllPages) refers to stm32f10x_flash.o(i.FLASH_WaitForLastOperation) for FLASH_WaitForLastOperation
    stm32f10x_flash.o(i.FLASH_EraseOptionBytes) refers to stm32f10x_flash.o(i.FLASH_GetReadOutProtectionStatus) for FLASH_GetReadOutProtectionStatus
    stm32f10x_flash.o(i.FLASH_EraseOptionBytes) refers to stm32f10x_flash.o(i.FLASH_WaitForLastOperation) for FLASH_WaitForLastOperation
    stm32f10x_flash.o(i.FLASH_ErasePage) refers to stm32f10x_flash.o(i.FLASH_WaitForLastOperation) for FLASH_WaitForLastOperation
    stm32f10x_flash.o(i.FLASH_ProgramHalfWord) refers to stm32f10x_flash.o(i.FLASH_WaitForLastOperation) for FLASH_WaitForLastOperation
    stm32f10x_flash.o(i.FLASH_ProgramOptionByteData) refers to stm32f10x_flash.o(i.FLASH_WaitForLastOperation) for FLASH_WaitForLastOperation
    stm32f10x_flash.o(i.FLASH_ProgramWord) refers to stm32f10x_flash.o(i.FLASH_WaitForLastOperation) for FLASH_WaitForLastOperation
    stm32f10x_flash.o(i.FLASH_ReadOutProtection) refers to stm32f10x_flash.o(i.FLASH_WaitForLastOperation) for FLASH_WaitForLastOperation
    stm32f10x_flash.o(i.FLASH_UserOptionByteConfig) refers to stm32f10x_flash.o(i.FLASH_WaitForLastOperation) for FLASH_WaitForLastOperation
    stm32f10x_flash.o(i.FLASH_WaitForLastBank1Operation) refers to stm32f10x_flash.o(i.FLASH_GetBank1Status) for FLASH_GetBank1Status
    stm32f10x_flash.o(i.FLASH_WaitForLastOperation) refers to stm32f10x_flash.o(i.FLASH_GetBank1Status) for FLASH_GetBank1Status
    stm32f10x_gpio.o(i.GPIO_AFIODeInit) refers to stm32f10x_rcc.o(i.RCC_APB2PeriphResetCmd) for RCC_APB2PeriphResetCmd
    stm32f10x_gpio.o(i.GPIO_DeInit) refers to stm32f10x_rcc.o(i.RCC_APB2PeriphResetCmd) for RCC_APB2PeriphResetCmd
    stm32f10x_i2c.o(i.I2C_DeInit) refers to stm32f10x_rcc.o(i.RCC_APB1PeriphResetCmd) for RCC_APB1PeriphResetCmd
[...]
    Removing stm32f10x_iwdg.o(i.IWDG_GetFlagStatus), (20 bytes).
    Removing stm32f10x_pwr.o(i.PWR_BackupAccessCmd), (12 bytes).
    Removing stm32f10x_pwr.o(i.PWR_ClearFlag), (16 bytes).
    Removing stm32f10x_pwr.o(i.PWR_DeInit), (24 bytes).
    Removing stm32f10x_pwr.o(i.PWR_EnterSTANDBYMode), (40 bytes).
    Removing stm32f10x_pwr.o(i.PWR_EnterSTOPMode), (52 bytes).
    Removing stm32f10x_pwr.o(i.PWR_GetFlagStatus), (20 bytes).
    Removing stm32f10x_pwr.o(i.PWR_PVDCmd), (12 bytes).
    Removing stm32f10x_pwr.o(i.PWR_PVDLevelConfig), (20 bytes).
    Removing stm32f10x_pwr.o(i.PWR_WakeUpPinCmd), (12 bytes).
    Removing stm32f10x_rcc.o(i.RCC_ADCCLKConfig), (20 bytes).
    Removing stm32f10x_rcc.o(i.RCC_AdjustHSICalibrationValue), (20 bytes).
    Removing stm32f10x_rcc.o(i.RCC_BackupResetCmd), (12 bytes).
    Removing stm32f10x_rcc.o(i.RCC_ClearFlag), (16 bytes).
    Removing stm32f10x_rcc.o(i.RCC_ClearITPendingBit), (12 bytes).
    Removing stm32f10x_rcc.o(i.RCC_ClockSecuritySystemCmd), (12 bytes).
    Removing stm32f10x_rcc.o(i.RCC_GetFlagStatus), (48 bytes).
    Removing stm32f10x_rcc.o(i.RCC_GetITStatus), (20 bytes).
    Removing stm32f10x_rcc.o(i.RCC_GetSYSCLKSource), (16 bytes).
    Removing stm32f10x_rcc.o(i.RCC_HCLKConfig), (20 bytes).
    Removing stm32f10x_rcc.o(i.RCC_HSEConfig), (52 bytes).
    Removing stm32f10x_rcc.o(i.RCC_HSICmd), (12 bytes).
    Removing stm32f10x_rcc.o(i.RCC_ITConfig), (24 bytes).
    Removing stm32f10x_rcc.o(i.RCC_LSEConfig), (32 bytes).
    Removing stm32f10x_rcc.o(i.RCC_LSICmd), (12 bytes).
    Removing stm32f10x_rcc.o(i.RCC_MCOConfig), (12 bytes).
    Removing stm32f10x_rcc.o(i.RCC_PCLK1Config), (20 bytes).
    Removing stm32f10x_rcc.o(i.RCC_PCLK2Config), (20 bytes).
    Removing stm32f10x_rcc.o(i.RCC_PLLCmd), (12 bytes).
    Removing stm32f10x_rcc.o(i.RCC_PLLConfig), (20 bytes).
    Removing stm32f10x_rcc.o(i.RCC_RTCCLKCmd), (12 bytes).
    Removing stm32f10x_rcc.o(i.RCC_RTCCLKConfig), (16 bytes).
    Removing stm32f10x_rcc.o(i.RCC_SYSCLKConfig), (20 bytes).
    Removing stm32f10x_rcc.o(i.RCC_USBCLKConfig), (12 bytes).
    Removing stm32f10x_rcc.o(i.RCC_WaitForHSEStartUp), (44 bytes).
    Removing stm32f10x_rtc.o(i.RTC_ClearFlag), (16 bytes).
    Removing stm32f10x_rtc.o(i.RTC_ClearITPendingBit), (16 bytes).
    Removing stm32f10x_rtc.o(i.RTC_EnterConfigMode), (16 bytes).
    Removing stm32f10x_rtc.o(i.RTC_ExitConfigMode), (16 bytes).
    Removing stm32f10x_rtc.o(i.RTC_GetCounter), (20 bytes).
    Removing stm32f10x_rtc.o(i.RTC_GetDivider), (24 bytes).
    Removing stm32f10x_rtc.o(i.RTC_GetFlagStatus), (20 bytes).
    Removing stm32f10x_rtc.o(i.RTC_GetITStatus), (32 bytes).
    Removing stm32f10x_rtc.o(i.RTC_ITConfig), (24 bytes).
    Removing stm32f10x_rtc.o(i.RTC_SetAlarm), (32 bytes).
    Removing stm32f10x_rtc.o(i.RTC_SetCounter), (32 bytes).
    Removing stm32f10x_rtc.o(i.RTC_SetPrescaler), (32 bytes).
    Removing stm32f10x_rtc.o(i.RTC_WaitForLastTask), (16 bytes).
    Removing stm32f10x_rtc.o(i.RTC_WaitForSynchro), (24 bytes).
    Removing stm32f10x_sdio.o(i.SDIO_CEATAITCmd), (16 bytes).
    Removing stm32f10x_sdio.o(i.SDIO_ClearFlag), (12 bytes).
    Removing stm32f10x_sdio.o(i.SDIO_ClearITPendingBit), (12 bytes).
    Removing stm32f10x_sdio.o(i.SDIO_ClockCmd), (12 bytes).
    Removing stm32f10x_sdio.o(i.SDIO_CmdStructInit), (14 bytes).
    Removing stm32f10x_sdio.o(i.SDIO_CommandCompletionCmd), (12 bytes).
    Removing stm32f10x_sdio.o(i.SDIO_DMACmd), (12 bytes).
    Removing stm32f10x_sdio.o(i.SDIO_DataConfig), (44 bytes).
    Removing stm32f10x_sdio.o(i.SDIO_DataStructInit), (20 bytes).
    Removing stm32f10x_sdio.o(i.SDIO_DeInit), (36 bytes).
    Removing stm32f10x_sdio.o(i.SDIO_GetCommandResponse), (12 bytes).
    Removing stm32f10x_sdio.o(i.SDIO_GetDataCounter), (12 bytes).
    Removing stm32f10x_sdio.o(i.SDIO_GetFIFOCount), (12 bytes).
    Removing stm32f10x_sdio.o(i.SDIO_GetFlagStatus), (20 bytes).
    Removing stm32f10x_sdio.o(i.SDIO_GetITStatus), (20 bytes).
    Removing stm32f10x_sdio.o(i.SDIO_GetPowerState), (16 bytes).
    Removing stm32f10x_sdio.o(i.SDIO_GetResponse), (16 bytes).
    Removing stm32f10x_sdio.o(i.SDIO_ITConfig), (24 bytes).
    Removing stm32f10x_sdio.o(i.SDIO_Init), (44 bytes).
    Removing stm32f10x_sdio.o(i.SDIO_ReadData), (12 bytes).
    Removing stm32f10x_sdio.o(i.SDIO_SendCEATACmd), (12 bytes).
    Removing stm32f10x_sdio.o(i.SDIO_SendCommand), (40 bytes).
    Removing stm32f10x_sdio.o(i.SDIO_SendSDIOSuspendCmd), (12 bytes).
    Removing stm32f10x_sdio.o(i.SDIO_SetPowerState), (24 bytes).
    Removing stm32f10x_sdio.o(i.SDIO_SetSDIOOperation), (12 bytes).
    Removing stm32f10x_sdio.o(i.SDIO_SetSDIOReadWaitMode), (12 bytes).
    Removing stm32f10x_sdio.o(i.SDIO_StartSDIOReadWait), (12 bytes).
    Removing stm32f10x_sdio.o(i.SDIO_StopSDIOReadWait), (12 bytes).
    Removing stm32f10x_sdio.o(i.SDIO_StructInit), (16 bytes).
    Removing stm32f10x_sdio.o(i.SDIO_WriteData), (12 bytes).
    Removing stm32f10x_spi.o(i.I2S_Cmd), (20 bytes).
    Removing stm32f10x_spi.o(i.I2S_Init), (150 bytes).
    Removing stm32f10x_spi.o(i.I2S_StructInit), (18 bytes).
    Removing stm32f10x_spi.o(i.SPI_BiDirectionalLineConfig), (22 bytes).
    Removing stm32f10x_spi.o(i.SPI_CalculateCRC), (20 bytes).
    Removing stm32f10x_spi.o(i.SPI_Cmd), (20 bytes).
    Removing stm32f10x_spi.o(i.SPI_DataSizeConfig), (16 bytes).
    Removing stm32f10x_spi.o(i.SPI_GetCRC), (12 bytes).
    Removing stm32f10x_spi.o(i.SPI_GetCRCPolynomial), (4 bytes).
    Removing stm32f10x_spi.o(i.SPI_I2S_ClearFlag), (6 bytes).
    Removing stm32f10x_spi.o(i.SPI_I2S_ClearITPendingBit), (14 bytes).
    Removing stm32f10x_spi.o(i.SPI_I2S_DMACmd), (16 bytes).
    Removing stm32f10x_spi.o(i.SPI_I2S_DeInit), (84 bytes).
    Removing stm32f10x_spi.o(i.SPI_I2S_GetFlagStatus), (14 bytes).
    Removing stm32f10x_spi.o(i.SPI_I2S_GetITStatus), (44 bytes).
    Removing stm32f10x_spi.o(i.SPI_I2S_ITConfig), (24 bytes).
    Removing stm32f10x_spi.o(i.SPI_I2S_ReceiveData), (4 bytes).
    Removing stm32f10x_spi.o(i.SPI_I2S_SendData), (4 bytes).
    Removing stm32f10x_spi.o(i.SPI_Init), (56 bytes).
    Removing stm32f10x_spi.o(i.SPI_NSSInternalSoftwareConfig), (24 bytes).
    Removing stm32f10x_spi.o(i.SPI_SSOutputCmd), (20 bytes).
    Removing stm32f10x_spi.o(i.SPI_StructInit), (24 bytes).
    Removing stm32f10x_spi.o(i.SPI_TransmitCRC), (10 bytes).
    Removing stm32f10x_tim.o(i.TI1_Config), (108 bytes).
    Removing stm32f10x_tim.o(i.TI2_Config), (124 bytes).
    Removing stm32f10x_tim.o(i.TIM_ARRPreloadConfig), (20 bytes).
    Removing stm32f10x_tim.o(i.TIM_BDTRConfig), (34 bytes).
    Removing stm32f10x_tim.o(i.TIM_BDTRStructInit), (18 bytes).
    Removing stm32f10x_tim.o(i.TIM_CCPreloadControl), (20 bytes).
    Removing stm32f10x_tim.o(i.TIM_CCxCmd), (22 bytes).
    Removing stm32f10x_tim.o(i.TIM_CCxNCmd), (22 bytes).
    Removing stm32f10x_tim.o(i.TIM_ClearFlag), (6 bytes).
    Removing stm32f10x_tim.o(i.TIM_ClearOC1Ref), (12 bytes).
    Removing stm32f10x_tim.o(i.TIM_ClearOC2Ref), (20 bytes).
    Removing stm32f10x_tim.o(i.TIM_ClearOC3Ref), (12 bytes).
    Removing stm32f10x_tim.o(i.TIM_ClearOC4Ref), (20 bytes).
    Removing stm32f10x_tim.o(i.TIM_CounterModeConfig), (12 bytes).
    Removing stm32f10x_tim.o(i.TIM_CtrlPWMOutputs), (22 bytes).
    Removing stm32f10x_tim.o(i.TIM_DMACmd), (16 bytes).
    Removing stm32f10x_tim.o(i.TIM_DMAConfig), (8 bytes).
    Removing stm32f10x_tim.o(i.TIM_DeInit), (368 bytes).
    Removing stm32f10x_tim.o(i.TIM_ETRClockMode1Config), (18 bytes).
    Removing stm32f10x_tim.o(i.TIM_ETRClockMode2Config), (18 bytes).
    Removing stm32f10x_tim.o(i.TIM_ETRConfig), (24 bytes).
    Removing stm32f10x_tim.o(i.TIM_EncoderInterfaceConfig), (50 bytes).
    Removing stm32f10x_tim.o(i.TIM_ForcedOC1Config), (12 bytes).
    Removing stm32f10x_tim.o(i.TIM_ForcedOC2Config), (20 bytes).
    Removing stm32f10x_tim.o(i.TIM_ForcedOC3Config), (12 bytes).
    Removing stm32f10x_tim.o(i.TIM_ForcedOC4Config), (20 bytes).
    Removing stm32f10x_tim.o(i.TIM_GenerateEvent), (4 bytes).
    Removing stm32f10x_tim.o(i.TIM_GetCapture1), (4 bytes).
    Removing stm32f10x_tim.o(i.TIM_GetCapture2), (4 bytes).
    Removing stm32f10x_tim.o(i.TIM_GetCapture3), (4 bytes).
    Removing stm32f10x_tim.o(i.TIM_GetCapture4), (6 bytes).
    Removing stm32f10x_tim.o(i.TIM_GetCounter), (4 bytes).
    Removing stm32f10x_tim.o(i.TIM_GetFlagStatus), (14 bytes).
    Removing stm32f10x_tim.o(i.TIM_GetPrescaler), (4 bytes).
    Removing stm32f10x_tim.o(i.TIM_ICInit), (300 bytes).
    Removing stm32f10x_tim.o(i.TIM_ICStructInit), (16 bytes).
    Removing stm32f10x_tim.o(i.TIM_ITRxExternalClockConfig), (18 bytes).
    Removing stm32f10x_tim.o(i.TIM_InternalClockConfig), (10 bytes).
    Removing stm32f10x_tim.o(i.TIM_OC1FastConfig), (12 bytes).
    Removing stm32f10x_tim.o(i.TIM_OC1Init), (128 bytes).
    Removing stm32f10x_tim.o(i.TIM_OC1NPolarityConfig), (12 bytes).
    Removing stm32f10x_tim.o(i.TIM_OC1PolarityConfig), (12 bytes).
    Removing stm32f10x_tim.o(i.TIM_OC1PreloadConfig), (12 bytes).
    Removing stm32f10x_tim.o(i.TIM_OC2FastConfig), (20 bytes).
    Removing stm32f10x_tim.o(i.TIM_OC2Init), (128 bytes).
    Removing stm32f10x_tim.o(i.TIM_OC2NPolarityConfig), (20 bytes).
    Removing stm32f10x_tim.o(i.TIM_OC2PolarityConfig), (20 bytes).
    Removing stm32f10x_tim.o(i.TIM_OC2PreloadConfig), (20 bytes).
    Removing stm32f10x_tim.o(i.TIM_OC3FastConfig), (12 bytes).
    Removing stm32f10x_tim.o(i.TIM_OC3Init), (124 bytes).
    Removing stm32f10x_tim.o(i.TIM_OC3NPolarityConfig), (20 bytes).
    Removing stm32f10x_tim.o(i.TIM_OC3PolarityConfig), (20 bytes).
    Removing stm32f10x_tim.o(i.TIM_OC3PreloadConfig), (12 bytes).
    Removing stm32f10x_tim.o(i.TIM_OC4FastConfig), (20 bytes).
    Removing stm32f10x_tim.o(i.TIM_OC4Init), (100 bytes).
    Removing stm32f10x_tim.o(i.TIM_OC4PolarityConfig), (20 bytes).
    Removing stm32f10x_tim.o(i.TIM_OC4PreloadConfig), (20 bytes).
    Removing stm32f10x_tim.o(i.TIM_OCStructInit), (20 bytes).
    Removing stm32f10x_tim.o(i.TIM_PWMIConfig), (108 bytes).
    Removing stm32f10x_tim.o(i.TIM_PrescalerConfig), (6 bytes).
    Removing stm32f10x_tim.o(i.TIM_SelectCCDMA), (20 bytes).
    Removing stm32f10x_tim.o(i.TIM_SelectCOM), (20 bytes).
    Removing stm32f10x_tim.o(i.TIM_SelectHallSensor), (20 bytes).
    Removing stm32f10x_tim.o(i.TIM_SelectInputTrigger), (12 bytes).
    Removing stm32f10x_tim.o(i.TIM_SelectMasterSlaveMode), (16 bytes).
    Removing stm32f10x_tim.o(i.TIM_SelectOCxM), (70 bytes).
    Removing stm32f10x_tim.o(i.TIM_SelectOnePulseMode), (16 bytes).
    Removing stm32f10x_tim.o(i.TIM_SelectOutputTrigger), (16 bytes).
    Removing stm32f10x_tim.o(i.TIM_SelectSlaveMode), (16 bytes).
    Removing stm32f10x_tim.o(i.TIM_SetAutoreload), (4 bytes).
    Removing stm32f10x_tim.o(i.TIM_SetClockDivision), (16 bytes).
    Removing stm32f10x_tim.o(i.TIM_SetCompare1), (4 bytes).
    Removing stm32f10x_tim.o(i.TIM_SetCompare2), (4 bytes).
    Removing stm32f10x_tim.o(i.TIM_SetCompare3), (4 bytes).
    Removing stm32f10x_tim.o(i.TIM_SetCompare4), (6 bytes).
    Removing stm32f10x_tim.o(i.TIM_SetIC1Prescaler), (16 bytes).
    Removing stm32f10x_tim.o(i.TIM_SetIC2Prescaler), (24 bytes).
    Removing stm32f10x_tim.o(i.TIM_SetIC3Prescaler), (16 bytes).
    Removing stm32f10x_tim.o(i.TIM_SetIC4Prescaler), (24 bytes).
    Removing stm32f10x_tim.o(i.TIM_TIxExternalClockConfig), (46 bytes).
    Removing stm32f10x_tim.o(i.TIM_TimeBaseStructInit), (18 bytes).
    Removing stm32f10x_tim.o(i.TIM_UpdateDisableConfig), (20 bytes).
    Removing stm32f10x_tim.o(i.TIM_UpdateRequestConfig), (20 bytes).
    Removing stm32f10x_usart.o(i.USART_ClearFlag), (6 bytes).
    Removing stm32f10x_usart.o(i.USART_ClearITPendingBit), (12 bytes).
    Removing stm32f10x_usart.o(i.USART_ClockInit), (30 bytes).
    Removing stm32f10x_usart.o(i.USART_ClockStructInit), (12 bytes).
    Removing stm32f10x_usart.o(i.USART_GetITStatus), (62 bytes).
    Removing stm32f10x_usart.o(i.USART_HalfDuplexCmd), (20 bytes).
    Removing stm32f10x_usart.o(i.USART_IrDACmd), (20 bytes).
    Removing stm32f10x_usart.o(i.USART_IrDAConfig), (16 bytes).
    Removing stm32f10x_usart.o(i.USART_LINBreakDetectLengthConfig), (16 bytes).
    Removing stm32f10x_usart.o(i.USART_LINCmd), (20 bytes).
    Removing stm32f10x_usart.o(i.USART_OneBitMethodCmd), (20 bytes).
    Removing stm32f10x_usart.o(i.USART_OverSampling8Cmd), (20 bytes).
    Removing stm32f10x_usart.o(i.USART_ReceiveData), (8 bytes).
    Removing stm32f10x_usart.o(i.USART_ReceiverWakeUpCmd), (20 bytes).
    Removing stm32f10x_usart.o(i.USART_SendBreak), (10 bytes).
    Removing stm32f10x_usart.o(i.USART_SetAddress), (16 bytes).
    Removing stm32f10x_usart.o(i.USART_SetGuardTime), (16 bytes).
    Removing stm32f10x_usart.o(i.USART_SetPrescaler), (16 bytes).
    Removing stm32f10x_usart.o(i.USART_SmartCardCmd), (20 bytes).
    Removing stm32f10x_usart.o(i.USART_SmartCardNACKCmd), (20 bytes).
    Removing stm32f10x_usart.o(i.USART_StructInit), (22 bytes).
    Removing stm32f10x_usart.o(i.USART_WakeUpConfig), (16 bytes).
    Removing stm32f10x_wwdg.o(i.WWDG_ClearFlag), (12 bytes).
    Removing stm32f10x_wwdg.o(i.WWDG_DeInit), (24 bytes).
    Removing stm32f10x_wwdg.o(i.WWDG_Enable), (16 bytes).
    Removing stm32f10x_wwdg.o(i.WWDG_EnableIT), (16 bytes).
    Removing stm32f10x_wwdg.o(i.WWDG_GetFlagStatus), (12 bytes).
    Removing stm32f10x_wwdg.o(i.WWDG_SetCounter), (16 bytes).
    Removing stm32f10x_wwdg.o(i.WWDG_SetPrescaler), (20 bytes).
    Removing stm32f10x_wwdg.o(i.WWDG_SetWindowValue), (28 bytes).
    Removing can.o(.data), (1 bytes).
    Removing debug_uart.o(i.USARTX_SendArray), (56 bytes).
    Removing gpio.o(i.GPIO_Read_Input), (4 bytes).
    Removing gpio.o(i.GPIO_Set_Output), (10 bytes).
    Removing flash.o(i.Byte_Write), (12 bytes).
    Removing flash.o(i.STMFLASH_ReadHalfWord), (4 bytes).
    Removing iap.o(i.Peripheral_Deinit), (140 bytes).
    Removing iap.o(i.Read_Deliver_Addr), (20 bytes).
    Removing ws2812.o(i.delay), (16 bytes).
    Removing sys.o(i.INTX_DISABLE), (4 bytes).
    Removing sys.o(i.INTX_ENABLE), (4 bytes).
    Removing sys.o(i.WFI_SET), (4 bytes).
    Removing segger_rtt.o(i.SEGGER_RTT_AllocDownBuffer), (108 bytes).
    Removing segger_rtt.o(i.SEGGER_RTT_AllocUpBuffer), (108 bytes).
    Removing segger_rtt.o(i.SEGGER_RTT_ConfigDownBuffer), (96 bytes).
    Removing segger_rtt.o(i.SEGGER_RTT_ConfigUpBuffer), (96 bytes).
    Removing segger_rtt.o(i.SEGGER_RTT_GetAvailWriteSpace), (20 bytes).
    Removing segger_rtt.o(i.SEGGER_RTT_GetBytesInBuffer), (36 bytes).
    Removing segger_rtt.o(i.SEGGER_RTT_GetKey), (28 bytes).
    Removing segger_rtt.o(i.SEGGER_RTT_HasData), (24 bytes).
    Removing segger_rtt.o(i.SEGGER_RTT_HasDataUp), (24 bytes).
    Removing segger_rtt.o(i.SEGGER_RTT_HasKey), (36 bytes).
    Removing segger_rtt.o(i.SEGGER_RTT_Init), (4 bytes).
    Removing segger_rtt.o(i.SEGGER_RTT_PutChar), (96 bytes).
    Removing segger_rtt.o(i.SEGGER_RTT_PutCharSkip), (84 bytes).
    Removing segger_rtt.o(i.SEGGER_RTT_PutCharSkipNoLock), (52 bytes).
    Removing segger_rtt.o(i.SEGGER_RTT_Read), (24 bytes).
    Removing segger_rtt.o(i.SEGGER_RTT_ReadNoLock), (124 bytes).
    Removing segger_rtt.o(i.SEGGER_RTT_ReadUpBuffer), (24 bytes).
    Removing segger_rtt.o(i.SEGGER_RTT_ReadUpBufferNoLock), (128 bytes).
    Removing segger_rtt.o(i.SEGGER_RTT_SetFlagsDownBuffer), (64 bytes).
    Removing segger_rtt.o(i.SEGGER_RTT_SetFlagsUpBuffer), (64 bytes).
    Removing segger_rtt.o(i.SEGGER_RTT_SetNameDownBuffer), (64 bytes).
    Removing segger_rtt.o(i.SEGGER_RTT_SetNameUpBuffer), (64 bytes).
    Removing segger_rtt.o(i.SEGGER_RTT_SetTerminal), (144 bytes).
    Removing segger_rtt.o(i.SEGGER_RTT_TerminalOut), (176 bytes).
    Removing segger_rtt.o(i.SEGGER_RTT_WaitKey), (12 bytes).
    Removing segger_rtt.o(i.SEGGER_RTT_WriteDownBuffer), (56 bytes).
    Removing segger_rtt.o(i.SEGGER_RTT_WriteDownBufferNoLock), (92 bytes).
    Removing segger_rtt.o(i.SEGGER_RTT_WriteSkipNoLock), (116 bytes).
    Removing segger_rtt.o(i.SEGGER_RTT_WriteString), (26 bytes).
    Removing segger_rtt.o(i.SEGGER_RTT_WriteWithOverwriteNoLock), (148 bytes).
    Removing segger_rtt.o(i._PostTerminalSwitch), (32 bytes).
    Removing segger_rtt.o(.data), (1 bytes).
    Removing dadd.o(.text), (334 bytes).
    Removing dmul.o(.text), (228 bytes).
    Removing ddiv.o(.text), (222 bytes).
    Removing dfixul.o(.text), (48 bytes).
    Removing cdrcmple.o(.text), (48 bytes).
    Removing depilogue.o(.text), (186 bytes).

466 unused section(s) (total 15990 bytes) removed from the image.

==============================================================================

Image Symbol Table

    Local Symbols

    Symbol Name                              Value     Ov Type        Size  Object(Section)

    ../clib/microlib/division.c              0x00000000   Number         0  uldiv.o ABSOLUTE
    ../clib/microlib/division.c              0x00000000   Number         0  uidiv.o ABSOLUTE
    ../clib/microlib/init/entry.s            0x00000000   Number         0  entry7b.o ABSOLUTE
    ../clib/microlib/init/entry.s            0x00000000   Number         0  entry11b.o ABSOLUTE
    ../clib/microlib/init/entry.s            0x00000000   Number         0  entry9a.o ABSOLUTE
    ../clib/microlib/init/entry.s            0x00000000   Number         0  entry7a.o ABSOLUTE
    ../clib/microlib/init/entry.s            0x00000000   Number         0  entry.o ABSOLUTE
    ../clib/microlib/init/entry.s            0x00000000   Number         0  entry8a.o ABSOLUTE
    ../clib/microlib/init/entry.s            0x00000000   Number         0  entry11a.o ABSOLUTE
    ../clib/microlib/init/entry.s            0x00000000   Number         0  entry8b.o ABSOLUTE
    ../clib/microlib/init/entry.s            0x00000000   Number         0  entry9b.o ABSOLUTE
    ../clib/microlib/init/entry.s            0x00000000   Number         0  entry10b.o ABSOLUTE
    ../clib/microlib/init/entry.s            0x00000000   Number         0  entry2.o ABSOLUTE
    ../clib/microlib/init/entry.s            0x00000000   Number         0  entry10a.o ABSOLUTE
    ../clib/microlib/init/entry.s            0x00000000   Number         0  entry5.o ABSOLUTE
    ../clib/microlib/longlong.c              0x00000000   Number         0  llushr.o ABSOLUTE
    ../clib/microlib/longlong.c              0x00000000   Number         0  llshl.o ABSOLUTE
    ../clib/microlib/longlong.c              0x00000000   Number         0  llsshr.o ABSOLUTE
    ../clib/microlib/printf/printf.c         0x00000000   Number         0  printf2.o ABSOLUTE
    ../clib/microlib/printf/printf.c         0x00000000   Number         0  printf7.o ABSOLUTE
    ../clib/microlib/printf/printf.c         0x00000000   Number         0  printf8.o ABSOLUTE
    ../clib/microlib/printf/printf.c         0x00000000   Number         0  printfb.o ABSOLUTE
    ../clib/microlib/printf/printf.c         0x00000000   Number         0  printf6.o ABSOLUTE
    ../clib/microlib/printf/printf.c         0x00000000   Number         0  printf5.o ABSOLUTE
    ../clib/microlib/printf/printf.c         0x00000000   Number         0  printf4.o ABSOLUTE
    ../clib/microlib/printf/printf.c         0x00000000   Number         0  printf3.o ABSOLUTE
    ../clib/microlib/printf/printf.c         0x00000000   Number         0  printfa.o ABSOLUTE
    ../clib/microlib/printf/printf.c         0x00000000   Number         0  printf0.o ABSOLUTE
    ../clib/microlib/printf/printf.c         0x00000000   Number         0  printf1.o ABSOLUTE
    ../clib/microlib/stdio/streams.c         0x00000000   Number         0  stdout.o ABSOLUTE
    ../clib/microlib/string/memcpy.c         0x00000000   Number         0  memcpya.o ABSOLUTE
    ../clib/microlib/string/memcpy.c         0x00000000   Number         0  memcpyb.o ABSOLUTE
    ../clib/microlib/string/memset.c         0x00000000   Number         0  memseta.o ABSOLUTE
    ../clib/microlib/string/strlen.c         0x00000000   Number         0  strlen.o ABSOLUTE
    ../clib/microlib/stubs.s                 0x00000000   Number         0  iusefp.o ABSOLUTE
    ../fplib/microlib/fpadd.c                0x00000000   Number         0  dadd.o ABSOLUTE
    ../fplib/microlib/fpdiv.c                0x00000000   Number         0  ddiv.o ABSOLUTE
    ../fplib/microlib/fpepilogue.c           0x00000000   Number         0  depilogue.o ABSOLUTE
    ../fplib/microlib/fpfix.c                0x00000000   Number         0  dfixul.o ABSOLUTE
    ../fplib/microlib/fpmul.c                0x00000000   Number         0  dmul.o ABSOLUTE
    Hardware\CAN.c                           0x00000000   Number         0  can.o ABSOLUTE
    Hardware\DEBUG_UART.c                    0x00000000   Number         0  debug_uart.o ABSOLUTE
    Hardware\FLASH.c                         0x00000000   Number         0  flash.o ABSOLUTE
    Hardware\GPIO.c                          0x00000000   Number         0  gpio.o ABSOLUTE
    Hardware\IAP.c                           0x00000000   Number         0  iap.o ABSOLUTE
    Hardware\TIM.c                           0x00000000   Number         0  tim.o ABSOLUTE
    Hardware\UART.c                          0x00000000   Number         0  uart.o ABSOLUTE
    Hardware\WS2812.c                        0x00000000   Number         0  ws2812.o ABSOLUTE
    Library\misc.c                           0x00000000   Number         0  misc.o ABSOLUTE
    Library\stm32f10x_adc.c                  0x00000000   Number         0  stm32f10x_adc.o ABSOLUTE
    Library\stm32f10x_bkp.c                  0x00000000   Number         0  stm32f10x_bkp.o ABSOLUTE
    Library\stm32f10x_can.c                  0x00000000   Number         0  stm32f10x_can.o ABSOLUTE
    Library\stm32f10x_cec.c                  0x00000000   Number         0  stm32f10x_cec.o ABSOLUTE
    Library\stm32f10x_crc.c                  0x00000000   Number         0  stm32f10x_crc.o ABSOLUTE
    Library\stm32f10x_dac.c                  0x00000000   Number         0  stm32f10x_dac.o ABSOLUTE
    Library\stm32f10x_dbgmcu.c               0x00000000   Number         0  stm32f10x_dbgmcu.o ABSOLUTE
    Library\stm32f10x_dma.c                  0x00000000   Number         0  stm32f10x_dma.o ABSOLUTE
    Library\stm32f10x_exti.c                 0x00000000   Number         0  stm32f10x_exti.o ABSOLUTE
    Library\stm32f10x_flash.c                0x00000000   Number         0  stm32f10x_flash.o ABSOLUTE
    Library\stm32f10x_fsmc.c                 0x00000000   Number         0  stm32f10x_fsmc.o ABSOLUTE
    Library\stm32f10x_gpio.c                 0x00000000   Number         0  stm32f10x_gpio.o ABSOLUTE
    Library\stm32f10x_i2c.c                  0x00000000   Number         0  stm32f10x_i2c.o ABSOLUTE
    Library\stm32f10x_iwdg.c                 0x00000000   Number         0  stm32f10x_iwdg.o ABSOLUTE
    Library\stm32f10x_pwr.c                  0x00000000   Number         0  stm32f10x_pwr.o ABSOLUTE
    Library\stm32f10x_rcc.c                  0x00000000   Number         0  stm32f10x_rcc.o ABSOLUTE
    Library\stm32f10x_rtc.c                  0x00000000   Number         0  stm32f10x_rtc.o ABSOLUTE
    Library\stm32f10x_sdio.c                 0x00000000   Number         0  stm32f10x_sdio.o ABSOLUTE
    Library\stm32f10x_spi.c                  0x00000000   Number         0  stm32f10x_spi.o ABSOLUTE
    Library\stm32f10x_tim.c                  0x00000000   Number         0  stm32f10x_tim.o ABSOLUTE
    Library\stm32f10x_usart.c                0x00000000   Number         0  stm32f10x_usart.o ABSOLUTE
    Library\stm32f10x_wwdg.c                 0x00000000   Number         0  stm32f10x_wwdg.o ABSOLUTE
    RTT\Src\SEGGER_RTT.c                     0x00000000   Number         0  segger_rtt.o ABSOLUTE
    RTT\Src\SEGGER_RTT_printf.c              0x00000000   Number         0  segger_rtt_printf.o ABSOLUTE
    Start\\core_cm3.c                        0x00000000   Number         0  core_cm3.o ABSOLUTE
    Start\core_cm3.c                         0x00000000   Number         0  core_cm3.o ABSOLUTE
    Start\startup_stm32f10x_md.s             0x00000000   Number         0  startup_stm32f10x_md.o ABSOLUTE
    Start\system_stm32f10x.c                 0x00000000   Number         0  system_stm32f10x.o ABSOLUTE
    System\SYS.c                             0x00000000   Number         0  sys.o ABSOLUTE
    System\\SYS.c                            0x00000000   Number         0  sys.o ABSOLUTE
    User\main.c                              0x00000000   Number         0  main.o ABSOLUTE
    User\stm32f10x_it.c                      0x00000000   Number         0  stm32f10x_it.o ABSOLUTE
    cdrcmple.s                               0x00000000   Number         0  cdrcmple.o ABSOLUTE
    dc.s                                     0x00000000   Number         0  dc.o ABSOLUTE
    handlers.s                               0x00000000   Number         0  handlers.o ABSOLUTE
    init.s                                   0x00000000   Number         0  init.o ABSOLUTE
    RESET                                    0x08003000   Section      236  startup_stm32f10x_md.o(RESET)
    .ARM.Collect$$$$00000000                 0x080030ec   Section        0  entry.o(.ARM.Collect$$$$00000000)
    .ARM.Collect$$$$00000001                 0x080030ec   Section        4  entry2.o(.ARM.Collect$$$$00000001)
    .ARM.Collect$$$$00000004                 0x080030f0   Section        4  entry5.o(.ARM.Collect$$$$00000004)
    .ARM.Collect$$$$00000008                 0x080030f4   Section        0  entry7b.o(.ARM.Collect$$$$00000008)
    .ARM.Collect$$$$0000000A                 0x080030f4   Section        0  entry8b.o(.ARM.Collect$$$$0000000A)
    .ARM.Collect$$$$0000000B                 0x080030f4   Section        8  entry9a.o(.ARM.Collect$$$$0000000B)
    .ARM.Collect$$$$0000000D                 0x080030fc   Section        0  entry10a.o(.ARM.Collect$$$$0000000D)
    .ARM.Collect$$$$0000000F                 0x080030fc   Section        0  entry11a.o(.ARM.Collect$$$$0000000F)
    .ARM.Collect$$$$00002712                 0x080030fc   Section        4  entry2.o(.ARM.Collect$$$$00002712)
    __lit__00000000                          0x080030fc   Data           4  entry2.o(.ARM.Collect$$$$00002712)
    .emb_text                                0x08003100   Section        6  sys.o(.emb_text)
    .text                                    0x08003108   Section       36  startup_stm32f10x_md.o(.text)
    .text                                    0x0800312c   Section        0  memcpya.o(.text)
    .text                                    0x08003150   Section        0  memseta.o(.text)
    .text                                    0x08003174   Section       36  init.o(.text)
    i.BusFault_Handler                       0x08003198   Section        0  stm32f10x_it.o(i.BusFault_Handler)
    i.CAN_ClearITPendingBit                  0x0800319c   Section        0  stm32f10x_can.o(i.CAN_ClearITPendingBit)
    i.CAN_FilterInit                         0x08003214   Section        0  stm32f10x_can.o(i.CAN_FilterInit)
    i.CAN_Filter_Config                      0x080032e0   Section        0  can.o(i.CAN_Filter_Config)
    i.CAN_GPIO_Init                          0x08003324   Section        0  can.o(i.CAN_GPIO_Init)
    i.CAN_ITConfig                           0x08003380   Section        0  stm32f10x_can.o(i.CAN_ITConfig)
    i.CAN_Init                               0x08003390   Section        0  stm32f10x_can.o(i.CAN_Init)
    i.CAN_Mode_Init                          0x08003478   Section        0  can.o(i.CAN_Mode_Init)
    i.CAN_NVIC_Init                          0x080034c8   Section        0  can.o(i.CAN_NVIC_Init)
    i.CAN_ReadBufferReset                    0x080034f4   Section        0  can.o(i.CAN_ReadBufferReset)
    i.CAN_Receive                            0x08003520   Section        0  stm32f10x_can.o(i.CAN_Receive)
    i.CAN_SetMsg                             0x080035ae   Section        0  can.o(i.CAN_SetMsg)
    i.CAN_Start                              0x080035cc   Section        0  can.o(i.CAN_Start)
    i.CAN_Transmit                           0x080035e2   Section        0  stm32f10x_can.o(i.CAN_Transmit)
    i.DEBUG_USART_Init                       0x08003688   Section        0  debug_uart.o(i.DEBUG_USART_Init)
    i.DEBUG_USART_ModeConfig                 0x080036a4   Section        0  debug_uart.o(i.DEBUG_USART_ModeConfig)
    i.DEBUG_USART_PinConfig                  0x080036f8   Section        0  debug_uart.o(i.DEBUG_USART_PinConfig)
    i.DMA_ClearFlag                          0x08003728   Section        0  stm32f10x_dma.o(i.DMA_ClearFlag)
    i.DMA_Cmd                                0x08003740   Section        0  stm32f10x_dma.o(i.DMA_Cmd)
    i.DMA_Config                             0x08003758   Section        0  uart.o(i.DMA_Config)
    i.DMA_DeInit                             0x08003804   Section        0  stm32f10x_dma.o(i.DMA_DeInit)
    i.DMA_GetCurrDataCounter                 0x080038e8   Section        0  stm32f10x_dma.o(i.DMA_GetCurrDataCounter)
    i.DMA_GetFlagStatus                      0x080038f0   Section        0  stm32f10x_dma.o(i.DMA_GetFlagStatus)
    i.DMA_ITConfig                           0x08003910   Section        0  stm32f10x_dma.o(i.DMA_ITConfig)
    i.DMA_Init                               0x08003920   Section        0  stm32f10x_dma.o(i.DMA_Init)
    i.DMA_SetCurrDataCounter                 0x0800395a   Section        0  stm32f10x_dma.o(i.DMA_SetCurrDataCounter)
    i.DebugMon_Handler                       0x0800395e   Section        0  stm32f10x_it.o(i.DebugMon_Handler)
    i.Default_Error_Return                   0x08003960   Section        0  can.o(i.Default_Error_Return)
    i.Default_Return                         0x08003990   Section        0  can.o(i.Default_Return)
    i.EXTI15_10_IRQHandler                   0x080039c8   Section        0  gpio.o(i.EXTI15_10_IRQHandler)
    i.EXTI1_IRQHandler                       0x08003a30   Section        0  gpio.o(i.EXTI1_IRQHandler)
    i.EXTI_ClearITPendingBit                 0x08003a94   Section        0  stm32f10x_exti.o(i.EXTI_ClearITPendingBit)
    i.EXTI_GetITStatus                       0x08003aa0   Section        0  stm32f10x_exti.o(i.EXTI_GetITStatus)
    i.EXTI_Init                              0x08003ac0   Section        0  stm32f10x_exti.o(i.EXTI_Init)
    i.EXTI_Mode_Config                       0x08003b30   Section        0  gpio.o(i.EXTI_Mode_Config)
    i.EXTI_NVIC_Config                       0x08003b6c   Section        0  gpio.o(i.EXTI_NVIC_Config)
    i.EXTI_PB1_PB11_Start                    0x08003b9a   Section        0  gpio.o(i.EXTI_PB1_PB11_Start)
    i.FLASH_ErasePage                        0x08003bb0   Section        0  stm32f10x_flash.o(i.FLASH_ErasePage)
    i.FLASH_GetBank1Status                   0x08003bec   Section        0  stm32f10x_flash.o(i.FLASH_GetBank1Status)
    i.FLASH_Lock                             0x08003c14   Section        0  stm32f10x_flash.o(i.FLASH_Lock)
    i.FLASH_ProgramHalfWord                  0x08003c24   Section        0  stm32f10x_flash.o(i.FLASH_ProgramHalfWord)
    i.FLASH_Unlock                           0x08003c58   Section        0  stm32f10x_flash.o(i.FLASH_Unlock)
    i.FLASH_WaitForLastOperation             0x08003c70   Section        0  stm32f10x_flash.o(i.FLASH_WaitForLastOperation)
    i.Flash_FirmWare                         0x08003c94   Section        0  iap.o(i.Flash_FirmWare)
    i.GPIO_EXTILineConfig                    0x08003cd4   Section        0  stm32f10x_gpio.o(i.GPIO_EXTILineConfig)
    i.GPIO_Init                              0x08003cfc   Section        0  stm32f10x_gpio.o(i.GPIO_Init)
    i.GPIO_Init_Input                        0x08003d98   Section        0  gpio.o(i.GPIO_Init_Input)
    i.GPIO_Init_Output                       0x08003de4   Section        0  gpio.o(i.GPIO_Init_Output)
    i.GPIO_PinRemapConfig                    0x08003e50   Section        0  stm32f10x_gpio.o(i.GPIO_PinRemapConfig)
    i.GPIO_ReadInputDataBit                  0x08003ea8   Section        0  stm32f10x_gpio.o(i.GPIO_ReadInputDataBit)
    i.GPIO_ResetBits                         0x08003eb6   Section        0  stm32f10x_gpio.o(i.GPIO_ResetBits)
    i.GPIO_SetBits                           0x08003eba   Section        0  stm32f10x_gpio.o(i.GPIO_SetBits)
    i.GPIO_WriteBit                          0x08003ebe   Section        0  stm32f10x_gpio.o(i.GPIO_WriteBit)
    i.Handle_Data                            0x08003ec8   Section        0  can.o(i.Handle_Data)
    i.HardFault_Handler                      0x08003f80   Section        0  stm32f10x_it.o(i.HardFault_Handler)
    i.IWDG_Enable                            0x08003f84   Section        0  stm32f10x_iwdg.o(i.IWDG_Enable)
    i.IWDG_ReloadCounter                     0x08003f94   Section        0  stm32f10x_iwdg.o(i.IWDG_ReloadCounter)
    i.IWDG_SetPrescaler                      0x08003fa4   Section        0  stm32f10x_iwdg.o(i.IWDG_SetPrescaler)
    i.IWDG_SetReload                         0x08003fb0   Section        0  stm32f10x_iwdg.o(i.IWDG_SetReload)
    i.IWDG_WriteAccessCmd                    0x08003fbc   Section        0  stm32f10x_iwdg.o(i.IWDG_WriteAccessCmd)
    i.Init_RxMes                             0x08003fc8   Section        0  can.o(i.Init_RxMes)
    i.Into_Bootloader                        0x08003fe8   Section        0  iap.o(i.Into_Bootloader)
    i.Is_Over_Time                           0x08004010   Section        0  tim.o(i.Is_Over_Time)
    i.Load_App                               0x0800402c   Section        0  iap.o(i.Load_App)
    i.MODBUS_NVIC_Config                     0x0800406c   Section        0  uart.o(i.MODBUS_NVIC_Config)
    i.MODBUS_Send_Data                       0x08004090   Section        0  uart.o(i.MODBUS_Send_Data)
    i.MODBUS_USART_Init                      0x080040d8   Section        0  uart.o(i.MODBUS_USART_Init)
    i.MODBUS_USART_ModeConfig                0x080040fc   Section        0  uart.o(i.MODBUS_USART_ModeConfig)
    i.MODBUS_USART_PinConfig                 0x08004160   Section        0  uart.o(i.MODBUS_USART_PinConfig)
    i.MemManage_Handler                      0x080041a4   Section        0  stm32f10x_it.o(i.MemManage_Handler)
    i.NMI_Handler                            0x080041a6   Section        0  stm32f10x_it.o(i.NMI_Handler)
    i.NVIC_Init                              0x080041a8   Section        0  misc.o(i.NVIC_Init)
    i.NVIC_PriorityGroupConfig               0x0800420c   Section        0  misc.o(i.NVIC_PriorityGroupConfig)
    i.One                                    0x08004220   Section        0  ws2812.o(i.One)
    i.PendSV_Handler                         0x08004270   Section        0  stm32f10x_it.o(i.PendSV_Handler)
    i.RCC_AHBPeriphClockCmd                  0x08004274   Section        0  stm32f10x_rcc.o(i.RCC_AHBPeriphClockCmd)
    i.RCC_APB1PeriphClockCmd                 0x0800428c   Section        0  stm32f10x_rcc.o(i.RCC_APB1PeriphClockCmd)
    i.RCC_APB1PeriphResetCmd                 0x080042a4   Section        0  stm32f10x_rcc.o(i.RCC_APB1PeriphResetCmd)
    i.RCC_APB2PeriphClockCmd                 0x080042bc   Section        0  stm32f10x_rcc.o(i.RCC_APB2PeriphClockCmd)
    i.RCC_APB2PeriphResetCmd                 0x080042d4   Section        0  stm32f10x_rcc.o(i.RCC_APB2PeriphResetCmd)
    i.RCC_DeInit                             0x080042ec   Section        0  stm32f10x_rcc.o(i.RCC_DeInit)
    i.RCC_GetClocksFreq                      0x0800432c   Section        0  stm32f10x_rcc.o(i.RCC_GetClocksFreq)
    i.Reset                                  0x080043c0   Section        0  ws2812.o(i.Reset)
    i.SEGGER_RTT_Write                       0x080043d8   Section        0  segger_rtt.o(i.SEGGER_RTT_Write)
    i.SEGGER_RTT_WriteNoLock                 0x08004410   Section        0  segger_rtt.o(i.SEGGER_RTT_WriteNoLock)
    i.SEGGER_RTT_printf                      0x0800446c   Section        0  segger_rtt_printf.o(i.SEGGER_RTT_printf)
    i.SEGGER_RTT_vprintf                     0x08004484   Section        0  segger_rtt_printf.o(i.SEGGER_RTT_vprintf)
    i.STMFLASH_Read                          0x0800464c   Section        0  flash.o(i.STMFLASH_Read)
    i.STMFLASH_Write                         0x08004664   Section        0  flash.o(i.STMFLASH_Write)
    i.STMFLASH_Write_NoCheck                 0x08004724   Section        0  flash.o(i.STMFLASH_Write_NoCheck)
    i.SVC_Handler                            0x0800474a   Section        0  stm32f10x_it.o(i.SVC_Handler)
    i.Select_Cmd                             0x0800474c   Section        0  can.o(i.Select_Cmd)
    i.Send24bit                              0x0800498c   Section        0  ws2812.o(i.Send24bit)
    i.SetSysClockTo72                        0x080049e0   Section        0  system_stm32f10x.o(i.SetSysClockTo72)
    SetSysClockTo72                          0x080049e1   Thumb Code   160  system_stm32f10x.o(i.SetSysClockTo72)
    i.ShowAll_Color                          0x08004a88   Section        0  ws2812.o(i.ShowAll_Color)
    i.ShowAll_RGB                            0x08004ac8   Section        0  ws2812.o(i.ShowAll_RGB)
    i.SysTick_Handler                        0x08004aec   Section        0  stm32f10x_it.o(i.SysTick_Handler)
    i.SystemInit                             0x08004afc   Section        0  system_stm32f10x.o(i.SystemInit)
    i.TIM2_IRQHandler                        0x08004b4c   Section        0  tim.o(i.TIM2_IRQHandler)
    i.TIM2_Init                              0x08004bd4   Section        0  tim.o(i.TIM2_Init)
    i.TIM3_IRQHandler                        0x08004c2c   Section        0  gpio.o(i.TIM3_IRQHandler)
    i.TIM3_Init                              0x08004c60   Section        0  gpio.o(i.TIM3_Init)
    i.TIM_ClearITPendingBit                  0x08004cb8   Section        0  stm32f10x_tim.o(i.TIM_ClearITPendingBit)
    i.TIM_Cmd                                0x08004cbe   Section        0  stm32f10x_tim.o(i.TIM_Cmd)
    i.TIM_GetITStatus                        0x08004cd2   Section        0  stm32f10x_tim.o(i.TIM_GetITStatus)
    i.TIM_ITConfig                           0x08004cea   Section        0  stm32f10x_tim.o(i.TIM_ITConfig)
    i.TIM_SetCounter                         0x08004cfa   Section        0  stm32f10x_tim.o(i.TIM_SetCounter)
    i.TIM_TimeBaseInit                       0x08004d00   Section        0  stm32f10x_tim.o(i.TIM_TimeBaseInit)
    i.UART1_Send_Data_DMA                    0x08004d9c   Section        0  uart.o(i.UART1_Send_Data_DMA)
    i.UART1_To_CAN1                          0x08004e04   Section        0  uart.o(i.UART1_To_CAN1)
    i.USART1_IRQHandler                      0x08004ef0   Section        0  uart.o(i.USART1_IRQHandler)
    i.USART_Cmd                              0x08004f8c   Section        0  stm32f10x_usart.o(i.USART_Cmd)
    i.USART_DMACmd                           0x08004fa0   Section        0  stm32f10x_usart.o(i.USART_DMACmd)
    i.USART_DeInit                           0x08004fb0   Section        0  stm32f10x_usart.o(i.USART_DeInit)
    i.USART_GetFlagStatus                    0x08005024   Section        0  stm32f10x_usart.o(i.USART_GetFlagStatus)
    i.USART_ITConfig                         0x08005032   Section        0  stm32f10x_usart.o(i.USART_ITConfig)
    i.USART_Init                             0x08005064   Section        0  stm32f10x_usart.o(i.USART_Init)
    i.USART_SendData                         0x08005110   Section        0  stm32f10x_usart.o(i.USART_SendData)
    i.USB_LP_CAN1_RX0_IRQHandler             0x08005118   Section        0  can.o(i.USB_LP_CAN1_RX0_IRQHandler)
    i.USER_IAP                               0x080051b8   Section        0  iap.o(i.USER_IAP)
    i.UsageFault_Handler                     0x08005254   Section        0  stm32f10x_it.o(i.UsageFault_Handler)
    i.Write_Deliver_Addr                     0x08005258   Section        0  iap.o(i.Write_Deliver_Addr)
    i.Zero                                   0x08005274   Section        0  ws2812.o(i.Zero)
    i._DoInit                                0x080052c4   Section        0  segger_rtt.o(i._DoInit)
    _DoInit                                  0x080052c5   Thumb Code    80  segger_rtt.o(i._DoInit)
    i._GetAvailWriteSpace                    0x08005328   Section        0  segger_rtt.o(i._GetAvailWriteSpace)
    _GetAvailWriteSpace                      0x08005329   Thumb Code    22  segger_rtt.o(i._GetAvailWriteSpace)
    i._PrintInt                              0x0800533e   Section        0  segger_rtt_printf.o(i._PrintInt)
    _PrintInt                                0x0800533f   Thumb Code   196  segger_rtt_printf.o(i._PrintInt)
    i._PrintUnsigned                         0x08005404   Section        0  segger_rtt_printf.o(i._PrintUnsigned)
    _PrintUnsigned                           0x08005405   Thumb Code   200  segger_rtt_printf.o(i._PrintUnsigned)
    i._StoreChar                             0x080054d0   Section        0  segger_rtt_printf.o(i._StoreChar)
    _StoreChar                               0x080054d1   Thumb Code    62  segger_rtt_printf.o(i._StoreChar)
    i._WriteBlocking                         0x0800550e   Section        0  segger_rtt.o(i._WriteBlocking)
    _WriteBlocking                           0x0800550f   Thumb Code    90  segger_rtt.o(i._WriteBlocking)
    i._WriteNoCheck                          0x08005568   Section        0  segger_rtt.o(i._WriteNoCheck)
    _WriteNoCheck                            0x08005569   Thumb Code    66  segger_rtt.o(i._WriteNoCheck)
    i.__0printf$bare                         0x080055ac   Section        0  printfb.o(i.__0printf$bare)
    i.__scatterload_copy                     0x080055bc   Section       14  handlers.o(i.__scatterload_copy)
    i.__scatterload_null                     0x080055ca   Section        2  handlers.o(i.__scatterload_null)
    i.__scatterload_zeroinit                 0x080055cc   Section       14  handlers.o(i.__scatterload_zeroinit)
    i._printf_core                           0x080055da   Section        0  printfb.o(i._printf_core)
    _printf_core                             0x080055db   Thumb Code    34  printfb.o(i._printf_core)
    i.fputc                                  0x080055fc   Section        0  debug_uart.o(i.fputc)
    i.iap_load_app                           0x08005620   Section        0  iap.o(i.iap_load_app)
    i.iap_write_appbin                       0x08005690   Section        0  iap.o(i.iap_write_appbin)
    i.main                                   0x080056f0   Section        0  main.o(i.main)
    .constdata                               0x080057f8   Section       33  segger_rtt.o(.constdata)
    _aTerminalId                             0x080057f8   Data          16  segger_rtt.o(.constdata)
    _aInitStr                                0x08005808   Data          17  segger_rtt.o(.constdata)
    .constdata                               0x08005819   Section       16  segger_rtt_printf.o(.constdata)
    _aV2C                                    0x08005819   Data          16  segger_rtt_printf.o(.constdata)
    .data                                    0x20000000   Section       20  system_stm32f10x.o(.data)
    .data                                    0x20000014   Section       20  stm32f10x_rcc.o(.data)
    ADCPrescTable                            0x20000014   Data           4  stm32f10x_rcc.o(.data)
    APBAHBPrescTable                         0x20000018   Data          16  stm32f10x_rcc.o(.data)
    .data                                    0x20000028   Section        8  main.o(.data)
    .data                                    0x20000030   Section       20  can.o(.data)
    .data                                    0x20000044   Section        1  can.o(.data)
    .data                                    0x20000045   Section        1  uart.o(.data)
    .data                                    0x20000046   Section        2  gpio.o(.data)
    .data                                    0x20000048   Section       16  iap.o(.data)
    .data                                    0x20000058   Section        4  tim.o(.data)
    .data                                    0x2000005c   Section        4  stdout.o(.data)
    .bss                                     0x20000060   Section      104  can.o(.bss)
    .bss                                     0x200000c8   Section       64  can.o(.bss)
    .bss                                     0x20000108   Section     1024  flash.o(.bss)
    .bss                                     0x20000508   Section     1024  iap.o(.bss)
    .bss                                     0x20000908   Section     1208  segger_rtt.o(.bss)
    _acUpBuffer                              0x200009b0   Data        1024  segger_rtt.o(.bss)
    _acDownBuffer                            0x20000db0   Data          16  segger_rtt.o(.bss)
    STACK                                    0x20000dc0   Section     1024  startup_stm32f10x_md.o(STACK)
    .ARM.__AT_0x20002000                     0x20002000   Section     1024  iap.o(.ARM.__AT_0x20002000)

    Global Symbols

    Symbol Name                              Value     Ov Type        Size  Object(Section)

    BuildAttributes$$THM_ISAv4$P$D$K$B$S$PE$A:L22UL41UL21$X:L11$S22US41US21$IEEE1$IW$USESV6$~STKCKD$USESV7$~SHL$OSPACE$ROPI$EBA8$MICROLIB$REQ8$PRES8$EABIv2 0x00000000   Number         0  anon$$obj.o ABSOLUTE
    __ARM_use_no_argv                        0x00000000   Number         0  main.o ABSOLUTE
    __cpp_initialize__aeabi_                  - Undefined Weak Reference
    __cxa_finalize                            - Undefined Weak Reference
    __decompress                              - Undefined Weak Reference
    _clock_init                               - Undefined Weak Reference
    _microlib_exit                            - Undefined Weak Reference
    __Vectors_Size                           0x000000ec   Number         0  startup_stm32f10x_md.o ABSOLUTE
    __Vectors                                0x08003000   Data           4  startup_stm32f10x_md.o(RESET)
    __Vectors_End                            0x080030ec   Data           0  startup_stm32f10x_md.o(RESET)
    __main                                   0x080030ed   Thumb Code     0  entry.o(.ARM.Collect$$$$00000000)
    _main_stk                                0x080030ed   Thumb Code     0  entry2.o(.ARM.Collect$$$$00000001)
    _main_scatterload                        0x080030f1   Thumb Code     0  entry5.o(.ARM.Collect$$$$00000004)
    __main_after_scatterload                 0x080030f5   Thumb Code     0  entry5.o(.ARM.Collect$$$$00000004)
    _main_clock                              0x080030f5   Thumb Code     0  entry7b.o(.ARM.Collect$$$$00000008)
    _main_cpp_init                           0x080030f5   Thumb Code     0  entry8b.o(.ARM.Collect$$$$0000000A)
    _main_init                               0x080030f5   Thumb Code     0  entry9a.o(.ARM.Collect$$$$0000000B)
    __rt_final_cpp                           0x080030fd   Thumb Code     0  entry10a.o(.ARM.Collect$$$$0000000D)
    __rt_final_exit                          0x080030fd   Thumb Code     0  entry11a.o(.ARM.Collect$$$$0000000F)
    MSR_MSP                                  0x08003101   Thumb Code     6  sys.o(.emb_text)
    Reset_Handler                            0x08003109   Thumb Code     8  startup_stm32f10x_md.o(.text)
    ADC1_2_IRQHandler                        0x08003123   Thumb Code     0  startup_stm32f10x_md.o(.text)
    CAN1_RX1_IRQHandler                      0x08003123   Thumb Code     0  startup_stm32f10x_md.o(.text)
    CAN1_SCE_IRQHandler                      0x08003123   Thumb Code     0  startup_stm32f10x_md.o(.text)
    DMA1_Channel1_IRQHandler                 0x08003123   Thumb Code     0  startup_stm32f10x_md.o(.text)
    DMA1_Channel2_IRQHandler                 0x08003123   Thumb Code     0  startup_stm32f10x_md.o(.text)
    DMA1_Channel3_IRQHandler                 0x08003123   Thumb Code     0  startup_stm32f10x_md.o(.text)
    DMA1_Channel4_IRQHandler                 0x08003123   Thumb Code     0  startup_stm32f10x_md.o(.text)
    DMA1_Channel5_IRQHandler                 0x08003123   Thumb Code     0  startup_stm32f10x_md.o(.text)
    DMA1_Channel6_IRQHandler                 0x08003123   Thumb Code     0  startup_stm32f10x_md.o(.text)
    DMA1_Channel7_IRQHandler                 0x08003123   Thumb Code     0  startup_stm32f10x_md.o(.text)
    EXTI0_IRQHandler                         0x08003123   Thumb Code     0  startup_stm32f10x_md.o(.text)
    EXTI2_IRQHandler                         0x08003123   Thumb Code     0  startup_stm32f10x_md.o(.text)
    EXTI3_IRQHandler                         0x08003123   Thumb Code     0  startup_stm32f10x_md.o(.text)
    EXTI4_IRQHandler                         0x08003123   Thumb Code     0  startup_stm32f10x_md.o(.text)
    EXTI9_5_IRQHandler                       0x08003123   Thumb Code     0  startup_stm32f10x_md.o(.text)
    FLASH_IRQHandler                         0x08003123   Thumb Code     0  startup_stm32f10x_md.o(.text)
    I2C1_ER_IRQHandler                       0x08003123   Thumb Code     0  startup_stm32f10x_md.o(.text)
    I2C1_EV_IRQHandler                       0x08003123   Thumb Code     0  startup_stm32f10x_md.o(.text)
    I2C2_ER_IRQHandler                       0x08003123   Thumb Code     0  startup_stm32f10x_md.o(.text)
    I2C2_EV_IRQHandler                       0x08003123   Thumb Code     0  startup_stm32f10x_md.o(.text)
    PVD_IRQHandler                           0x08003123   Thumb Code     0  startup_stm32f10x_md.o(.text)
    RCC_IRQHandler                           0x08003123   Thumb Code     0  startup_stm32f10x_md.o(.text)
    RTCAlarm_IRQHandler                      0x08003123   Thumb Code     0  startup_stm32f10x_md.o(.text)
    RTC_IRQHandler                           0x08003123   Thumb Code     0  startup_stm32f10x_md.o(.text)
    SPI1_IRQHandler                          0x08003123   Thumb Code     0  startup_stm32f10x_md.o(.text)
    SPI2_IRQHandler                          0x08003123   Thumb Code     0  startup_stm32f10x_md.o(.text)
    TAMPER_IRQHandler                        0x08003123   Thumb Code     0  startup_stm32f10x_md.o(.text)
    TIM1_BRK_IRQHandler                      0x08003123   Thumb Code     0  startup_stm32f10x_md.o(.text)
    TIM1_CC_IRQHandler                       0x08003123   Thumb Code     0  startup_stm32f10x_md.o(.text)
    TIM1_TRG_COM_IRQHandler                  0x08003123   Thumb Code     0  startup_stm32f10x_md.o(.text)
    TIM1_UP_IRQHandler                       0x08003123   Thumb Code     0  startup_stm32f10x_md.o(.text)
    TIM4_IRQHandler                          0x08003123   Thumb Code     0  startup_stm32f10x_md.o(.text)
    USART2_IRQHandler                        0x08003123   Thumb Code     0  startup_stm32f10x_md.o(.text)
    USART3_IRQHandler                        0x08003123   Thumb Code     0  startup_stm32f10x_md.o(.text)
    USBWakeUp_IRQHandler                     0x08003123   Thumb Code     0  startup_stm32f10x_md.o(.text)
    USB_HP_CAN1_TX_IRQHandler                0x08003123   Thumb Code     0  startup_stm32f10x_md.o(.text)
    WWDG_IRQHandler                          0x08003123   Thumb Code     0  startup_stm32f10x_md.o(.text)
    __aeabi_memcpy                           0x0800312d   Thumb Code    36  memcpya.o(.text)
    __aeabi_memcpy4                          0x0800312d   Thumb Code     0  memcpya.o(.text)
    __aeabi_memcpy8                          0x0800312d   Thumb Code     0  memcpya.o(.text)
    __aeabi_memset                           0x08003151   Thumb Code    14  memseta.o(.text)
    __aeabi_memset4                          0x08003151   Thumb Code     0  memseta.o(.text)
    __aeabi_memset8                          0x08003151   Thumb Code     0  memseta.o(.text)
    __aeabi_memclr                           0x0800315f   Thumb Code     4  memseta.o(.text)
    __aeabi_memclr4                          0x0800315f   Thumb Code     0  memseta.o(.text)
    __aeabi_memclr8                          0x0800315f   Thumb Code     0  memseta.o(.text)
    _memset$wrapper                          0x08003163   Thumb Code    18  memseta.o(.text)
    __scatterload                            0x08003175   Thumb Code    28  init.o(.text)
    __scatterload_rt2                        0x08003175   Thumb Code     0  init.o(.text)
    BusFault_Handler                         0x08003199   Thumb Code     2  stm32f10x_it.o(i.BusFault_Handler)
    CAN_ClearITPendingBit                    0x0800319d   Thumb Code   116  stm32f10x_can.o(i.CAN_ClearITPendingBit)
    CAN_FilterInit                           0x08003215   Thumb Code   194  stm32f10x_can.o(i.CAN_FilterInit)
    CAN_Filter_Config                        0x080032e1   Thumb Code    66  can.o(i.CAN_Filter_Config)
    CAN_GPIO_Init                            0x08003325   Thumb Code    88  can.o(i.CAN_GPIO_Init)
    CAN_ITConfig                             0x08003381   Thumb Code    16  stm32f10x_can.o(i.CAN_ITConfig)
    CAN_Init                                 0x08003391   Thumb Code   232  stm32f10x_can.o(i.CAN_Init)
    CAN_Mode_Init                            0x08003479   Thumb Code    74  can.o(i.CAN_Mode_Init)
    CAN_NVIC_Init                            0x080034c9   Thumb Code    42  can.o(i.CAN_NVIC_Init)
    CAN_ReadBufferReset                      0x080034f5   Thumb Code    36  can.o(i.CAN_ReadBufferReset)
    CAN_Receive                              0x08003521   Thumb Code   142  stm32f10x_can.o(i.CAN_Receive)
    CAN_SetMsg                               0x080035af   Thumb Code    30  can.o(i.CAN_SetMsg)
    CAN_Start                                0x080035cd   Thumb Code    22  can.o(i.CAN_Start)
    CAN_Transmit                             0x080035e3   Thumb Code   164  stm32f10x_can.o(i.CAN_Transmit)
    DEBUG_USART_Init                         0x08003689   Thumb Code    22  debug_uart.o(i.DEBUG_USART_Init)
    DEBUG_USART_ModeConfig                   0x080036a5   Thumb Code    78  debug_uart.o(i.DEBUG_USART_ModeConfig)
    DEBUG_USART_PinConfig                    0x080036f9   Thumb Code    42  debug_uart.o(i.DEBUG_USART_PinConfig)
    DMA_ClearFlag                            0x08003729   Thumb Code    16  stm32f10x_dma.o(i.DMA_ClearFlag)
    DMA_Cmd                                  0x08003741   Thumb Code    22  stm32f10x_dma.o(i.DMA_Cmd)
    DMA_Config                               0x08003759   Thumb Code   156  uart.o(i.DMA_Config)
    DMA_DeInit                               0x08003805   Thumb Code   218  stm32f10x_dma.o(i.DMA_DeInit)
    DMA_GetCurrDataCounter                   0x080038e9   Thumb Code     6  stm32f10x_dma.o(i.DMA_GetCurrDataCounter)
    DMA_GetFlagStatus                        0x080038f1   Thumb Code    24  stm32f10x_dma.o(i.DMA_GetFlagStatus)
    DMA_ITConfig                             0x08003911   Thumb Code    16  stm32f10x_dma.o(i.DMA_ITConfig)
    DMA_Init                                 0x08003921   Thumb Code    58  stm32f10x_dma.o(i.DMA_Init)
    DMA_SetCurrDataCounter                   0x0800395b   Thumb Code     4  stm32f10x_dma.o(i.DMA_SetCurrDataCounter)
    DebugMon_Handler                         0x0800395f   Thumb Code     2  stm32f10x_it.o(i.DebugMon_Handler)
    Default_Error_Return                     0x08003961   Thumb Code    36  can.o(i.Default_Error_Return)
    Default_Return                           0x08003991   Thumb Code    38  can.o(i.Default_Return)
    EXTI15_10_IRQHandler                     0x080039c9   Thumb Code    90  gpio.o(i.EXTI15_10_IRQHandler)
    EXTI1_IRQHandler                         0x08003a31   Thumb Code    86  gpio.o(i.EXTI1_IRQHandler)
    EXTI_ClearITPendingBit                   0x08003a95   Thumb Code     6  stm32f10x_exti.o(i.EXTI_ClearITPendingBit)
    EXTI_GetITStatus                         0x08003aa1   Thumb Code    28  stm32f10x_exti.o(i.EXTI_GetITStatus)
    EXTI_Init                                0x08003ac1   Thumb Code   108  stm32f10x_exti.o(i.EXTI_Init)
    EXTI_Mode_Config                         0x08003b31   Thumb Code    60  gpio.o(i.EXTI_Mode_Config)
    EXTI_NVIC_Config                         0x08003b6d   Thumb Code    46  gpio.o(i.EXTI_NVIC_Config)
    EXTI_PB1_PB11_Start                      0x08003b9b   Thumb Code    22  gpio.o(i.EXTI_PB1_PB11_Start)
    FLASH_ErasePage                          0x08003bb1   Thumb Code    56  stm32f10x_flash.o(i.FLASH_ErasePage)
    FLASH_GetBank1Status                     0x08003bed   Thumb Code    34  stm32f10x_flash.o(i.FLASH_GetBank1Status)
    FLASH_Lock                               0x08003c15   Thumb Code    12  stm32f10x_flash.o(i.FLASH_Lock)
    FLASH_ProgramHalfWord                    0x08003c25   Thumb Code    48  stm32f10x_flash.o(i.FLASH_ProgramHalfWord)
    FLASH_Unlock                             0x08003c59   Thumb Code    12  stm32f10x_flash.o(i.FLASH_Unlock)
    FLASH_WaitForLastOperation               0x08003c71   Thumb Code    34  stm32f10x_flash.o(i.FLASH_WaitForLastOperation)
    Flash_FirmWare                           0x08003c95   Thumb Code    50  iap.o(i.Flash_FirmWare)
    GPIO_EXTILineConfig                      0x08003cd5   Thumb Code    34  stm32f10x_gpio.o(i.GPIO_EXTILineConfig)
    GPIO_Init                                0x08003cfd   Thumb Code   156  stm32f10x_gpio.o(i.GPIO_Init)
    GPIO_Init_Input                          0x08003d99   Thumb Code    68  gpio.o(i.GPIO_Init_Input)
    GPIO_Init_Output                         0x08003de5   Thumb Code    98  gpio.o(i.GPIO_Init_Output)
    GPIO_PinRemapConfig                      0x08003e51   Thumb Code    82  stm32f10x_gpio.o(i.GPIO_PinRemapConfig)
    GPIO_ReadInputDataBit                    0x08003ea9   Thumb Code    14  stm32f10x_gpio.o(i.GPIO_ReadInputDataBit)
    GPIO_ResetBits                           0x08003eb7   Thumb Code     4  stm32f10x_gpio.o(i.GPIO_ResetBits)
    GPIO_SetBits                             0x08003ebb   Thumb Code     4  stm32f10x_gpio.o(i.GPIO_SetBits)
    GPIO_WriteBit                            0x08003ebf   Thumb Code    10  stm32f10x_gpio.o(i.GPIO_WriteBit)
    Handle_Data                              0x08003ec9   Thumb Code   172  can.o(i.Handle_Data)
    HardFault_Handler                        0x08003f81   Thumb Code     2  stm32f10x_it.o(i.HardFault_Handler)
    IWDG_Enable                              0x08003f85   Thumb Code    10  stm32f10x_iwdg.o(i.IWDG_Enable)
    IWDG_ReloadCounter                       0x08003f95   Thumb Code    10  stm32f10x_iwdg.o(i.IWDG_ReloadCounter)
    IWDG_SetPrescaler                        0x08003fa5   Thumb Code     6  stm32f10x_iwdg.o(i.IWDG_SetPrescaler)
    IWDG_SetReload                           0x08003fb1   Thumb Code     6  stm32f10x_iwdg.o(i.IWDG_SetReload)
    IWDG_WriteAccessCmd                      0x08003fbd   Thumb Code     6  stm32f10x_iwdg.o(i.IWDG_WriteAccessCmd)
    Init_RxMes                               0x08003fc9   Thumb Code    32  can.o(i.Init_RxMes)
    Into_Bootloader                          0x08003fe9   Thumb Code    30  iap.o(i.Into_Bootloader)
    Is_Over_Time                             0x08004011   Thumb Code    22  tim.o(i.Is_Over_Time)
    Load_App                                 0x0800402d   Thumb Code    28  iap.o(i.Load_App)
    MODBUS_NVIC_Config                       0x0800406d   Thumb Code    34  uart.o(i.MODBUS_NVIC_Config)
    MODBUS_Send_Data                         0x08004091   Thumb Code    50  uart.o(i.MODBUS_Send_Data)
    MODBUS_USART_Init                        0x080040d9   Thumb Code    30  uart.o(i.MODBUS_USART_Init)
    MODBUS_USART_ModeConfig                  0x080040fd   Thumb Code    96  uart.o(i.MODBUS_USART_ModeConfig)
    MODBUS_USART_PinConfig                   0x08004161   Thumb Code    62  uart.o(i.MODBUS_USART_PinConfig)
    MemManage_Handler                        0x080041a5   Thumb Code     2  stm32f10x_it.o(i.MemManage_Handler)
    NMI_Handler                              0x080041a7   Thumb Code     2  stm32f10x_it.o(i.NMI_Handler)
    NVIC_Init                                0x080041a9   Thumb Code    94  misc.o(i.NVIC_Init)
    NVIC_PriorityGroupConfig                 0x0800420d   Thumb Code    10  misc.o(i.NVIC_PriorityGroupConfig)
    One                                      0x08004221   Thumb Code    76  ws2812.o(i.One)
    PendSV_Handler                           0x08004271   Thumb Code     2  stm32f10x_it.o(i.PendSV_Handler)
    RCC_AHBPeriphClockCmd                    0x08004275   Thumb Code    18  stm32f10x_rcc.o(i.RCC_AHBPeriphClockCmd)
    RCC_APB1PeriphClockCmd                   0x0800428d   Thumb Code    18  stm32f10x_rcc.o(i.RCC_APB1PeriphClockCmd)
    RCC_APB1PeriphResetCmd                   0x080042a5   Thumb Code    18  stm32f10x_rcc.o(i.RCC_APB1PeriphResetCmd)
    RCC_APB2PeriphClockCmd                   0x080042bd   Thumb Code    18  stm32f10x_rcc.o(i.RCC_APB2PeriphClockCmd)
    RCC_APB2PeriphResetCmd                   0x080042d5   Thumb Code    18  stm32f10x_rcc.o(i.RCC_APB2PeriphResetCmd)
    RCC_DeInit                               0x080042ed   Thumb Code    50  stm32f10x_rcc.o(i.RCC_DeInit)
    RCC_GetClocksFreq                        0x0800432d   Thumb Code   132  stm32f10x_rcc.o(i.RCC_GetClocksFreq)
    Reset                                    0x080043c1   Thumb Code    20  ws2812.o(i.Reset)
    SEGGER_RTT_Write                         0x080043d9   Thumb Code    52  segger_rtt.o(i.SEGGER_RTT_Write)
    SEGGER_RTT_WriteNoLock                   0x08004411   Thumb Code    86  segger_rtt.o(i.SEGGER_RTT_WriteNoLock)
    SEGGER_RTT_printf                        0x0800446d   Thumb Code    22  segger_rtt_printf.o(i.SEGGER_RTT_printf)
    SEGGER_RTT_vprintf                       0x08004485   Thumb Code   446  segger_rtt_printf.o(i.SEGGER_RTT_vprintf)
    STMFLASH_Read                            0x0800464d   Thumb Code    24  flash.o(i.STMFLASH_Read)
    STMFLASH_Write                           0x08004665   Thumb Code   186  flash.o(i.STMFLASH_Write)
    STMFLASH_Write_NoCheck                   0x08004725   Thumb Code    38  flash.o(i.STMFLASH_Write_NoCheck)
    SVC_Handler                              0x0800474b   Thumb Code     2  stm32f10x_it.o(i.SVC_Handler)
    Select_Cmd                               0x0800474d   Thumb Code   532  can.o(i.Select_Cmd)
    Send24bit                                0x0800498d   Thumb Code    84  ws2812.o(i.Send24bit)
    ShowAll_Color                            0x08004a89   Thumb Code    64  ws2812.o(i.ShowAll_Color)
    ShowAll_RGB                              0x08004ac9   Thumb Code    34  ws2812.o(i.ShowAll_RGB)
    SysTick_Handler                          0x08004aed   Thumb Code    10  stm32f10x_it.o(i.SysTick_Handler)
    SystemInit                               0x08004afd   Thumb Code    64  system_stm32f10x.o(i.SystemInit)
    TIM2_IRQHandler                          0x08004b4d   Thumb Code   104  tim.o(i.TIM2_IRQHandler)
    TIM2_Init                                0x08004bd5   Thumb Code    86  tim.o(i.TIM2_Init)
    TIM3_IRQHandler                          0x08004c2d   Thumb Code    42  gpio.o(i.TIM3_IRQHandler)
    TIM3_Init                                0x08004c61   Thumb Code    84  gpio.o(i.TIM3_Init)
    TIM_ClearITPendingBit                    0x08004cb9   Thumb Code     6  stm32f10x_tim.o(i.TIM_ClearITPendingBit)
    TIM_Cmd                                  0x08004cbf   Thumb Code    20  stm32f10x_tim.o(i.TIM_Cmd)
    TIM_GetITStatus                          0x08004cd3   Thumb Code    24  stm32f10x_tim.o(i.TIM_GetITStatus)
    TIM_ITConfig                             0x08004ceb   Thumb Code    16  stm32f10x_tim.o(i.TIM_ITConfig)
    TIM_SetCounter                           0x08004cfb   Thumb Code     4  stm32f10x_tim.o(i.TIM_SetCounter)
    TIM_TimeBaseInit                         0x08004d01   Thumb Code   114  stm32f10x_tim.o(i.TIM_TimeBaseInit)
    UART1_Send_Data_DMA                      0x08004d9d   Thumb Code    76  uart.o(i.UART1_Send_Data_DMA)
    UART1_To_CAN1                            0x08004e05   Thumb Code   212  uart.o(i.UART1_To_CAN1)
    USART1_IRQHandler                        0x08004ef1   Thumb Code   122  uart.o(i.USART1_IRQHandler)
    USART_Cmd                                0x08004f8d   Thumb Code    20  stm32f10x_usart.o(i.USART_Cmd)
    USART_DMACmd                             0x08004fa1   Thumb Code    16  stm32f10x_usart.o(i.USART_DMACmd)
    USART_DeInit                             0x08004fb1   Thumb Code    96  stm32f10x_usart.o(i.USART_DeInit)
    USART_GetFlagStatus                      0x08005025   Thumb Code    14  stm32f10x_usart.o(i.USART_GetFlagStatus)
    USART_ITConfig                           0x08005033   Thumb Code    48  stm32f10x_usart.o(i.USART_ITConfig)
    USART_Init                               0x08005065   Thumb Code   166  stm32f10x_usart.o(i.USART_Init)
    USART_SendData                           0x08005111   Thumb Code     8  stm32f10x_usart.o(i.USART_SendData)
    USB_LP_CAN1_RX0_IRQHandler               0x08005119   Thumb Code   144  can.o(i.USB_LP_CAN1_RX0_IRQHandler)
    USER_IAP                                 0x080051b9   Thumb Code   120  iap.o(i.USER_IAP)
    UsageFault_Handler                       0x08005255   Thumb Code     2  stm32f10x_it.o(i.UsageFault_Handler)
    Write_Deliver_Addr                       0x08005259   Thumb Code    24  iap.o(i.Write_Deliver_Addr)
    Zero                                     0x08005275   Thumb Code    76  ws2812.o(i.Zero)
    __0printf$bare                           0x080055ad   Thumb Code     8  printfb.o(i.__0printf$bare)
    __1printf$bare                           0x080055ad   Thumb Code     0  printfb.o(i.__0printf$bare)
    __2printf                                0x080055ad   Thumb Code     0  printfb.o(i.__0printf$bare)
    __scatterload_copy                       0x080055bd   Thumb Code    14  handlers.o(i.__scatterload_copy)
    __scatterload_null                       0x080055cb   Thumb Code     2  handlers.o(i.__scatterload_null)
    __scatterload_zeroinit                   0x080055cd   Thumb Code    14  handlers.o(i.__scatterload_zeroinit)
    fputc                                    0x080055fd   Thumb Code    30  debug_uart.o(i.fputc)
    iap_load_app                             0x08005621   Thumb Code   100  iap.o(i.iap_load_app)
    iap_write_appbin                         0x08005691   Thumb Code    92  iap.o(i.iap_write_appbin)
    main                                     0x080056f1   Thumb Code   224  main.o(i.main)
    Region$$Table$$Base                      0x0800582c   Number         0  anon$$obj.o(Region$$Table)
    Region$$Table$$Limit                     0x0800584c   Number         0  anon$$obj.o(Region$$Table)
    SystemCoreClock                          0x20000000   Data           4  system_stm32f10x.o(.data)
    AHBPrescTable                            0x20000004   Data          16  system_stm32f10x.o(.data)
    msg_written                              0x20000028   Data           1  main.o(.data)
    no_feed_ms                               0x2000002c   Data           4  main.o(.data)
    global_cmd                               0x20000030   Data           1  can.o(.data)
    len_idx                                  0x20000031   Data           1  can.o(.data)
    cmd_idx                                  0x20000032   Data           1  can.o(.data)
    recv_idx                                 0x20000033   Data           1  can.o(.data)
    list_back                                0x20000034   Data           1  can.o(.data)
    IAP                                      0x20000035   Data           1  can.o(.data)
    Into_APP_Flag                            0x20000036   Data           1  can.o(.data)
    Into_BootLoader_Flag                     0x20000037   Data           1  can.o(.data)
    read_flag                                0x20000038   Data           1  can.o(.data)
    over_time                                0x2000003a   Data           2  can.o(.data)
    len_buffer                               0x2000003c   Data           8  can.o(.data)
    gripper_len                              0x20000044   Data           1  can.o(.data)
    send_buffer_len                          0x20000045   Data           1  uart.o(.data)
    pb1_flag                                 0x20000046   Data           1  gpio.o(.data)
    pb11_flag                                0x20000047   Data           1  gpio.o(.data)
    Head                                     0x20000048   Data           1  iap.o(.data)
    last_addr                                0x2000004c   Data           4  iap.o(.data)
    APP_LEN                                  0x20000050   Data           4  iap.o(.data)
    jump2app                                 0x20000054   Data           4  iap.o(.data)
    tick_count                               0x20000058   Data           4  tim.o(.data)
    __stdout                                 0x2000005c   Data           4  stdout.o(.data)
    recv_buffer                              0x20000060   Data          64  can.o(.bss)
    TxMessage                                0x200000a0   Data          20  can.o(.bss)
    RxMessage                                0x200000b4   Data          20  can.o(.bss)
    send_buffer                              0x200000c8   Data          64  can.o(.bss)
    STMFLASH_BUF                             0x20000108   Data        1024  flash.o(.bss)
    iapbuf                                   0x20000508   Data        1024  iap.o(.bss)
    _SEGGER_RTT                              0x20000908   Data         168  segger_rtt.o(.bss)
    __initial_sp                             0x200011c0   Data           0  startup_stm32f10x_md.o(STACK)
    CAN_RX_BUF                               0x20002000   Data        1024  iap.o(.ARM.__AT_0x20002000)



==============================================================================

Memory Map of the image

  Image Entry point : 0x080030ed

  Load Region LR_IROM1 (Base: 0x08003000, Size: 0x000028ac, Max: 0x000d0000, ABSOLUTE)

    Execution Region ER_IROM1 (Exec base: 0x08003000, Load base: 0x08003000, Size: 0x0000284c, Max: 0x000d0000, ABSOLUTE)

    Exec Addr    Load Addr    Size         Type   Attr      Idx    E Section Name        Object

    0x08003000   0x08003000   0x000000ec   Data   RO            3    RESET               startup_stm32f10x_md.o
    0x080030ec   0x080030ec   0x00000000   Code   RO         4226  * .ARM.Collect$$$$00000000  mc_w.l(entry.o)
    0x080030ec   0x080030ec   0x00000004   Code   RO         4497    .ARM.Collect$$$$00000001  mc_w.l(entry2.o)
    0x080030f0   0x080030f0   0x00000004   Code   RO         4500    .ARM.Collect$$$$00000004  mc_w.l(entry5.o)
    0x080030f4   0x080030f4   0x00000000   Code   RO         4502    .ARM.Collect$$$$00000008  mc_w.l(entry7b.o)
    0x080030f4   0x080030f4   0x00000000   Code   RO         4504    .ARM.Collect$$$$0000000A  mc_w.l(entry8b.o)
    0x080030f4   0x080030f4   0x00000008   Code   RO         4505    .ARM.Collect$$$$0000000B  mc_w.l(entry9a.o)
    0x080030fc   0x080030fc   0x00000000   Code   RO         4507    .ARM.Collect$$$$0000000D  mc_w.l(entry10a.o)
    0x080030fc   0x080030fc   0x00000000   Code   RO         4509    .ARM.Collect$$$$0000000F  mc_w.l(entry11a.o)
    0x080030fc   0x080030fc   0x00000004   Code   RO         4498    .ARM.Collect$$$$00002712  mc_w.l(entry2.o)
    0x08003100   0x08003100   0x00000006   Code   RO         3925    .emb_text           sys.o
    0x08003106   0x08003106   0x00000002   PAD
    0x08003108   0x08003108   0x00000024   Code   RO            4    .text               startup_stm32f10x_md.o
    0x0800312c   0x0800312c   0x00000024   Code   RO         4229    .text               mc_w.l(memcpya.o)
    0x08003150   0x08003150   0x00000024   Code   RO         4231    .text               mc_w.l(memseta.o)
    0x08003174   0x08003174   0x00000024   Code   RO         4527    .text               mc_w.l(init.o)
    0x08003198   0x08003198   0x00000002   Code   RO         3319    i.BusFault_Handler  stm32f10x_it.o
    0x0800319a   0x0800319a   0x00000002   PAD
    0x0800319c   0x0800319c   0x00000078   Code   RO          502    i.CAN_ClearITPendingBit  stm32f10x_can.o
    0x08003214   0x08003214   0x000000cc   Code   RO          506    i.CAN_FilterInit    stm32f10x_can.o
    0x080032e0   0x080032e0   0x00000042   Code   RO         3387    i.CAN_Filter_Config  can.o
    0x08003322   0x08003322   0x00000002   PAD
    0x08003324   0x08003324   0x0000005c   Code   RO         3388    i.CAN_GPIO_Init     can.o
    0x08003380   0x08003380   0x00000010   Code   RO          512    i.CAN_ITConfig      stm32f10x_can.o
    0x08003390   0x08003390   0x000000e8   Code   RO          513    i.CAN_Init          stm32f10x_can.o
    0x08003478   0x08003478   0x00000050   Code   RO         3389    i.CAN_Mode_Init     can.o
    0x080034c8   0x080034c8   0x0000002a   Code   RO         3390    i.CAN_NVIC_Init     can.o
    0x080034f2   0x080034f2   0x00000002   PAD
    0x080034f4   0x080034f4   0x0000002c   Code   RO         3391    i.CAN_ReadBufferReset  can.o
    0x08003520   0x08003520   0x0000008e   Code   RO          516    i.CAN_Receive       stm32f10x_can.o
    0x080035ae   0x080035ae   0x0000001e   Code   RO         3392    i.CAN_SetMsg        can.o
    0x080035cc   0x080035cc   0x00000016   Code   RO         3393    i.CAN_Start         can.o
    0x080035e2   0x080035e2   0x000000a4   Code   RO          521    i.CAN_Transmit      stm32f10x_can.o
    0x08003686   0x08003686   0x00000002   PAD
    0x08003688   0x08003688   0x0000001c   Code   RO         3592    i.DEBUG_USART_Init  debug_uart.o
    0x080036a4   0x080036a4   0x00000054   Code   RO         3593    i.DEBUG_USART_ModeConfig  debug_uart.o
    0x080036f8   0x080036f8   0x00000030   Code   RO         3594    i.DEBUG_USART_PinConfig  debug_uart.o
    0x08003728   0x08003728   0x00000018   Code   RO          904    i.DMA_ClearFlag     stm32f10x_dma.o
    0x08003740   0x08003740   0x00000016   Code   RO          906    i.DMA_Cmd           stm32f10x_dma.o
    0x08003756   0x08003756   0x00000002   PAD
    0x08003758   0x08003758   0x000000ac   Code   RO         3505    i.DMA_Config        uart.o
    0x08003804   0x08003804   0x000000e4   Code   RO          907    i.DMA_DeInit        stm32f10x_dma.o
    0x080038e8   0x080038e8   0x00000006   Code   RO          908    i.DMA_GetCurrDataCounter  stm32f10x_dma.o
    0x080038ee   0x080038ee   0x00000002   PAD
    0x080038f0   0x080038f0   0x00000020   Code   RO          909    i.DMA_GetFlagStatus  stm32f10x_dma.o
    0x08003910   0x08003910   0x00000010   Code   RO          911    i.DMA_ITConfig      stm32f10x_dma.o
    0x08003920   0x08003920   0x0000003a   Code   RO          912    i.DMA_Init          stm32f10x_dma.o
    0x0800395a   0x0800395a   0x00000004   Code   RO          913    i.DMA_SetCurrDataCounter  stm32f10x_dma.o
    0x0800395e   0x0800395e   0x00000002   Code   RO         3320    i.DebugMon_Handler  stm32f10x_it.o
    0x08003960   0x08003960   0x00000030   Code   RO         3394    i.Default_Error_Return  can.o
    0x08003990   0x08003990   0x00000038   Code   RO         3395    i.Default_Return    can.o
    0x080039c8   0x080039c8   0x00000068   Code   RO         3628    i.EXTI15_10_IRQHandler  gpio.o
    0x08003a30   0x08003a30   0x00000064   Code   RO         3629    i.EXTI1_IRQHandler  gpio.o
    0x08003a94   0x08003a94   0x0000000c   Code   RO          980    i.EXTI_ClearITPendingBit  stm32f10x_exti.o
    0x08003aa0   0x08003aa0   0x00000020   Code   RO          984    i.EXTI_GetITStatus  stm32f10x_exti.o
    0x08003ac0   0x08003ac0   0x00000070   Code   RO          985    i.EXTI_Init         stm32f10x_exti.o
    0x08003b30   0x08003b30   0x0000003c   Code   RO         3630    i.EXTI_Mode_Config  gpio.o
    0x08003b6c   0x08003b6c   0x0000002e   Code   RO         3631    i.EXTI_NVIC_Config  gpio.o
    0x08003b9a   0x08003b9a   0x00000016   Code   RO         3632    i.EXTI_PB1_PB11_Start  gpio.o
    0x08003bb0   0x08003bb0   0x0000003c   Code   RO         1041    i.FLASH_ErasePage   stm32f10x_flash.o
    0x08003bec   0x08003bec   0x00000028   Code   RO         1042    i.FLASH_GetBank1Status  stm32f10x_flash.o
    0x08003c14   0x08003c14   0x00000010   Code   RO         1051    i.FLASH_Lock        stm32f10x_flash.o
    0x08003c24   0x08003c24   0x00000034   Code   RO         1054    i.FLASH_ProgramHalfWord  stm32f10x_flash.o
    0x08003c58   0x08003c58   0x00000018   Code   RO         1059    i.FLASH_Unlock      stm32f10x_flash.o
    0x08003c70   0x08003c70   0x00000022   Code   RO         1063    i.FLASH_WaitForLastOperation  stm32f10x_flash.o
    0x08003c92   0x08003c92   0x00000002   PAD
    0x08003c94   0x08003c94   0x00000040   Code   RO         3757    i.Flash_FirmWare    iap.o
    0x08003cd4   0x08003cd4   0x00000028   Code   RO         1337    i.GPIO_EXTILineConfig  stm32f10x_gpio.o
    0x08003cfc   0x08003cfc   0x0000009c   Code   RO         1340    i.GPIO_Init         stm32f10x_gpio.o
    0x08003d98   0x08003d98   0x0000004c   Code   RO         3633    i.GPIO_Init_Input   gpio.o
    0x08003de4   0x08003de4   0x0000006c   Code   RO         3634    i.GPIO_Init_Output  gpio.o
    0x08003e50   0x08003e50   0x00000058   Code   RO         1342    i.GPIO_PinRemapConfig  stm32f10x_gpio.o
    0x08003ea8   0x08003ea8   0x0000000e   Code   RO         1344    i.GPIO_ReadInputDataBit  stm32f10x_gpio.o
    0x08003eb6   0x08003eb6   0x00000004   Code   RO         1347    i.GPIO_ResetBits    stm32f10x_gpio.o
    0x08003eba   0x08003eba   0x00000004   Code   RO         1348    i.GPIO_SetBits      stm32f10x_gpio.o
    0x08003ebe   0x08003ebe   0x0000000a   Code   RO         1351    i.GPIO_WriteBit     stm32f10x_gpio.o
    0x08003ec8   0x08003ec8   0x000000b8   Code   RO         3396    i.Handle_Data       can.o
    0x08003f80   0x08003f80   0x00000002   Code   RO         3321    i.HardFault_Handler  stm32f10x_it.o
    0x08003f82   0x08003f82   0x00000002   PAD
    0x08003f84   0x08003f84   0x00000010   Code   RO         1658    i.IWDG_Enable       stm32f10x_iwdg.o
    0x08003f94   0x08003f94   0x00000010   Code   RO         1660    i.IWDG_ReloadCounter  stm32f10x_iwdg.o
    0x08003fa4   0x08003fa4   0x0000000c   Code   RO         1661    i.IWDG_SetPrescaler  stm32f10x_iwdg.o
    0x08003fb0   0x08003fb0   0x0000000c   Code   RO         1662    i.IWDG_SetReload    stm32f10x_iwdg.o
    0x08003fbc   0x08003fbc   0x0000000c   Code   RO         1663    i.IWDG_WriteAccessCmd  stm32f10x_iwdg.o
    0x08003fc8   0x08003fc8   0x00000020   Code   RO         3397    i.Init_RxMes        can.o
    0x08003fe8   0x08003fe8   0x00000028   Code   RO         3758    i.Into_Bootloader   iap.o
    0x08004010   0x08004010   0x0000001c   Code   RO         3844    i.Is_Over_Time      tim.o
    0x0800402c   0x0800402c   0x00000040   Code   RO         3759    i.Load_App          iap.o
    0x0800406c   0x0800406c   0x00000022   Code   RO         3506    i.MODBUS_NVIC_Config  uart.o
    0x0800408e   0x0800408e   0x00000002   PAD
    0x08004090   0x08004090   0x00000048   Code   RO         3507    i.MODBUS_Send_Data  uart.o
    0x080040d8   0x080040d8   0x00000024   Code   RO         3508    i.MODBUS_USART_Init  uart.o
    0x080040fc   0x080040fc   0x00000064   Code   RO         3509    i.MODBUS_USART_ModeConfig  uart.o
    0x08004160   0x08004160   0x00000044   Code   RO         3510    i.MODBUS_USART_PinConfig  uart.o
    0x080041a4   0x080041a4   0x00000002   Code   RO         3322    i.MemManage_Handler  stm32f10x_it.o
    0x080041a6   0x080041a6   0x00000002   Code   RO         3323    i.NMI_Handler       stm32f10x_it.o
    0x080041a8   0x080041a8   0x00000064   Code   RO          132    i.NVIC_Init         misc.o
    0x0800420c   0x0800420c   0x00000014   Code   RO          133    i.NVIC_PriorityGroupConfig  misc.o
    0x08004220   0x08004220   0x00000050   Code   RO         3875    i.One               ws2812.o
    0x08004270   0x08004270   0x00000002   Code   RO         3324    i.PendSV_Handler    stm32f10x_it.o
    0x08004272   0x08004272   0x00000002   PAD
    0x08004274   0x08004274   0x00000018   Code   RO         1767    i.RCC_AHBPeriphClockCmd  stm32f10x_rcc.o
    0x0800428c   0x0800428c   0x00000018   Code   RO         1768    i.RCC_APB1PeriphClockCmd  stm32f10x_rcc.o
    0x080042a4   0x080042a4   0x00000018   Code   RO         1769    i.RCC_APB1PeriphResetCmd  stm32f10x_rcc.o
    0x080042bc   0x080042bc   0x00000018   Code   RO         1770    i.RCC_APB2PeriphClockCmd  stm32f10x_rcc.o
    0x080042d4   0x080042d4   0x00000018   Code   RO         1771    i.RCC_APB2PeriphResetCmd  stm32f10x_rcc.o
    0x080042ec   0x080042ec   0x00000040   Code   RO         1777    i.RCC_DeInit        stm32f10x_rcc.o
    0x0800432c   0x0800432c   0x00000094   Code   RO         1778    i.RCC_GetClocksFreq  stm32f10x_rcc.o
    0x080043c0   0x080043c0   0x00000018   Code   RO         3876    i.Reset             ws2812.o
    0x080043d8   0x080043d8   0x00000038   Code   RO         3981    i.SEGGER_RTT_Write  segger_rtt.o
    0x08004410   0x08004410   0x0000005c   Code   RO         3984    i.SEGGER_RTT_WriteNoLock  segger_rtt.o
    0x0800446c   0x0800446c   0x00000016   Code   RO         4192    i.SEGGER_RTT_printf  segger_rtt_printf.o
    0x08004482   0x08004482   0x00000002   PAD
    0x08004484   0x08004484   0x000001c8   Code   RO         4193    i.SEGGER_RTT_vprintf  segger_rtt_printf.o
    0x0800464c   0x0800464c   0x00000018   Code   RO         3712    i.STMFLASH_Read     flash.o
    0x08004664   0x08004664   0x000000c0   Code   RO         3714    i.STMFLASH_Write    flash.o
    0x08004724   0x08004724   0x00000026   Code   RO         3715    i.STMFLASH_Write_NoCheck  flash.o
    0x0800474a   0x0800474a   0x00000002   Code   RO         3325    i.SVC_Handler       stm32f10x_it.o
    0x0800474c   0x0800474c   0x00000240   Code   RO         3398    i.Select_Cmd        can.o
    0x0800498c   0x0800498c   0x00000054   Code   RO         3877    i.Send24bit         ws2812.o
    0x080049e0   0x080049e0   0x000000a8   Code   RO           24    i.SetSysClockTo72   system_stm32f10x.o
    0x08004a88   0x08004a88   0x00000040   Code   RO         3878    i.ShowAll_Color     ws2812.o
    0x08004ac8   0x08004ac8   0x00000022   Code   RO         3879    i.ShowAll_RGB       ws2812.o
    0x08004aea   0x08004aea   0x00000002   PAD
    0x08004aec   0x08004aec   0x00000010   Code   RO         3326    i.SysTick_Handler   stm32f10x_it.o
    0x08004afc   0x08004afc   0x00000050   Code   RO           26    i.SystemInit        system_stm32f10x.o
    0x08004b4c   0x08004b4c   0x00000088   Code   RO         3845    i.TIM2_IRQHandler   tim.o
    0x08004bd4   0x08004bd4   0x00000056   Code   RO         3846    i.TIM2_Init         tim.o
    0x08004c2a   0x08004c2a   0x00000002   PAD
    0x08004c2c   0x08004c2c   0x00000034   Code   RO         3637    i.TIM3_IRQHandler   gpio.o
    0x08004c60   0x08004c60   0x00000058   Code   RO         3638    i.TIM3_Init         gpio.o
    0x08004cb8   0x08004cb8   0x00000006   Code   RO         2406    i.TIM_ClearITPendingBit  stm32f10x_tim.o
    0x08004cbe   0x08004cbe   0x00000014   Code   RO         2411    i.TIM_Cmd           stm32f10x_tim.o
    0x08004cd2   0x08004cd2   0x00000018   Code   RO         2432    i.TIM_GetITStatus   stm32f10x_tim.o
    0x08004cea   0x08004cea   0x00000010   Code   RO         2436    i.TIM_ITConfig      stm32f10x_tim.o
    0x08004cfa   0x08004cfa   0x00000004   Code   RO         2476    i.TIM_SetCounter    stm32f10x_tim.o
    0x08004cfe   0x08004cfe   0x00000002   PAD
    0x08004d00   0x08004d00   0x0000009c   Code   RO         2482    i.TIM_TimeBaseInit  stm32f10x_tim.o
    0x08004d9c   0x08004d9c   0x00000068   Code   RO         3511    i.UART1_Send_Data_DMA  uart.o
    0x08004e04   0x08004e04   0x000000ec   Code   RO         3512    i.UART1_To_CAN1     uart.o
    0x08004ef0   0x08004ef0   0x0000009c   Code   RO         3513    i.USART1_IRQHandler  uart.o
    0x08004f8c   0x08004f8c   0x00000014   Code   RO         2937    i.USART_Cmd         stm32f10x_usart.o
    0x08004fa0   0x08004fa0   0x00000010   Code   RO         2938    i.USART_DMACmd      stm32f10x_usart.o
    0x08004fb0   0x08004fb0   0x00000074   Code   RO         2939    i.USART_DeInit      stm32f10x_usart.o
    0x08005024   0x08005024   0x0000000e   Code   RO         2940    i.USART_GetFlagStatus  stm32f10x_usart.o
    0x08005032   0x08005032   0x00000030   Code   RO         2943    i.USART_ITConfig    stm32f10x_usart.o
    0x08005062   0x08005062   0x00000002   PAD
    0x08005064   0x08005064   0x000000ac   Code   RO         2944    i.USART_Init        stm32f10x_usart.o
    0x08005110   0x08005110   0x00000008   Code   RO         2954    i.USART_SendData    stm32f10x_usart.o
    0x08005118   0x08005118   0x000000a0   Code   RO         3399    i.USB_LP_CAN1_RX0_IRQHandler  can.o
    0x080051b8   0x080051b8   0x0000009c   Code   RO         3762    i.USER_IAP          iap.o
    0x08005254   0x08005254   0x00000002   Code   RO         3327    i.UsageFault_Handler  stm32f10x_it.o
    0x08005256   0x08005256   0x00000002   PAD
    0x08005258   0x08005258   0x0000001c   Code   RO         3763    i.Write_Deliver_Addr  iap.o
    0x08005274   0x08005274   0x00000050   Code   RO         3880    i.Zero              ws2812.o
    0x080052c4   0x080052c4   0x00000064   Code   RO         3988    i._DoInit           segger_rtt.o
    0x08005328   0x08005328   0x00000016   Code   RO         3989    i._GetAvailWriteSpace  segger_rtt.o
    0x0800533e   0x0800533e   0x000000c4   Code   RO         4194    i._PrintInt         segger_rtt_printf.o
    0x08005402   0x08005402   0x00000002   PAD
    0x08005404   0x08005404   0x000000cc   Code   RO         4195    i._PrintUnsigned    segger_rtt_printf.o
    0x080054d0   0x080054d0   0x0000003e   Code   RO         4196    i._StoreChar        segger_rtt_printf.o
    0x0800550e   0x0800550e   0x0000005a   Code   RO         3991    i._WriteBlocking    segger_rtt.o
    0x08005568   0x08005568   0x00000042   Code   RO         3992    i._WriteNoCheck     segger_rtt.o
    0x080055aa   0x080055aa   0x00000002   PAD
    0x080055ac   0x080055ac   0x00000010   Code   RO         4238    i.__0printf$bare    mc_w.l(printfb.o)
    0x080055bc   0x080055bc   0x0000000e   Code   RO         4539    i.__scatterload_copy  mc_w.l(handlers.o)
    0x080055ca   0x080055ca   0x00000002   Code   RO         4540    i.__scatterload_null  mc_w.l(handlers.o)
    0x080055cc   0x080055cc   0x0000000e   Code   RO         4541    i.__scatterload_zeroinit  mc_w.l(handlers.o)
    0x080055da   0x080055da   0x00000022   Code   RO         4245    i._printf_core      mc_w.l(printfb.o)
    0x080055fc   0x080055fc   0x00000024   Code   RO         3596    i.fputc             debug_uart.o
    0x08005620   0x08005620   0x00000070   Code   RO         3764    i.iap_load_app      iap.o
    0x08005690   0x08005690   0x00000060   Code   RO         3765    i.iap_write_appbin  iap.o
    0x080056f0   0x080056f0   0x00000108   Code   RO         3173    i.main              main.o
    0x080057f8   0x080057f8   0x00000021   Data   RO         3994    .constdata          segger_rtt.o
    0x08005819   0x08005819   0x00000010   Data   RO         4197    .constdata          segger_rtt_printf.o
    0x08005829   0x08005829   0x00000003   PAD
    0x0800582c   0x0800582c   0x00000020   Data   RO         4537    Region$$Table       anon$$obj.o


    Execution Region RW_IRAM1 (Exec base: 0x20000000, Load base: 0x0800584c, Size: 0x00002400, Max: 0x00005000, ABSOLUTE)

    Exec Addr    Load Addr    Size         Type   Attr      Idx    E Section Name        Object

    0x20000000   0x0800584c   0x00000014   Data   RW           27    .data               system_stm32f10x.o
    0x20000014   0x08005860   0x00000014   Data   RW         1798    .data               stm32f10x_rcc.o
    0x20000028   0x08005874   0x00000008   Data   RW         3174    .data               main.o
    0x20000030   0x0800587c   0x00000014   Data   RW         3402    .data               can.o
    0x20000044   0x08005890   0x00000001   Data   RW         3404    .data               can.o
    0x20000045   0x08005891   0x00000001   Data   RW         3514    .data               uart.o
    0x20000046   0x08005892   0x00000002   Data   RW         3639    .data               gpio.o
    0x20000048   0x08005894   0x00000010   Data   RW         3768    .data               iap.o
    0x20000058   0x080058a4   0x00000004   Data   RW         3847    .data               tim.o
    0x2000005c   0x080058a8   0x00000004   Data   RW         4511    .data               mc_w.l(stdout.o)
    0x20000060        -       0x00000068   Zero   RW         3400    .bss                can.o
    0x200000c8        -       0x00000040   Zero   RW         3401    .bss                can.o
    0x20000108        -       0x00000400   Zero   RW         3716    .bss                flash.o
    0x20000508        -       0x00000400   Zero   RW         3767    .bss                iap.o
    0x20000908        -       0x000004b8   Zero   RW         3993    .bss                segger_rtt.o
    0x20000dc0        -       0x00000400   Zero   RW            1    STACK               startup_stm32f10x_md.o
    0x200011c0   0x080058ac   0x00000e40   PAD
    0x20002000        -       0x00000400   Zero   RW         3766    .ARM.__AT_0x20002000  iap.o


==============================================================================

Image component sizes


      Code (inc. data)   RO Data    RW Data    ZI Data      Debug   Object Name

      1432        120          0         21        168      11041   can.o
         0          0          0          0          0       4508   core_cm3.o
       196         24          0          0          0       2404   debug_uart.o
       254          6          0          0       1024       3021   flash.o
       656         60          0          2          0       5130   gpio.o
       560        116          0         16       2048      20551   iap.o
       264         40          0          8          0     237130   main.o
       120         16          0          0          0     206927   misc.o
       426         30         33          0       1208       9702   segger_rtt.o
       940         14         16          0          0       5737   segger_rtt_printf.o
        36          8        236          0       1024        820   startup_stm32f10x_md.o
         0          0          0          0          0       1660   stm32f10x_adc.o
       878         14          0          0          0      13488   stm32f10x_can.o
       390         26          0          0          0      15951   stm32f10x_dma.o
       156         14          0          0          0       4236   stm32f10x_exti.o
       226         30          0          0          0      11371   stm32f10x_flash.o
       316         12          0          0          0      13840   stm32f10x_gpio.o
        32          6          0          0          0       3730   stm32f10x_it.o
        68         30          0          0          0       2302   stm32f10x_iwdg.o
       332         60          0         20          0      15153   stm32f10x_rcc.o
       226         42          0          0          0      25154   stm32f10x_tim.o
       394         26          0          0          0      11995   stm32f10x_usart.o
         6          0          0          0          0        324   sys.o
       248         24          0         20          0      54993   system_stm32f10x.o
       250         38          0          4          0       2138   tim.o
       978        140          0          1          0       6184   uart.o
       366         20          0          0          0       4041   ws2812.o

    ----------------------------------------------------------------------
      9788        916        320         92       9120     693531   Object Totals
         0          0         32          0          0          0   (incl. Generated)
        38          0          3          0       3648          0   (incl. Padding)

    ----------------------------------------------------------------------

      Code (inc. data)   RO Data    RW Data    ZI Data      Debug   Library Member Name

         0          0          0          0          0          0   entry.o
         0          0          0          0          0          0   entry10a.o
         0          0          0          0          0          0   entry11a.o
         8          4          0          0          0          0   entry2.o
         4          0          0          0          0          0   entry5.o
         0          0          0          0          0          0   entry7b.o
         0          0          0          0          0          0   entry8b.o
         8          4          0          0          0          0   entry9a.o
        30          0          0          0          0          0   handlers.o
        36          8          0          0          0         68   init.o
        36          0          0          0          0         68   memcpya.o
        36          0          0          0          0        108   memseta.o
        50          8          0          0          0        152   printfb.o
         0          0          0          4          0          0   stdout.o

    ----------------------------------------------------------------------
       208         24          0          4          0        396   Library Totals
         0          0          0          0          0          0   (incl. Padding)

    ----------------------------------------------------------------------

      Code (inc. data)   RO Data    RW Data    ZI Data      Debug   Library Name

       208         24          0          4          0        396   mc_w.l

    ----------------------------------------------------------------------
       208         24          0          4          0        396   Library Totals

    ----------------------------------------------------------------------

==============================================================================


      Code (inc. data)   RO Data    RW Data    ZI Data      Debug   

      9996        940        320         96       9120     687163   Grand Totals
      9996        940        320         96       9120     687163   ELF Image Totals
      9996        940        320         96          0          0   ROM Totals

==============================================================================

    Total RO  Size (Code + RO Data)                10316 (  10.07kB)
    Total RW  Size (RW Data + ZI Data)              9216 (   9.00kB)
    Total ROM Size (Code + RO Data + RW Data)      10412 (  10.17kB)

==============================================================================

