Component: ARM Compiler 5.06 update 6 (build 750) Tool: armlink [4d35ed]

==============================================================================

Section Cross References

    startup_stm32f10x_md.o(RESET) refers to startup_stm32f10x_md.o(STACK) for __initial_sp
    startup_stm32f10x_md.o(RESET) refers to startup_stm32f10x_md.o(.text) for Reset_Handler
    startup_stm32f10x_md.o(RESET) refers to stm32f10x_it.o(i.NMI_Handler) for NMI_Handler
    startup_stm32f10x_md.o(RESET) refers to stm32f10x_it.o(i.HardFault_Handler) for HardFault_Handler
    startup_stm32f10x_md.o(RESET) refers to stm32f10x_it.o(i.MemManage_Handler) for MemManage_Handler
    startup_stm32f10x_md.o(RESET) refers to stm32f10x_it.o(i.BusFault_Handler) for BusFault_Handler
    startup_stm32f10x_md.o(RESET) refers to stm32f10x_it.o(i.UsageFault_Handler) for UsageFault_Handler
    startup_stm32f10x_md.o(RESET) refers to stm32f10x_it.o(i.SVC_Handler) for SVC_Handler
    startup_stm32f10x_md.o(RESET) refers to stm32f10x_it.o(i.DebugMon_Handler) for DebugMon_Handler
    startup_stm32f10x_md.o(RESET) refers to stm32f10x_it.o(i.PendSV_Handler) for PendSV_Handler
    startup_stm32f10x_md.o(RESET) refers to stm32f10x_it.o(i.SysTick_Handler) for SysTick_Handler
    startup_stm32f10x_md.o(RESET) refers to gpio.o(i.EXTI1_IRQHandler) for EXTI1_IRQHandler
    startup_stm32f10x_md.o(RESET) refers to can.o(i.USB_LP_CAN1_RX0_IRQHandler) for USB_LP_CAN1_RX0_IRQHandler
    startup_stm32f10x_md.o(RESET) refers to tim.o(i.TIM2_IRQHandler) for TIM2_IRQHandler
    startup_stm32f10x_md.o(RESET) refers to gpio.o(i.TIM3_IRQHandler) for TIM3_IRQHandler
    startup_stm32f10x_md.o(RESET) refers to uart.o(i.USART1_IRQHandler) for USART1_IRQHandler
    startup_stm32f10x_md.o(RESET) refers to gpio.o(i.EXTI15_10_IRQHandler) for EXTI15_10_IRQHandler
    startup_stm32f10x_md.o(.text) refers to system_stm32f10x.o(i.SystemInit) for SystemInit
    startup_stm32f10x_md.o(.text) refers to entry.o(.ARM.Collect$$$$00000000) for __main
    system_stm32f10x.o(i.SetSysClock) refers to system_stm32f10x.o(i.SetSysClockTo72) for SetSysClockTo72
    system_stm32f10x.o(i.SystemCoreClockUpdate) refers to system_stm32f10x.o(.data) for SystemCoreClock
    system_stm32f10x.o(i.SystemInit) refers to system_stm32f10x.o(i.SetSysClock) for SetSysClock
    stm32f10x_adc.o(i.ADC_DeInit) refers to stm32f10x_rcc.o(i.RCC_APB2PeriphResetCmd) for RCC_APB2PeriphResetCmd
    stm32f10x_bkp.o(i.BKP_DeInit) refers to stm32f10x_rcc.o(i.RCC_BackupResetCmd) for RCC_BackupResetCmd
    stm32f10x_can.o(i.CAN_DeInit) refers to stm32f10x_rcc.o(i.RCC_APB1PeriphResetCmd) for RCC_APB1PeriphResetCmd
    stm32f10x_can.o(i.CAN_GetITStatus) refers to stm32f10x_can.o(i.CheckITStatus) for CheckITStatus
    stm32f10x_cec.o(i.CEC_DeInit) refers to stm32f10x_rcc.o(i.RCC_APB1PeriphResetCmd) for RCC_APB1PeriphResetCmd
    stm32f10x_dac.o(i.DAC_DeInit) refers to stm32f10x_rcc.o(i.RCC_APB1PeriphResetCmd) for RCC_APB1PeriphResetCmd
    stm32f10x_flash.o(i.FLASH_EnableWriteProtection) refers to stm32f10x_flash.o(i.FLASH_WaitForLastOperation) for FLASH_WaitForLastOperation
    stm32f10x_flash.o(i.FLASH_EraseAllBank1Pages) refers to stm32f10x_flash.o(i.FLASH_WaitForLastBank1Operation) for FLASH_WaitForLastBank1Operation
    stm32f10x_flash.o(i.FLASH_EraseAllPages) refers to stm32f10x_flash.o(i.FLASH_WaitForLastOperation) for FLASH_WaitForLastOperation
    stm32f10x_flash.o(i.FLASH_EraseOptionBytes) refers to stm32f10x_flash.o(i.FLASH_GetReadOutProtectionStatus) for FLASH_GetReadOutProtectionStatus
    stm32f10x_flash.o(i.FLASH_EraseOptionBytes) refers to stm32f10x_flash.o(i.FLASH_WaitForLastOperation) for FLASH_WaitForLastOperation
    stm32f10x_flash.o(i.FLASH_ErasePage) refers to stm32f10x_flash.o(i.FLASH_WaitForLastOperation) for FLASH_WaitForLastOperation
    stm32f10x_flash.o(i.FLASH_ProgramHalfWord) refers to stm32f10x_flash.o(i.FLASH_WaitForLastOperation) for FLASH_WaitForLastOperation
    stm32f10x_flash.o(i.FLASH_ProgramOptionByteData) refers to stm32f10x_flash.o(i.FLASH_WaitForLastOperation) for FLASH_WaitForLastOperation
    stm32f10x_flash.o(i.FLASH_ProgramWord) refers to stm32f10x_flash.o(i.FLASH_WaitForLastOperation) for FLASH_WaitForLastOperation
    stm32f10x_flash.o(i.FLASH_ReadOutProtection) refers to stm32f10x_flash.o(i.FLASH_WaitForLastOperation) for FLASH_WaitForLastOperation
    stm32f10x_flash.o(i.FLASH_UserOptionByteConfig) refers to stm32f10x_flash.o(i.FLASH_WaitForLastOperation) for FLASH_WaitForLastOperation
    stm32f10x_flash.o(i.FLASH_WaitForLastBank1Operation) refers to stm32f10x_flash.o(i.FLASH_GetBank1Status) for FLASH_GetBank1Status
    stm32f10x_flash.o(i.FLASH_WaitForLastOperation) refers to stm32f10x_flash.o(i.FLASH_GetBank1Status) for FLASH_GetBank1Status
    stm32f10x_gpio.o(i.GPIO_AFIODeInit) refers to stm32f10x_rcc.o(i.RCC_APB2PeriphResetCmd) for RCC_APB2PeriphResetCmd
    stm32f10x_gpio.o(i.GPIO_DeInit) refers to stm32f10x_rcc.o(i.RCC_APB2PeriphResetCmd) for RCC_APB2PeriphResetCmd
[...]
    Removing stm32f10x_adc.o(i.ADC_TempSensorVrefintCmd), (36 bytes).
    Removing stm32f10x_bkp.o(i.BKP_ClearFlag), (20 bytes).
    Removing stm32f10x_bkp.o(i.BKP_ClearITPendingBit), (20 bytes).
    Removing stm32f10x_bkp.o(i.BKP_DeInit), (16 bytes).
    Removing stm32f10x_bkp.o(i.BKP_GetFlagStatus), (12 bytes).
    Removing stm32f10x_bkp.o(i.BKP_GetITStatus), (12 bytes).
    Removing stm32f10x_bkp.o(i.BKP_ITConfig), (12 bytes).
    Removing stm32f10x_bkp.o(i.BKP_RTCOutputConfig), (28 bytes).
    Removing stm32f10x_bkp.o(i.BKP_ReadBackupRegister), (28 bytes).
    Removing stm32f10x_bkp.o(i.BKP_SetRTCCalibrationValue), (28 bytes).
    Removing stm32f10x_bkp.o(i.BKP_TamperPinCmd), (12 bytes).
    Removing stm32f10x_bkp.o(i.BKP_TamperPinLevelConfig), (12 bytes).
    Removing stm32f10x_bkp.o(i.BKP_WriteBackupRegister), (28 bytes).
    Removing stm32f10x_can.o(i.CAN_CancelTransmit), (48 bytes).
    Removing stm32f10x_can.o(i.CAN_ClearFlag), (56 bytes).
    Removing stm32f10x_can.o(i.CAN_DBGFreeze), (22 bytes).
    Removing stm32f10x_can.o(i.CAN_DeInit), (56 bytes).
    Removing stm32f10x_can.o(i.CAN_FIFORelease), (22 bytes).
    Removing stm32f10x_can.o(i.CAN_GetFlagStatus), (120 bytes).
    Removing stm32f10x_can.o(i.CAN_GetITStatus), (288 bytes).
    Removing stm32f10x_can.o(i.CAN_GetLSBTransmitErrorCounter), (12 bytes).
    Removing stm32f10x_can.o(i.CAN_GetLastErrorCode), (12 bytes).
    Removing stm32f10x_can.o(i.CAN_GetReceiveErrorCounter), (10 bytes).
    Removing stm32f10x_can.o(i.CAN_MessagePending), (30 bytes).
    Removing stm32f10x_can.o(i.CAN_OperatingModeRequest), (162 bytes).
    Removing stm32f10x_can.o(i.CAN_SlaveStartBank), (52 bytes).
    Removing stm32f10x_can.o(i.CAN_Sleep), (30 bytes).
    Removing stm32f10x_can.o(i.CAN_StructInit), (32 bytes).
    Removing stm32f10x_can.o(i.CAN_TTComModeCmd), (118 bytes).
    Removing stm32f10x_can.o(i.CAN_TransmitStatus), (160 bytes).
    Removing stm32f10x_can.o(i.CAN_WakeUp), (48 bytes).
    Removing stm32f10x_can.o(i.CheckITStatus), (18 bytes).
    Removing stm32f10x_cec.o(i.CEC_ClearFlag), (36 bytes).
    Removing stm32f10x_cec.o(i.CEC_ClearITPendingBit), (36 bytes).
    Removing stm32f10x_cec.o(i.CEC_Cmd), (32 bytes).
    Removing stm32f10x_cec.o(i.CEC_DeInit), (22 bytes).
    Removing stm32f10x_cec.o(i.CEC_EndOfMessageCmd), (12 bytes).
    Removing stm32f10x_cec.o(i.CEC_GetFlagStatus), (48 bytes).
    Removing stm32f10x_cec.o(i.CEC_GetITStatus), (40 bytes).
    Removing stm32f10x_cec.o(i.CEC_ITConfig), (12 bytes).
    Removing stm32f10x_cec.o(i.CEC_Init), (32 bytes).
    Removing stm32f10x_cec.o(i.CEC_OwnAddressConfig), (12 bytes).
    Removing stm32f10x_cec.o(i.CEC_ReceiveDataByte), (12 bytes).
    Removing stm32f10x_cec.o(i.CEC_SendDataByte), (12 bytes).
    Removing stm32f10x_cec.o(i.CEC_SetPrescaler), (12 bytes).
    Removing stm32f10x_cec.o(i.CEC_StartOfMessage), (12 bytes).
    Removing stm32f10x_crc.o(i.CRC_CalcBlockCRC), (36 bytes).
    Removing stm32f10x_crc.o(i.CRC_CalcCRC), (16 bytes).
    Removing stm32f10x_crc.o(i.CRC_GetCRC), (12 bytes).
    Removing stm32f10x_crc.o(i.CRC_GetIDRegister), (12 bytes).
    Removing stm32f10x_crc.o(i.CRC_ResetDR), (12 bytes).
    Removing stm32f10x_crc.o(i.CRC_SetIDRegister), (12 bytes).
    Removing stm32f10x_dac.o(i.DAC_Cmd), (40 bytes).
    Removing stm32f10x_dac.o(i.DAC_DMACmd), (44 bytes).
    Removing stm32f10x_dac.o(i.DAC_DeInit), (22 bytes).
    Removing stm32f10x_dac.o(i.DAC_DualSoftwareTriggerCmd), (36 bytes).
    Removing stm32f10x_dac.o(i.DAC_GetDataOutputValue), (36 bytes).
    Removing stm32f10x_dac.o(i.DAC_Init), (52 bytes).
    Removing stm32f10x_dac.o(i.DAC_SetChannel1Data), (32 bytes).
    Removing stm32f10x_dac.o(i.DAC_SetChannel2Data), (32 bytes).
    Removing stm32f10x_dac.o(i.DAC_SetDualChannelData), (36 bytes).
    Removing stm32f10x_dac.o(i.DAC_SoftwareTriggerCmd), (44 bytes).
    Removing stm32f10x_dac.o(i.DAC_StructInit), (12 bytes).
    Removing stm32f10x_dac.o(i.DAC_WaveGenerationCmd), (40 bytes).
    Removing stm32f10x_dbgmcu.o(i.DBGMCU_Config), (32 bytes).
    Removing stm32f10x_dbgmcu.o(i.DBGMCU_GetDEVID), (16 bytes).
    Removing stm32f10x_dbgmcu.o(i.DBGMCU_GetREVID), (12 bytes).
    Removing stm32f10x_dma.o(i.DMA_ClearITPendingBit), (28 bytes).
    Removing stm32f10x_dma.o(i.DMA_GetITStatus), (44 bytes).
    Removing stm32f10x_dma.o(i.DMA_StructInit), (26 bytes).
    Removing stm32f10x_exti.o(i.EXTI_ClearFlag), (12 bytes).
    Removing stm32f10x_exti.o(i.EXTI_DeInit), (36 bytes).
    Removing stm32f10x_exti.o(i.EXTI_GenerateSWInterrupt), (16 bytes).
    Removing stm32f10x_exti.o(i.EXTI_GetFlagStatus), (24 bytes).
    Removing stm32f10x_exti.o(i.EXTI_StructInit), (16 bytes).
    Removing stm32f10x_flash.o(i.FLASH_ClearFlag), (12 bytes).
    Removing stm32f10x_flash.o(i.FLASH_EnableWriteProtection), (196 bytes).
    Removing stm32f10x_flash.o(i.FLASH_EraseAllBank1Pages), (72 bytes).
    Removing stm32f10x_flash.o(i.FLASH_EraseAllPages), (72 bytes).
    Removing stm32f10x_flash.o(i.FLASH_EraseOptionBytes), (168 bytes).
    Removing stm32f10x_flash.o(i.FLASH_GetFlagStatus), (48 bytes).
    Removing stm32f10x_flash.o(i.FLASH_GetPrefetchBufferStatus), (24 bytes).
    Removing stm32f10x_flash.o(i.FLASH_GetReadOutProtectionStatus), (24 bytes).
    Removing stm32f10x_flash.o(i.FLASH_GetStatus), (52 bytes).
    Removing stm32f10x_flash.o(i.FLASH_GetUserOptionByte), (12 bytes).
    Removing stm32f10x_flash.o(i.FLASH_GetWriteProtectionOptionByte), (12 bytes).
    Removing stm32f10x_flash.o(i.FLASH_HalfCycleAccessCmd), (28 bytes).
    Removing stm32f10x_flash.o(i.FLASH_ITConfig), (32 bytes).
    Removing stm32f10x_flash.o(i.FLASH_LockBank1), (20 bytes).
    Removing stm32f10x_flash.o(i.FLASH_PrefetchBufferCmd), (28 bytes).
    Removing stm32f10x_flash.o(i.FLASH_ProgramOptionByteData), (84 bytes).
    Removing stm32f10x_flash.o(i.FLASH_ProgramWord), (108 bytes).
    Removing stm32f10x_flash.o(i.FLASH_ReadOutProtection), (172 bytes).
    Removing stm32f10x_flash.o(i.FLASH_SetLatency), (24 bytes).
    Removing stm32f10x_flash.o(i.FLASH_UnlockBank1), (24 bytes).
    Removing stm32f10x_flash.o(i.FLASH_UserOptionByteConfig), (104 bytes).
    Removing stm32f10x_flash.o(i.FLASH_WaitForLastBank1Operation), (38 bytes).
    Removing stm32f10x_fsmc.o(i.FSMC_ClearFlag), (64 bytes).
    Removing stm32f10x_fsmc.o(i.FSMC_ClearITPendingBit), (72 bytes).
    Removing stm32f10x_fsmc.o(i.FSMC_GetECC), (28 bytes).
    Removing stm32f10x_fsmc.o(i.FSMC_GetFlagStatus), (56 bytes).
    Removing stm32f10x_fsmc.o(i.FSMC_GetITStatus), (68 bytes).
    Removing stm32f10x_fsmc.o(i.FSMC_ITConfig), (128 bytes).
    Removing stm32f10x_fsmc.o(i.FSMC_NANDCmd), (92 bytes).
    Removing stm32f10x_fsmc.o(i.FSMC_NANDDeInit), (68 bytes).
    Removing stm32f10x_fsmc.o(i.FSMC_NANDECCCmd), (92 bytes).
    Removing stm32f10x_fsmc.o(i.FSMC_NANDInit), (136 bytes).
    Removing stm32f10x_fsmc.o(i.FSMC_NANDStructInit), (54 bytes).
    Removing stm32f10x_fsmc.o(i.FSMC_NORSRAMCmd), (52 bytes).
    Removing stm32f10x_fsmc.o(i.FSMC_NORSRAMDeInit), (54 bytes).
    Removing stm32f10x_fsmc.o(i.FSMC_NORSRAMInit), (230 bytes).
    Removing stm32f10x_fsmc.o(i.FSMC_NORSRAMStructInit), (114 bytes).
    Removing stm32f10x_fsmc.o(i.FSMC_PCCARDCmd), (48 bytes).
    Removing stm32f10x_fsmc.o(i.FSMC_PCCARDDeInit), (40 bytes).
    Removing stm32f10x_fsmc.o(i.FSMC_PCCARDInit), (132 bytes).
    Removing stm32f10x_fsmc.o(i.FSMC_PCCARDStructInit), (60 bytes).
    Removing stm32f10x_gpio.o(i.GPIO_AFIODeInit), (20 bytes).
    Removing stm32f10x_gpio.o(i.GPIO_DeInit), (200 bytes).
    Removing stm32f10x_gpio.o(i.GPIO_ETH_MediaInterfaceConfig), (12 bytes).
    Removing stm32f10x_gpio.o(i.GPIO_EventOutputCmd), (12 bytes).
    Removing stm32f10x_gpio.o(i.GPIO_EventOutputConfig), (32 bytes).
    Removing stm32f10x_gpio.o(i.GPIO_PinLockConfig), (18 bytes).
    Removing stm32f10x_gpio.o(i.GPIO_ReadInputData), (8 bytes).
    Removing stm32f10x_gpio.o(i.GPIO_ReadOutputData), (8 bytes).
    Removing stm32f10x_gpio.o(i.GPIO_ReadOutputDataBit), (18 bytes).
    Removing stm32f10x_gpio.o(i.GPIO_StructInit), (16 bytes).
    Removing stm32f10x_gpio.o(i.GPIO_Write), (4 bytes).
    Removing stm32f10x_i2c.o(i.I2C_ARPCmd), (24 bytes).
    Removing stm32f10x_i2c.o(i.I2C_AcknowledgeConfig), (24 bytes).
    Removing stm32f10x_i2c.o(i.I2C_CalculatePEC), (24 bytes).
    Removing stm32f10x_i2c.o(i.I2C_CheckEvent), (42 bytes).
    Removing stm32f10x_i2c.o(i.I2C_ClearFlag), (12 bytes).
    Removing stm32f10x_i2c.o(i.I2C_ClearITPendingBit), (12 bytes).
    Removing stm32f10x_i2c.o(i.I2C_Cmd), (24 bytes).
    Removing stm32f10x_i2c.o(i.I2C_DMACmd), (24 bytes).
    Removing stm32f10x_i2c.o(i.I2C_DMALastTransferCmd), (24 bytes).
    Removing stm32f10x_i2c.o(i.I2C_DeInit), (56 bytes).
    Removing stm32f10x_i2c.o(i.I2C_DualAddressCmd), (24 bytes).
    Removing stm32f10x_i2c.o(i.I2C_FastModeDutyCycleConfig), (28 bytes).
    Removing stm32f10x_i2c.o(i.I2C_GeneralCallCmd), (24 bytes).
    Removing stm32f10x_i2c.o(i.I2C_GenerateSTART), (24 bytes).
    Removing stm32f10x_i2c.o(i.I2C_GenerateSTOP), (24 bytes).
    Removing stm32f10x_i2c.o(i.I2C_GetFlagStatus), (58 bytes).
    Removing stm32f10x_i2c.o(i.I2C_GetITStatus), (38 bytes).
    Removing stm32f10x_i2c.o(i.I2C_GetLastEvent), (26 bytes).
    Removing stm32f10x_i2c.o(i.I2C_GetPEC), (8 bytes).
    Removing stm32f10x_i2c.o(i.I2C_ITConfig), (18 bytes).
    Removing stm32f10x_i2c.o(i.I2C_Init), (236 bytes).
    Removing stm32f10x_i2c.o(i.I2C_NACKPositionConfig), (28 bytes).
    Removing stm32f10x_i2c.o(i.I2C_OwnAddress2Config), (22 bytes).
    Removing stm32f10x_i2c.o(i.I2C_PECPositionConfig), (28 bytes).
    Removing stm32f10x_i2c.o(i.I2C_ReadRegister), (22 bytes).
    Removing stm32f10x_i2c.o(i.I2C_ReceiveData), (8 bytes).
    Removing stm32f10x_i2c.o(i.I2C_SMBusAlertConfig), (28 bytes).
    Removing stm32f10x_i2c.o(i.I2C_Send7bitAddress), (18 bytes).
    Removing stm32f10x_i2c.o(i.I2C_SendData), (4 bytes).
    Removing stm32f10x_i2c.o(i.I2C_SoftwareResetCmd), (22 bytes).
    Removing stm32f10x_i2c.o(i.I2C_StretchClockCmd), (24 bytes).
    Removing stm32f10x_i2c.o(i.I2C_StructInit), (30 bytes).
    Removing stm32f10x_i2c.o(i.I2C_TransmitPEC), (24 bytes).
    Removing stm32f10x_iwdg.o(i.IWDG_Enable), (16 bytes).
    Removing stm32f10x_iwdg.o(i.IWDG_GetFlagStatus), (24 bytes).
    Removing stm32f10x_iwdg.o(i.IWDG_ReloadCounter), (16 bytes).
    Removing stm32f10x_iwdg.o(i.IWDG_SetPrescaler), (12 bytes).
    Removing stm32f10x_iwdg.o(i.IWDG_SetReload), (12 bytes).
    Removing stm32f10x_iwdg.o(i.IWDG_WriteAccessCmd), (12 bytes).
    Removing stm32f10x_pwr.o(i.PWR_BackupAccessCmd), (12 bytes).
    Removing stm32f10x_pwr.o(i.PWR_ClearFlag), (20 bytes).
    Removing stm32f10x_pwr.o(i.PWR_DeInit), (22 bytes).
    Removing stm32f10x_pwr.o(i.PWR_EnterSTANDBYMode), (52 bytes).
    Removing stm32f10x_pwr.o(i.PWR_EnterSTOPMode), (64 bytes).
    Removing stm32f10x_pwr.o(i.PWR_GetFlagStatus), (24 bytes).
    Removing stm32f10x_pwr.o(i.PWR_PVDCmd), (12 bytes).
    Removing stm32f10x_pwr.o(i.PWR_PVDLevelConfig), (24 bytes).
    Removing stm32f10x_pwr.o(i.PWR_WakeUpPinCmd), (12 bytes).
    Removing stm32f10x_rcc.o(i.RCC_ADCCLKConfig), (24 bytes).
    Removing stm32f10x_rcc.o(i.RCC_AdjustHSICalibrationValue), (24 bytes).
    Removing stm32f10x_rcc.o(i.RCC_BackupResetCmd), (12 bytes).
    Removing stm32f10x_rcc.o(i.RCC_ClearFlag), (20 bytes).
    Removing stm32f10x_rcc.o(i.RCC_ClearITPendingBit), (12 bytes).
    Removing stm32f10x_rcc.o(i.RCC_ClockSecuritySystemCmd), (12 bytes).
    Removing stm32f10x_rcc.o(i.RCC_GetFlagStatus), (60 bytes).
    Removing stm32f10x_rcc.o(i.RCC_GetITStatus), (24 bytes).
    Removing stm32f10x_rcc.o(i.RCC_GetSYSCLKSource), (16 bytes).
    Removing stm32f10x_rcc.o(i.RCC_HCLKConfig), (24 bytes).
    Removing stm32f10x_rcc.o(i.RCC_HSEConfig), (76 bytes).
    Removing stm32f10x_rcc.o(i.RCC_HSICmd), (12 bytes).
    Removing stm32f10x_rcc.o(i.RCC_ITConfig), (32 bytes).
    Removing stm32f10x_rcc.o(i.RCC_LSEConfig), (52 bytes).
    Removing stm32f10x_rcc.o(i.RCC_LSICmd), (12 bytes).
    Removing stm32f10x_rcc.o(i.RCC_MCOConfig), (12 bytes).
    Removing stm32f10x_rcc.o(i.RCC_PCLK1Config), (24 bytes).
    Removing stm32f10x_rcc.o(i.RCC_PCLK2Config), (24 bytes).
    Removing stm32f10x_rcc.o(i.RCC_PLLCmd), (12 bytes).
    Removing stm32f10x_rcc.o(i.RCC_PLLConfig), (28 bytes).
    Removing stm32f10x_rcc.o(i.RCC_RTCCLKCmd), (12 bytes).
    Removing stm32f10x_rcc.o(i.RCC_RTCCLKConfig), (16 bytes).
    Removing stm32f10x_rcc.o(i.RCC_SYSCLKConfig), (24 bytes).
    Removing stm32f10x_rcc.o(i.RCC_USBCLKConfig), (12 bytes).
    Removing stm32f10x_rcc.o(i.RCC_WaitForHSEStartUp), (56 bytes).
    Removing stm32f10x_rtc.o(i.RTC_ClearFlag), (16 bytes).
    Removing stm32f10x_rtc.o(i.RTC_ClearITPendingBit), (16 bytes).
    Removing stm32f10x_rtc.o(i.RTC_EnterConfigMode), (20 bytes).
    Removing stm32f10x_rtc.o(i.RTC_ExitConfigMode), (20 bytes).
    Removing stm32f10x_rtc.o(i.RTC_GetCounter), (20 bytes).
    Removing stm32f10x_rtc.o(i.RTC_GetDivider), (24 bytes).
    Removing stm32f10x_rtc.o(i.RTC_GetFlagStatus), (24 bytes).
    Removing stm32f10x_rtc.o(i.RTC_GetITStatus), (36 bytes).
    Removing stm32f10x_rtc.o(i.RTC_ITConfig), (32 bytes).
    Removing stm32f10x_rtc.o(i.RTC_SetAlarm), (28 bytes).
    Removing stm32f10x_rtc.o(i.RTC_SetCounter), (28 bytes).
    Removing stm32f10x_rtc.o(i.RTC_SetPrescaler), (32 bytes).
    Removing stm32f10x_rtc.o(i.RTC_WaitForLastTask), (20 bytes).
    Removing stm32f10x_rtc.o(i.RTC_WaitForSynchro), (36 bytes).
    Removing stm32f10x_sdio.o(i.SDIO_CEATAITCmd), (16 bytes).
    Removing stm32f10x_sdio.o(i.SDIO_ClearFlag), (12 bytes).
    Removing stm32f10x_sdio.o(i.SDIO_ClearITPendingBit), (12 bytes).
    Removing stm32f10x_sdio.o(i.SDIO_ClockCmd), (12 bytes).
    Removing stm32f10x_sdio.o(i.SDIO_CmdStructInit), (14 bytes).
    Removing stm32f10x_sdio.o(i.SDIO_CommandCompletionCmd), (12 bytes).
    Removing stm32f10x_sdio.o(i.SDIO_DMACmd), (12 bytes).
    Removing stm32f10x_sdio.o(i.SDIO_DataConfig), (48 bytes).
    Removing stm32f10x_sdio.o(i.SDIO_DataStructInit), (20 bytes).
    Removing stm32f10x_sdio.o(i.SDIO_DeInit), (36 bytes).
    Removing stm32f10x_sdio.o(i.SDIO_GetCommandResponse), (12 bytes).
    Removing stm32f10x_sdio.o(i.SDIO_GetDataCounter), (12 bytes).
    Removing stm32f10x_sdio.o(i.SDIO_GetFIFOCount), (12 bytes).
    Removing stm32f10x_sdio.o(i.SDIO_GetFlagStatus), (24 bytes).
    Removing stm32f10x_sdio.o(i.SDIO_GetITStatus), (24 bytes).
    Removing stm32f10x_sdio.o(i.SDIO_GetPowerState), (16 bytes).
    Removing stm32f10x_sdio.o(i.SDIO_GetResponse), (24 bytes).
    Removing stm32f10x_sdio.o(i.SDIO_ITConfig), (32 bytes).
    Removing stm32f10x_sdio.o(i.SDIO_Init), (48 bytes).
    Removing stm32f10x_sdio.o(i.SDIO_ReadData), (12 bytes).
    Removing stm32f10x_sdio.o(i.SDIO_SendCEATACmd), (12 bytes).
    Removing stm32f10x_sdio.o(i.SDIO_SendCommand), (44 bytes).
    Removing stm32f10x_sdio.o(i.SDIO_SendSDIOSuspendCmd), (12 bytes).
    Removing stm32f10x_sdio.o(i.SDIO_SetPowerState), (28 bytes).
    Removing stm32f10x_sdio.o(i.SDIO_SetSDIOOperation), (12 bytes).
    Removing stm32f10x_sdio.o(i.SDIO_SetSDIOReadWaitMode), (12 bytes).
    Removing stm32f10x_sdio.o(i.SDIO_StartSDIOReadWait), (12 bytes).
    Removing stm32f10x_sdio.o(i.SDIO_StopSDIOReadWait), (12 bytes).
    Removing stm32f10x_sdio.o(i.SDIO_StructInit), (16 bytes).
    Removing stm32f10x_sdio.o(i.SDIO_WriteData), (12 bytes).
    Removing stm32f10x_spi.o(i.I2S_Cmd), (24 bytes).
    Removing stm32f10x_spi.o(i.I2S_Init), (232 bytes).
    Removing stm32f10x_spi.o(i.I2S_StructInit), (20 bytes).
    Removing stm32f10x_spi.o(i.SPI_BiDirectionalLineConfig), (28 bytes).
    Removing stm32f10x_spi.o(i.SPI_CalculateCRC), (24 bytes).
    Removing stm32f10x_spi.o(i.SPI_Cmd), (24 bytes).
    Removing stm32f10x_spi.o(i.SPI_DataSizeConfig), (18 bytes).
    Removing stm32f10x_spi.o(i.SPI_GetCRC), (16 bytes).
    Removing stm32f10x_spi.o(i.SPI_GetCRCPolynomial), (6 bytes).
    Removing stm32f10x_spi.o(i.SPI_I2S_ClearFlag), (6 bytes).
    Removing stm32f10x_spi.o(i.SPI_I2S_ClearITPendingBit), (20 bytes).
    Removing stm32f10x_spi.o(i.SPI_I2S_DMACmd), (18 bytes).
    Removing stm32f10x_spi.o(i.SPI_I2S_DeInit), (88 bytes).
    Removing stm32f10x_spi.o(i.SPI_I2S_GetFlagStatus), (18 bytes).
    Removing stm32f10x_spi.o(i.SPI_I2S_GetITStatus), (52 bytes).
    Removing stm32f10x_spi.o(i.SPI_I2S_ITConfig), (32 bytes).
    Removing stm32f10x_spi.o(i.SPI_I2S_ReceiveData), (6 bytes).
    Removing stm32f10x_spi.o(i.SPI_I2S_SendData), (4 bytes).
    Removing stm32f10x_spi.o(i.SPI_Init), (60 bytes).
    Removing stm32f10x_spi.o(i.SPI_NSSInternalSoftwareConfig), (30 bytes).
    Removing stm32f10x_spi.o(i.SPI_SSOutputCmd), (24 bytes).
    Removing stm32f10x_spi.o(i.SPI_StructInit), (24 bytes).
    Removing stm32f10x_spi.o(i.SPI_TransmitCRC), (10 bytes).
    Removing stm32f10x_tim.o(i.TI1_Config), (128 bytes).
    Removing stm32f10x_tim.o(i.TI2_Config), (152 bytes).
    Removing stm32f10x_tim.o(i.TI3_Config), (144 bytes).
    Removing stm32f10x_tim.o(i.TI4_Config), (152 bytes).
    Removing stm32f10x_tim.o(i.TIM_ARRPreloadConfig), (24 bytes).
    Removing stm32f10x_tim.o(i.TIM_BDTRConfig), (32 bytes).
    Removing stm32f10x_tim.o(i.TIM_BDTRStructInit), (18 bytes).
    Removing stm32f10x_tim.o(i.TIM_CCPreloadControl), (24 bytes).
    Removing stm32f10x_tim.o(i.TIM_CCxCmd), (30 bytes).
    Removing stm32f10x_tim.o(i.TIM_CCxNCmd), (30 bytes).
    Removing stm32f10x_tim.o(i.TIM_ClearFlag), (6 bytes).
    Removing stm32f10x_tim.o(i.TIM_ClearOC1Ref), (18 bytes).
    Removing stm32f10x_tim.o(i.TIM_ClearOC2Ref), (24 bytes).
    Removing stm32f10x_tim.o(i.TIM_ClearOC3Ref), (18 bytes).
    Removing stm32f10x_tim.o(i.TIM_ClearOC4Ref), (24 bytes).
    Removing stm32f10x_tim.o(i.TIM_CounterModeConfig), (18 bytes).
    Removing stm32f10x_tim.o(i.TIM_CtrlPWMOutputs), (30 bytes).
    Removing stm32f10x_tim.o(i.TIM_DMACmd), (18 bytes).
    Removing stm32f10x_tim.o(i.TIM_DMAConfig), (10 bytes).
    Removing stm32f10x_tim.o(i.TIM_DeInit), (488 bytes).
    Removing stm32f10x_tim.o(i.TIM_ETRClockMode1Config), (54 bytes).
    Removing stm32f10x_tim.o(i.TIM_ETRClockMode2Config), (32 bytes).
    Removing stm32f10x_tim.o(i.TIM_ETRConfig), (28 bytes).
    Removing stm32f10x_tim.o(i.TIM_EncoderInterfaceConfig), (66 bytes).
    Removing stm32f10x_tim.o(i.TIM_ForcedOC1Config), (18 bytes).
    Removing stm32f10x_tim.o(i.TIM_ForcedOC2Config), (26 bytes).
    Removing stm32f10x_tim.o(i.TIM_ForcedOC3Config), (18 bytes).
    Removing stm32f10x_tim.o(i.TIM_ForcedOC4Config), (26 bytes).
    Removing stm32f10x_tim.o(i.TIM_GenerateEvent), (4 bytes).
    Removing stm32f10x_tim.o(i.TIM_GetCapture1), (6 bytes).
    Removing stm32f10x_tim.o(i.TIM_GetCapture2), (6 bytes).
    Removing stm32f10x_tim.o(i.TIM_GetCapture3), (6 bytes).
    Removing stm32f10x_tim.o(i.TIM_GetCapture4), (8 bytes).
    Removing stm32f10x_tim.o(i.TIM_GetCounter), (6 bytes).
    Removing stm32f10x_tim.o(i.TIM_GetFlagStatus), (18 bytes).
    Removing stm32f10x_tim.o(i.TIM_GetPrescaler), (6 bytes).
    Removing stm32f10x_tim.o(i.TIM_ICInit), (172 bytes).
    Removing stm32f10x_tim.o(i.TIM_ICStructInit), (18 bytes).
    Removing stm32f10x_tim.o(i.TIM_ITRxExternalClockConfig), (24 bytes).
    Removing stm32f10x_tim.o(i.TIM_InternalClockConfig), (12 bytes).
    Removing stm32f10x_tim.o(i.TIM_OC1FastConfig), (18 bytes).
    Removing stm32f10x_tim.o(i.TIM_OC1Init), (152 bytes).
    Removing stm32f10x_tim.o(i.TIM_OC1NPolarityConfig), (18 bytes).
    Removing stm32f10x_tim.o(i.TIM_OC1PolarityConfig), (18 bytes).
    Removing stm32f10x_tim.o(i.TIM_OC1PreloadConfig), (18 bytes).
    Removing stm32f10x_tim.o(i.TIM_OC2FastConfig), (26 bytes).
    Removing stm32f10x_tim.o(i.TIM_OC2Init), (164 bytes).
    Removing stm32f10x_tim.o(i.TIM_OC2NPolarityConfig), (26 bytes).
    Removing stm32f10x_tim.o(i.TIM_OC2PolarityConfig), (26 bytes).
    Removing stm32f10x_tim.o(i.TIM_OC2PreloadConfig), (26 bytes).
    Removing stm32f10x_tim.o(i.TIM_OC3FastConfig), (18 bytes).
    Removing stm32f10x_tim.o(i.TIM_OC3Init), (160 bytes).
    Removing stm32f10x_tim.o(i.TIM_OC3NPolarityConfig), (26 bytes).
    Removing stm32f10x_tim.o(i.TIM_OC3PolarityConfig), (26 bytes).
    Removing stm32f10x_tim.o(i.TIM_OC3PreloadConfig), (18 bytes).
    Removing stm32f10x_tim.o(i.TIM_OC4FastConfig), (26 bytes).
    Removing stm32f10x_tim.o(i.TIM_OC4Init), (124 bytes).
    Removing stm32f10x_tim.o(i.TIM_OC4PolarityConfig), (26 bytes).
    Removing stm32f10x_tim.o(i.TIM_OC4PreloadConfig), (26 bytes).
    Removing stm32f10x_tim.o(i.TIM_OCStructInit), (20 bytes).
    Removing stm32f10x_tim.o(i.TIM_PWMIConfig), (124 bytes).
    Removing stm32f10x_tim.o(i.TIM_PrescalerConfig), (6 bytes).
    Removing stm32f10x_tim.o(i.TIM_SelectCCDMA), (24 bytes).
    Removing stm32f10x_tim.o(i.TIM_SelectCOM), (24 bytes).
    Removing stm32f10x_tim.o(i.TIM_SelectHallSensor), (24 bytes).
    Removing stm32f10x_tim.o(i.TIM_SelectInputTrigger), (18 bytes).
    Removing stm32f10x_tim.o(i.TIM_SelectMasterSlaveMode), (18 bytes).
    Removing stm32f10x_tim.o(i.TIM_SelectOCxM), (82 bytes).
    Removing stm32f10x_tim.o(i.TIM_SelectOnePulseMode), (18 bytes).
    Removing stm32f10x_tim.o(i.TIM_SelectOutputTrigger), (18 bytes).
    Removing stm32f10x_tim.o(i.TIM_SelectSlaveMode), (18 bytes).
    Removing stm32f10x_tim.o(i.TIM_SetAutoreload), (4 bytes).
    Removing stm32f10x_tim.o(i.TIM_SetClockDivision), (18 bytes).
    Removing stm32f10x_tim.o(i.TIM_SetCompare1), (4 bytes).
    Removing stm32f10x_tim.o(i.TIM_SetCompare2), (4 bytes).
    Removing stm32f10x_tim.o(i.TIM_SetCompare3), (4 bytes).
    Removing stm32f10x_tim.o(i.TIM_SetCompare4), (6 bytes).
    Removing stm32f10x_tim.o(i.TIM_SetIC1Prescaler), (18 bytes).
    Removing stm32f10x_tim.o(i.TIM_SetIC2Prescaler), (26 bytes).
    Removing stm32f10x_tim.o(i.TIM_SetIC3Prescaler), (18 bytes).
    Removing stm32f10x_tim.o(i.TIM_SetIC4Prescaler), (26 bytes).
    Removing stm32f10x_tim.o(i.TIM_TIxExternalClockConfig), (62 bytes).
    Removing stm32f10x_tim.o(i.TIM_TimeBaseStructInit), (18 bytes).
    Removing stm32f10x_tim.o(i.TIM_UpdateDisableConfig), (24 bytes).
    Removing stm32f10x_tim.o(i.TIM_UpdateRequestConfig), (24 bytes).
    Removing stm32f10x_usart.o(i.USART_ClearFlag), (18 bytes).
    Removing stm32f10x_usart.o(i.USART_ClearITPendingBit), (30 bytes).
    Removing stm32f10x_usart.o(i.USART_ClockInit), (34 bytes).
    Removing stm32f10x_usart.o(i.USART_ClockStructInit), (12 bytes).
    Removing stm32f10x_usart.o(i.USART_GetITStatus), (84 bytes).
    Removing stm32f10x_usart.o(i.USART_HalfDuplexCmd), (24 bytes).
    Removing stm32f10x_usart.o(i.USART_IrDACmd), (24 bytes).
    Removing stm32f10x_usart.o(i.USART_IrDAConfig), (18 bytes).
    Removing stm32f10x_usart.o(i.USART_LINBreakDetectLengthConfig), (18 bytes).
    Removing stm32f10x_usart.o(i.USART_LINCmd), (24 bytes).
    Removing stm32f10x_usart.o(i.USART_OneBitMethodCmd), (24 bytes).
    Removing stm32f10x_usart.o(i.USART_OverSampling8Cmd), (22 bytes).
    Removing stm32f10x_usart.o(i.USART_ReceiveData), (10 bytes).
    Removing stm32f10x_usart.o(i.USART_ReceiverWakeUpCmd), (24 bytes).
    Removing stm32f10x_usart.o(i.USART_SendBreak), (10 bytes).
    Removing stm32f10x_usart.o(i.USART_SetAddress), (18 bytes).
    Removing stm32f10x_usart.o(i.USART_SetGuardTime), (16 bytes).
    Removing stm32f10x_usart.o(i.USART_SetPrescaler), (16 bytes).
    Removing stm32f10x_usart.o(i.USART_SmartCardCmd), (24 bytes).
    Removing stm32f10x_usart.o(i.USART_SmartCardNACKCmd), (24 bytes).
    Removing stm32f10x_usart.o(i.USART_StructInit), (24 bytes).
    Removing stm32f10x_usart.o(i.USART_WakeUpConfig), (18 bytes).
    Removing stm32f10x_wwdg.o(i.WWDG_ClearFlag), (12 bytes).
    Removing stm32f10x_wwdg.o(i.WWDG_DeInit), (22 bytes).
    Removing stm32f10x_wwdg.o(i.WWDG_Enable), (16 bytes).
    Removing stm32f10x_wwdg.o(i.WWDG_EnableIT), (12 bytes).
    Removing stm32f10x_wwdg.o(i.WWDG_GetFlagStatus), (12 bytes).
    Removing stm32f10x_wwdg.o(i.WWDG_SetCounter), (16 bytes).
    Removing stm32f10x_wwdg.o(i.WWDG_SetPrescaler), (24 bytes).
    Removing stm32f10x_wwdg.o(i.WWDG_SetWindowValue), (40 bytes).
    Removing debug_uart.o(i.USARTX_SendArray), (60 bytes).
    Removing gpio.o(i.GPIO_Read_Input), (16 bytes).
    Removing gpio.o(i.GPIO_Set_Output), (30 bytes).
    Removing flash.o(i.Byte_Write), (16 bytes).
    Removing iap.o(i.Peripheral_Deinit), (132 bytes).
    Removing iap.o(i.Read_Deliver_Addr), (32 bytes).
    Removing ws2812.o(i.ShowAll_Color), (120 bytes).
    Removing ws2812.o(i.delay), (18 bytes).
    Removing sys.o(i.INTX_DISABLE), (4 bytes).
    Removing sys.o(i.INTX_ENABLE), (4 bytes).
    Removing sys.o(i.WFI_SET), (4 bytes).
    Removing delay.o(i.delay_init), (68 bytes).
    Removing delay.o(i.delay_ms), (76 bytes).
    Removing delay.o(i.delay_us), (76 bytes).
    Removing delay.o(.data), (4 bytes).
    Removing dadd.o(.text), (334 bytes).
    Removing dmul.o(.text), (228 bytes).
    Removing ddiv.o(.text), (222 bytes).
    Removing dfixul.o(.text), (48 bytes).
    Removing cdrcmple.o(.text), (48 bytes).
    Removing depilogue.o(.text), (186 bytes).

445 unused section(s) (total 17504 bytes) removed from the image.

==============================================================================

Image Symbol Table

    Local Symbols

    Symbol Name                              Value     Ov Type        Size  Object(Section)

    ../clib/microlib/division.c              0x00000000   Number         0  uldiv.o ABSOLUTE
    ../clib/microlib/division.c              0x00000000   Number         0  uidiv.o ABSOLUTE
    ../clib/microlib/init/entry.s            0x00000000   Number         0  entry9b.o ABSOLUTE
    ../clib/microlib/init/entry.s            0x00000000   Number         0  entry9a.o ABSOLUTE
    ../clib/microlib/init/entry.s            0x00000000   Number         0  entry11b.o ABSOLUTE
    ../clib/microlib/init/entry.s            0x00000000   Number         0  entry11a.o ABSOLUTE
    ../clib/microlib/init/entry.s            0x00000000   Number         0  entry.o ABSOLUTE
    ../clib/microlib/init/entry.s            0x00000000   Number         0  entry2.o ABSOLUTE
    ../clib/microlib/init/entry.s            0x00000000   Number         0  entry5.o ABSOLUTE
    ../clib/microlib/init/entry.s            0x00000000   Number         0  entry8b.o ABSOLUTE
    ../clib/microlib/init/entry.s            0x00000000   Number         0  entry7a.o ABSOLUTE
    ../clib/microlib/init/entry.s            0x00000000   Number         0  entry7b.o ABSOLUTE
    ../clib/microlib/init/entry.s            0x00000000   Number         0  entry10b.o ABSOLUTE
    ../clib/microlib/init/entry.s            0x00000000   Number         0  entry10a.o ABSOLUTE
    ../clib/microlib/init/entry.s            0x00000000   Number         0  entry8a.o ABSOLUTE
    ../clib/microlib/longlong.c              0x00000000   Number         0  llshl.o ABSOLUTE
    ../clib/microlib/longlong.c              0x00000000   Number         0  llushr.o ABSOLUTE
    ../clib/microlib/longlong.c              0x00000000   Number         0  llsshr.o ABSOLUTE
    ../clib/microlib/printf/printf.c         0x00000000   Number         0  printf4.o ABSOLUTE
    ../clib/microlib/printf/printf.c         0x00000000   Number         0  printf3.o ABSOLUTE
    ../clib/microlib/printf/printf.c         0x00000000   Number         0  printf1.o ABSOLUTE
    ../clib/microlib/printf/printf.c         0x00000000   Number         0  printf0.o ABSOLUTE
    ../clib/microlib/printf/printf.c         0x00000000   Number         0  printfb.o ABSOLUTE
    ../clib/microlib/printf/printf.c         0x00000000   Number         0  printf2.o ABSOLUTE
    ../clib/microlib/printf/printf.c         0x00000000   Number         0  printfa.o ABSOLUTE
    ../clib/microlib/printf/printf.c         0x00000000   Number         0  printf8.o ABSOLUTE
    ../clib/microlib/printf/printf.c         0x00000000   Number         0  printf7.o ABSOLUTE
    ../clib/microlib/printf/printf.c         0x00000000   Number         0  printf6.o ABSOLUTE
    ../clib/microlib/printf/printf.c         0x00000000   Number         0  printf5.o ABSOLUTE
    ../clib/microlib/stdio/streams.c         0x00000000   Number         0  stdout.o ABSOLUTE
    ../clib/microlib/string/memset.c         0x00000000   Number         0  memseta.o ABSOLUTE
    ../clib/microlib/stubs.s                 0x00000000   Number         0  iusefp.o ABSOLUTE
    ../fplib/microlib/fpadd.c                0x00000000   Number         0  dadd.o ABSOLUTE
    ../fplib/microlib/fpdiv.c                0x00000000   Number         0  ddiv.o ABSOLUTE
    ../fplib/microlib/fpepilogue.c           0x00000000   Number         0  depilogue.o ABSOLUTE
    ../fplib/microlib/fpfix.c                0x00000000   Number         0  dfixul.o ABSOLUTE
    ../fplib/microlib/fpmul.c                0x00000000   Number         0  dmul.o ABSOLUTE
    Hardware\CAN.c                           0x00000000   Number         0  can.o ABSOLUTE
    Hardware\DEBUG_UART.c                    0x00000000   Number         0  debug_uart.o ABSOLUTE
    Hardware\FLASH.c                         0x00000000   Number         0  flash.o ABSOLUTE
    Hardware\GPIO.c                          0x00000000   Number         0  gpio.o ABSOLUTE
    Hardware\IAP.c                           0x00000000   Number         0  iap.o ABSOLUTE
    Hardware\TIM.c                           0x00000000   Number         0  tim.o ABSOLUTE
    Hardware\UART.c                          0x00000000   Number         0  uart.o ABSOLUTE
    Hardware\WS2812.c                        0x00000000   Number         0  ws2812.o ABSOLUTE
    Library\misc.c                           0x00000000   Number         0  misc.o ABSOLUTE
    Library\stm32f10x_adc.c                  0x00000000   Number         0  stm32f10x_adc.o ABSOLUTE
    Library\stm32f10x_bkp.c                  0x00000000   Number         0  stm32f10x_bkp.o ABSOLUTE
    Library\stm32f10x_can.c                  0x00000000   Number         0  stm32f10x_can.o ABSOLUTE
    Library\stm32f10x_cec.c                  0x00000000   Number         0  stm32f10x_cec.o ABSOLUTE
    Library\stm32f10x_crc.c                  0x00000000   Number         0  stm32f10x_crc.o ABSOLUTE
    Library\stm32f10x_dac.c                  0x00000000   Number         0  stm32f10x_dac.o ABSOLUTE
    Library\stm32f10x_dbgmcu.c               0x00000000   Number         0  stm32f10x_dbgmcu.o ABSOLUTE
    Library\stm32f10x_dma.c                  0x00000000   Number         0  stm32f10x_dma.o ABSOLUTE
    Library\stm32f10x_exti.c                 0x00000000   Number         0  stm32f10x_exti.o ABSOLUTE
    Library\stm32f10x_flash.c                0x00000000   Number         0  stm32f10x_flash.o ABSOLUTE
    Library\stm32f10x_fsmc.c                 0x00000000   Number         0  stm32f10x_fsmc.o ABSOLUTE
    Library\stm32f10x_gpio.c                 0x00000000   Number         0  stm32f10x_gpio.o ABSOLUTE
    Library\stm32f10x_i2c.c                  0x00000000   Number         0  stm32f10x_i2c.o ABSOLUTE
    Library\stm32f10x_iwdg.c                 0x00000000   Number         0  stm32f10x_iwdg.o ABSOLUTE
    Library\stm32f10x_pwr.c                  0x00000000   Number         0  stm32f10x_pwr.o ABSOLUTE
    Library\stm32f10x_rcc.c                  0x00000000   Number         0  stm32f10x_rcc.o ABSOLUTE
    Library\stm32f10x_rtc.c                  0x00000000   Number         0  stm32f10x_rtc.o ABSOLUTE
    Library\stm32f10x_sdio.c                 0x00000000   Number         0  stm32f10x_sdio.o ABSOLUTE
    Library\stm32f10x_spi.c                  0x00000000   Number         0  stm32f10x_spi.o ABSOLUTE
    Library\stm32f10x_tim.c                  0x00000000   Number         0  stm32f10x_tim.o ABSOLUTE
    Library\stm32f10x_usart.c                0x00000000   Number         0  stm32f10x_usart.o ABSOLUTE
    Library\stm32f10x_wwdg.c                 0x00000000   Number         0  stm32f10x_wwdg.o ABSOLUTE
    Start\\core_cm3.c                        0x00000000   Number         0  core_cm3.o ABSOLUTE
    Start\core_cm3.c                         0x00000000   Number         0  core_cm3.o ABSOLUTE
    Start\startup_stm32f10x_md.s             0x00000000   Number         0  startup_stm32f10x_md.o ABSOLUTE
    Start\system_stm32f10x.c                 0x00000000   Number         0  system_stm32f10x.o ABSOLUTE
    System\DELAY.c                           0x00000000   Number         0  delay.o ABSOLUTE
    System\SYS.c                             0x00000000   Number         0  sys.o ABSOLUTE
    System\\SYS.c                            0x00000000   Number         0  sys.o ABSOLUTE
    User\main.c                              0x00000000   Number         0  main.o ABSOLUTE
    User\stm32f10x_it.c                      0x00000000   Number         0  stm32f10x_it.o ABSOLUTE
    cdrcmple.s                               0x00000000   Number         0  cdrcmple.o ABSOLUTE
    dc.s                                     0x00000000   Number         0  dc.o ABSOLUTE
    handlers.s                               0x00000000   Number         0  handlers.o ABSOLUTE
    init.s                                   0x00000000   Number         0  init.o ABSOLUTE
    RESET                                    0x08003000   Section      236  startup_stm32f10x_md.o(RESET)
    .ARM.Collect$$$$00000000                 0x080030ec   Section        0  entry.o(.ARM.Collect$$$$00000000)
    .ARM.Collect$$$$00000001                 0x080030ec   Section        4  entry2.o(.ARM.Collect$$$$00000001)
    .ARM.Collect$$$$00000004                 0x080030f0   Section        4  entry5.o(.ARM.Collect$$$$00000004)
    .ARM.Collect$$$$00000008                 0x080030f4   Section        0  entry7b.o(.ARM.Collect$$$$00000008)
    .ARM.Collect$$$$0000000A                 0x080030f4   Section        0  entry8b.o(.ARM.Collect$$$$0000000A)
    .ARM.Collect$$$$0000000B                 0x080030f4   Section        8  entry9a.o(.ARM.Collect$$$$0000000B)
    .ARM.Collect$$$$0000000D                 0x080030fc   Section        0  entry10a.o(.ARM.Collect$$$$0000000D)
    .ARM.Collect$$$$0000000F                 0x080030fc   Section        0  entry11a.o(.ARM.Collect$$$$0000000F)
    .ARM.Collect$$$$00002712                 0x080030fc   Section        4  entry2.o(.ARM.Collect$$$$00002712)
    __lit__00000000                          0x080030fc   Data           4  entry2.o(.ARM.Collect$$$$00002712)
    .emb_text                                0x08003100   Section        6  sys.o(.emb_text)
    .text                                    0x08003108   Section       36  startup_stm32f10x_md.o(.text)
    .text                                    0x0800312c   Section        0  memseta.o(.text)
    .text                                    0x08003150   Section       36  init.o(.text)
    i.BusFault_Handler                       0x08003174   Section        0  stm32f10x_it.o(i.BusFault_Handler)
    i.CAN_ClearITPendingBit                  0x08003178   Section        0  stm32f10x_can.o(i.CAN_ClearITPendingBit)
    i.CAN_FilterInit                         0x08003220   Section        0  stm32f10x_can.o(i.CAN_FilterInit)
    i.CAN_Filter_Config                      0x08003328   Section        0  can.o(i.CAN_Filter_Config)
    i.CAN_GPIO_Init                          0x08003370   Section        0  can.o(i.CAN_GPIO_Init)
    i.CAN_ITConfig                           0x080033d0   Section        0  stm32f10x_can.o(i.CAN_ITConfig)
    i.CAN_Init                               0x080033e2   Section        0  stm32f10x_can.o(i.CAN_Init)
    i.CAN_Mode_Init                          0x080034f8   Section        0  can.o(i.CAN_Mode_Init)
    i.CAN_NVIC_Init                          0x08003558   Section        0  can.o(i.CAN_NVIC_Init)
    i.CAN_ReadBufferReset                    0x08003584   Section        0  can.o(i.CAN_ReadBufferReset)
    i.CAN_Receive                            0x080035d4   Section        0  stm32f10x_can.o(i.CAN_Receive)
    i.CAN_SetMsg                             0x080036c4   Section        0  can.o(i.CAN_SetMsg)
    i.CAN_Start                              0x080036ea   Section        0  can.o(i.CAN_Start)
    i.CAN_Transmit                           0x080036fe   Section        0  stm32f10x_can.o(i.CAN_Transmit)
    i.DEBUG_USART_Init                       0x08003824   Section        0  debug_uart.o(i.DEBUG_USART_Init)
    i.DEBUG_USART_ModeConfig                 0x0800383c   Section        0  debug_uart.o(i.DEBUG_USART_ModeConfig)
    i.DEBUG_USART_PinConfig                  0x08003890   Section        0  debug_uart.o(i.DEBUG_USART_PinConfig)
    i.DMA_ClearFlag                          0x080038dc   Section        0  stm32f10x_dma.o(i.DMA_ClearFlag)
    i.DMA_Cmd                                0x080038f8   Section        0  stm32f10x_dma.o(i.DMA_Cmd)
    i.DMA_Config                             0x08003910   Section        0  uart.o(i.DMA_Config)
    i.DMA_DeInit                             0x080039cc   Section        0  stm32f10x_dma.o(i.DMA_DeInit)
    i.DMA_GetCurrDataCounter                 0x08003b18   Section        0  stm32f10x_dma.o(i.DMA_GetCurrDataCounter)
    i.DMA_GetFlagStatus                      0x08003b20   Section        0  stm32f10x_dma.o(i.DMA_GetFlagStatus)
    i.DMA_ITConfig                           0x08003b4c   Section        0  stm32f10x_dma.o(i.DMA_ITConfig)
    i.DMA_Init                               0x08003b5e   Section        0  stm32f10x_dma.o(i.DMA_Init)
    i.DMA_SetCurrDataCounter                 0x08003b9a   Section        0  stm32f10x_dma.o(i.DMA_SetCurrDataCounter)
    i.DebugMon_Handler                       0x08003b9e   Section        0  stm32f10x_it.o(i.DebugMon_Handler)
    i.Default_Error_Return                   0x08003ba0   Section        0  can.o(i.Default_Error_Return)
    i.Default_Return                         0x08003bd0   Section        0  can.o(i.Default_Return)
    i.EXTI15_10_IRQHandler                   0x08003c08   Section        0  gpio.o(i.EXTI15_10_IRQHandler)
    i.EXTI1_IRQHandler                       0x08003c68   Section        0  gpio.o(i.EXTI1_IRQHandler)
    i.EXTI_ClearITPendingBit                 0x08003cc0   Section        0  stm32f10x_exti.o(i.EXTI_ClearITPendingBit)
    i.EXTI_GetITStatus                       0x08003ccc   Section        0  stm32f10x_exti.o(i.EXTI_GetITStatus)
    i.EXTI_Init                              0x08003cf4   Section        0  stm32f10x_exti.o(i.EXTI_Init)
    i.EXTI_Mode_Config                       0x08003d88   Section        0  gpio.o(i.EXTI_Mode_Config)
    i.EXTI_NVIC_Config                       0x08003dc4   Section        0  gpio.o(i.EXTI_NVIC_Config)
    i.EXTI_PB1_PB11_Start                    0x08003df2   Section        0  gpio.o(i.EXTI_PB1_PB11_Start)
    i.FLASH_ErasePage                        0x08003e08   Section        0  stm32f10x_flash.o(i.FLASH_ErasePage)
    i.FLASH_GetBank1Status                   0x08003e54   Section        0  stm32f10x_flash.o(i.FLASH_GetBank1Status)
    i.FLASH_Lock                             0x08003e88   Section        0  stm32f10x_flash.o(i.FLASH_Lock)
    i.FLASH_ProgramHalfWord                  0x08003e9c   Section        0  stm32f10x_flash.o(i.FLASH_ProgramHalfWord)
    i.FLASH_Unlock                           0x08003edc   Section        0  stm32f10x_flash.o(i.FLASH_Unlock)
    i.FLASH_WaitForLastOperation             0x08003ef4   Section        0  stm32f10x_flash.o(i.FLASH_WaitForLastOperation)
    i.Flash_FirmWare                         0x08003f1c   Section        0  iap.o(i.Flash_FirmWare)
    i.GPIO_EXTILineConfig                    0x08003f80   Section        0  stm32f10x_gpio.o(i.GPIO_EXTILineConfig)
    i.GPIO_Init                              0x08003fc0   Section        0  stm32f10x_gpio.o(i.GPIO_Init)
    i.GPIO_Init_Input                        0x080040d8   Section        0  gpio.o(i.GPIO_Init_Input)
    i.GPIO_Init_Output                       0x08004124   Section        0  gpio.o(i.GPIO_Init_Output)
    i.GPIO_PinRemapConfig                    0x08004194   Section        0  stm32f10x_gpio.o(i.GPIO_PinRemapConfig)
    i.GPIO_ReadInputDataBit                  0x08004224   Section        0  stm32f10x_gpio.o(i.GPIO_ReadInputDataBit)
    i.GPIO_ResetBits                         0x08004236   Section        0  stm32f10x_gpio.o(i.GPIO_ResetBits)
    i.GPIO_SetBits                           0x0800423a   Section        0  stm32f10x_gpio.o(i.GPIO_SetBits)
    i.GPIO_WriteBit                          0x0800423e   Section        0  stm32f10x_gpio.o(i.GPIO_WriteBit)
    i.Handle_Data                            0x08004248   Section        0  can.o(i.Handle_Data)
    i.HardFault_Handler                      0x08004328   Section        0  stm32f10x_it.o(i.HardFault_Handler)
    i.Init_RxMes                             0x0800432c   Section        0  can.o(i.Init_RxMes)
    i.Into_Bootloader                        0x08004354   Section        0  iap.o(i.Into_Bootloader)
    i.Is_Over_Time                           0x08004370   Section        0  tim.o(i.Is_Over_Time)
    i.Load_App                               0x08004390   Section        0  iap.o(i.Load_App)
    i.MODBUS_NVIC_Config                     0x080043dc   Section        0  uart.o(i.MODBUS_NVIC_Config)
    i.MODBUS_Send_Data                       0x08004404   Section        0  uart.o(i.MODBUS_Send_Data)
    i.MODBUS_USART_Init                      0x08004448   Section        0  uart.o(i.MODBUS_USART_Init)
    i.MODBUS_USART_ModeConfig                0x08004468   Section        0  uart.o(i.MODBUS_USART_ModeConfig)
    i.MODBUS_USART_PinConfig                 0x080044cc   Section        0  uart.o(i.MODBUS_USART_PinConfig)
    i.MemManage_Handler                      0x08004510   Section        0  stm32f10x_it.o(i.MemManage_Handler)
    i.NMI_Handler                            0x08004514   Section        0  stm32f10x_it.o(i.NMI_Handler)
    i.NVIC_Init                              0x08004518   Section        0  misc.o(i.NVIC_Init)
    i.NVIC_PriorityGroupConfig               0x08004588   Section        0  misc.o(i.NVIC_PriorityGroupConfig)
    i.One                                    0x0800459c   Section        0  ws2812.o(i.One)
    i.PendSV_Handler                         0x08004600   Section        0  stm32f10x_it.o(i.PendSV_Handler)
    i.RCC_AHBPeriphClockCmd                  0x08004604   Section        0  stm32f10x_rcc.o(i.RCC_AHBPeriphClockCmd)
    i.RCC_APB1PeriphClockCmd                 0x08004624   Section        0  stm32f10x_rcc.o(i.RCC_APB1PeriphClockCmd)
    i.RCC_APB1PeriphResetCmd                 0x08004644   Section        0  stm32f10x_rcc.o(i.RCC_APB1PeriphResetCmd)
    i.RCC_APB2PeriphClockCmd                 0x08004664   Section        0  stm32f10x_rcc.o(i.RCC_APB2PeriphClockCmd)
    i.RCC_APB2PeriphResetCmd                 0x08004684   Section        0  stm32f10x_rcc.o(i.RCC_APB2PeriphResetCmd)
    i.RCC_DeInit                             0x080046a4   Section        0  stm32f10x_rcc.o(i.RCC_DeInit)
    i.RCC_GetClocksFreq                      0x080046f0   Section        0  stm32f10x_rcc.o(i.RCC_GetClocksFreq)
    i.Reset                                  0x080047c4   Section        0  ws2812.o(i.Reset)
    i.STMFLASH_Read                          0x080047e0   Section        0  flash.o(i.STMFLASH_Read)
    i.STMFLASH_ReadHalfWord                  0x08004802   Section        0  flash.o(i.STMFLASH_ReadHalfWord)
    i.STMFLASH_Write                         0x08004808   Section        0  flash.o(i.STMFLASH_Write)
    i.STMFLASH_Write_NoCheck                 0x08004904   Section        0  flash.o(i.STMFLASH_Write_NoCheck)
    i.SVC_Handler                            0x0800492a   Section        0  stm32f10x_it.o(i.SVC_Handler)
    i.Select_Cmd                             0x0800492c   Section        0  can.o(i.Select_Cmd)
    i.Send24bit                              0x08004ca4   Section        0  ws2812.o(i.Send24bit)
    i.SetSysClock                            0x08004d02   Section        0  system_stm32f10x.o(i.SetSysClock)
    SetSysClock                              0x08004d03   Thumb Code     8  system_stm32f10x.o(i.SetSysClock)
    i.SetSysClockTo72                        0x08004d0c   Section        0  system_stm32f10x.o(i.SetSysClockTo72)
    SetSysClockTo72                          0x08004d0d   Thumb Code   214  system_stm32f10x.o(i.SetSysClockTo72)
    i.ShowAll_RGB                            0x08004dec   Section        0  ws2812.o(i.ShowAll_RGB)
    i.SysTick_Handler                        0x08004e0e   Section        0  stm32f10x_it.o(i.SysTick_Handler)
    i.SystemInit                             0x08004e10   Section        0  system_stm32f10x.o(i.SystemInit)
    i.TIM2_IRQHandler                        0x08004e70   Section        0  tim.o(i.TIM2_IRQHandler)
    i.TIM2_Init                              0x08004ef8   Section        0  tim.o(i.TIM2_Init)
    i.TIM3_IRQHandler                        0x08004f50   Section        0  gpio.o(i.TIM3_IRQHandler)
    i.TIM3_Init                              0x08004ffc   Section        0  gpio.o(i.TIM3_Init)
    i.TIM_ClearITPendingBit                  0x08005054   Section        0  stm32f10x_tim.o(i.TIM_ClearITPendingBit)
    i.TIM_Cmd                                0x0800505a   Section        0  stm32f10x_tim.o(i.TIM_Cmd)
    i.TIM_GetITStatus                        0x08005072   Section        0  stm32f10x_tim.o(i.TIM_GetITStatus)
    i.TIM_ITConfig                           0x08005094   Section        0  stm32f10x_tim.o(i.TIM_ITConfig)
    i.TIM_SetCounter                         0x080050a6   Section        0  stm32f10x_tim.o(i.TIM_SetCounter)
    i.TIM_TimeBaseInit                       0x080050ac   Section        0  stm32f10x_tim.o(i.TIM_TimeBaseInit)
    i.UART1_Send_Data_DMA                    0x08005150   Section        0  uart.o(i.UART1_Send_Data_DMA)
    i.UART1_To_CAN1                          0x08005194   Section        0  uart.o(i.UART1_To_CAN1)
    i.USART1_IRQHandler                      0x0800529c   Section        0  uart.o(i.USART1_IRQHandler)
    i.USART_Cmd                              0x0800533c   Section        0  stm32f10x_usart.o(i.USART_Cmd)
    i.USART_DMACmd                           0x08005354   Section        0  stm32f10x_usart.o(i.USART_DMACmd)
    i.USART_DeInit                           0x08005368   Section        0  stm32f10x_usart.o(i.USART_DeInit)
    i.USART_GetFlagStatus                    0x08005404   Section        0  stm32f10x_usart.o(i.USART_GetFlagStatus)
    i.USART_ITConfig                         0x0800541e   Section        0  stm32f10x_usart.o(i.USART_ITConfig)
    i.USART_Init                             0x08005468   Section        0  stm32f10x_usart.o(i.USART_Init)
    i.USART_SendData                         0x08005540   Section        0  stm32f10x_usart.o(i.USART_SendData)
    i.USB_LP_CAN1_RX0_IRQHandler             0x08005548   Section        0  can.o(i.USB_LP_CAN1_RX0_IRQHandler)
    i.USER_IAP                               0x08005614   Section        0  iap.o(i.USER_IAP)
    i.UsageFault_Handler                     0x080056c4   Section        0  stm32f10x_it.o(i.UsageFault_Handler)
    i.Write_Deliver_Addr                     0x080056c8   Section        0  iap.o(i.Write_Deliver_Addr)
    i.Zero                                   0x080056e8   Section        0  ws2812.o(i.Zero)
    i.__0printf$bare                         0x0800574c   Section        0  printfb.o(i.__0printf$bare)
    i.__scatterload_copy                     0x0800575c   Section       14  handlers.o(i.__scatterload_copy)
    i.__scatterload_null                     0x0800576a   Section        2  handlers.o(i.__scatterload_null)
    i.__scatterload_zeroinit                 0x0800576c   Section       14  handlers.o(i.__scatterload_zeroinit)
    i._printf_core                           0x0800577a   Section        0  printfb.o(i._printf_core)
    _printf_core                             0x0800577b   Thumb Code    34  printfb.o(i._printf_core)
    i.fputc                                  0x0800579c   Section        0  debug_uart.o(i.fputc)
    i.iap_load_app                           0x080057c0   Section        0  iap.o(i.iap_load_app)
    i.iap_write_appbin                       0x08005844   Section        0  iap.o(i.iap_write_appbin)
    i.main                                   0x080058b0   Section        0  main.o(i.main)
    .data                                    0x20000000   Section       20  stm32f10x_rcc.o(.data)
    APBAHBPrescTable                         0x20000000   Data          16  stm32f10x_rcc.o(.data)
    ADCPrescTable                            0x20000010   Data           4  stm32f10x_rcc.o(.data)
    .data                                    0x20000014   Section       22  can.o(.data)
    .data                                    0x2000002a   Section        1  uart.o(.data)
    .data                                    0x2000002b   Section        2  gpio.o(.data)
    .data                                    0x20000030   Section       16  iap.o(.data)
    .data                                    0x20000040   Section        4  tim.o(.data)
    .data                                    0x20000044   Section        4  stdout.o(.data)
    .bss                                     0x20000048   Section      168  can.o(.bss)
    .bss                                     0x200000f0   Section     1024  flash.o(.bss)
    .bss                                     0x200004f0   Section     1024  iap.o(.bss)
    STACK                                    0x200008f0   Section     1024  startup_stm32f10x_md.o(STACK)
    .ARM.__AT_0x20002000                     0x20002000   Section     1024  iap.o(.ARM.__AT_0x20002000)

    Global Symbols

    Symbol Name                              Value     Ov Type        Size  Object(Section)

    BuildAttributes$$THM_ISAv4$P$D$K$B$S$PE$A:L22UL41UL21$X:L11$S22US41US21$IEEE1$IW$USESV6$~STKCKD$USESV7$~SHL$OSPACE$ROPI$EBA8$MICROLIB$REQ8$PRES8$EABIv2 0x00000000   Number         0  anon$$obj.o ABSOLUTE
    __ARM_use_no_argv                        0x00000000   Number         0  main.o ABSOLUTE
    __cpp_initialize__aeabi_                  - Undefined Weak Reference
    __cxa_finalize                            - Undefined Weak Reference
    __decompress                              - Undefined Weak Reference
    _clock_init                               - Undefined Weak Reference
    _microlib_exit                            - Undefined Weak Reference
    __Vectors_Size                           0x000000ec   Number         0  startup_stm32f10x_md.o ABSOLUTE
    __Vectors                                0x08003000   Data           4  startup_stm32f10x_md.o(RESET)
    __Vectors_End                            0x080030ec   Data           0  startup_stm32f10x_md.o(RESET)
    __main                                   0x080030ed   Thumb Code     0  entry.o(.ARM.Collect$$$$00000000)
    _main_stk                                0x080030ed   Thumb Code     0  entry2.o(.ARM.Collect$$$$00000001)
    _main_scatterload                        0x080030f1   Thumb Code     0  entry5.o(.ARM.Collect$$$$00000004)
    __main_after_scatterload                 0x080030f5   Thumb Code     0  entry5.o(.ARM.Collect$$$$00000004)
    _main_clock                              0x080030f5   Thumb Code     0  entry7b.o(.ARM.Collect$$$$00000008)
    _main_cpp_init                           0x080030f5   Thumb Code     0  entry8b.o(.ARM.Collect$$$$0000000A)
    _main_init                               0x080030f5   Thumb Code     0  entry9a.o(.ARM.Collect$$$$0000000B)
    __rt_final_cpp                           0x080030fd   Thumb Code     0  entry10a.o(.ARM.Collect$$$$0000000D)
    __rt_final_exit                          0x080030fd   Thumb Code     0  entry11a.o(.ARM.Collect$$$$0000000F)
    MSR_MSP                                  0x08003101   Thumb Code     6  sys.o(.emb_text)
    Reset_Handler                            0x08003109   Thumb Code     8  startup_stm32f10x_md.o(.text)
    ADC1_2_IRQHandler                        0x08003123   Thumb Code     0  startup_stm32f10x_md.o(.text)
    CAN1_RX1_IRQHandler                      0x08003123   Thumb Code     0  startup_stm32f10x_md.o(.text)
    CAN1_SCE_IRQHandler                      0x08003123   Thumb Code     0  startup_stm32f10x_md.o(.text)
    DMA1_Channel1_IRQHandler                 0x08003123   Thumb Code     0  startup_stm32f10x_md.o(.text)
    DMA1_Channel2_IRQHandler                 0x08003123   Thumb Code     0  startup_stm32f10x_md.o(.text)
    DMA1_Channel3_IRQHandler                 0x08003123   Thumb Code     0  startup_stm32f10x_md.o(.text)
    DMA1_Channel4_IRQHandler                 0x08003123   Thumb Code     0  startup_stm32f10x_md.o(.text)
    DMA1_Channel5_IRQHandler                 0x08003123   Thumb Code     0  startup_stm32f10x_md.o(.text)
    DMA1_Channel6_IRQHandler                 0x08003123   Thumb Code     0  startup_stm32f10x_md.o(.text)
    DMA1_Channel7_IRQHandler                 0x08003123   Thumb Code     0  startup_stm32f10x_md.o(.text)
    EXTI0_IRQHandler                         0x08003123   Thumb Code     0  startup_stm32f10x_md.o(.text)
    EXTI2_IRQHandler                         0x08003123   Thumb Code     0  startup_stm32f10x_md.o(.text)
    EXTI3_IRQHandler                         0x08003123   Thumb Code     0  startup_stm32f10x_md.o(.text)
    EXTI4_IRQHandler                         0x08003123   Thumb Code     0  startup_stm32f10x_md.o(.text)
    EXTI9_5_IRQHandler                       0x08003123   Thumb Code     0  startup_stm32f10x_md.o(.text)
    FLASH_IRQHandler                         0x08003123   Thumb Code     0  startup_stm32f10x_md.o(.text)
    I2C1_ER_IRQHandler                       0x08003123   Thumb Code     0  startup_stm32f10x_md.o(.text)
    I2C1_EV_IRQHandler                       0x08003123   Thumb Code     0  startup_stm32f10x_md.o(.text)
    I2C2_ER_IRQHandler                       0x08003123   Thumb Code     0  startup_stm32f10x_md.o(.text)
    I2C2_EV_IRQHandler                       0x08003123   Thumb Code     0  startup_stm32f10x_md.o(.text)
    PVD_IRQHandler                           0x08003123   Thumb Code     0  startup_stm32f10x_md.o(.text)
    RCC_IRQHandler                           0x08003123   Thumb Code     0  startup_stm32f10x_md.o(.text)
    RTCAlarm_IRQHandler                      0x08003123   Thumb Code     0  startup_stm32f10x_md.o(.text)
    RTC_IRQHandler                           0x08003123   Thumb Code     0  startup_stm32f10x_md.o(.text)
    SPI1_IRQHandler                          0x08003123   Thumb Code     0  startup_stm32f10x_md.o(.text)
    SPI2_IRQHandler                          0x08003123   Thumb Code     0  startup_stm32f10x_md.o(.text)
    TAMPER_IRQHandler                        0x08003123   Thumb Code     0  startup_stm32f10x_md.o(.text)
    TIM1_BRK_IRQHandler                      0x08003123   Thumb Code     0  startup_stm32f10x_md.o(.text)
    TIM1_CC_IRQHandler                       0x08003123   Thumb Code     0  startup_stm32f10x_md.o(.text)
    TIM1_TRG_COM_IRQHandler                  0x08003123   Thumb Code     0  startup_stm32f10x_md.o(.text)
    TIM1_UP_IRQHandler                       0x08003123   Thumb Code     0  startup_stm32f10x_md.o(.text)
    TIM4_IRQHandler                          0x08003123   Thumb Code     0  startup_stm32f10x_md.o(.text)
    USART2_IRQHandler                        0x08003123   Thumb Code     0  startup_stm32f10x_md.o(.text)
    USART3_IRQHandler                        0x08003123   Thumb Code     0  startup_stm32f10x_md.o(.text)
    USBWakeUp_IRQHandler                     0x08003123   Thumb Code     0  startup_stm32f10x_md.o(.text)
    USB_HP_CAN1_TX_IRQHandler                0x08003123   Thumb Code     0  startup_stm32f10x_md.o(.text)
    WWDG_IRQHandler                          0x08003123   Thumb Code     0  startup_stm32f10x_md.o(.text)
    __aeabi_memset                           0x0800312d   Thumb Code    14  memseta.o(.text)
    __aeabi_memset4                          0x0800312d   Thumb Code     0  memseta.o(.text)
    __aeabi_memset8                          0x0800312d   Thumb Code     0  memseta.o(.text)
    __aeabi_memclr                           0x0800313b   Thumb Code     4  memseta.o(.text)
    __aeabi_memclr4                          0x0800313b   Thumb Code     0  memseta.o(.text)
    __aeabi_memclr8                          0x0800313b   Thumb Code     0  memseta.o(.text)
    _memset$wrapper                          0x0800313f   Thumb Code    18  memseta.o(.text)
    __scatterload                            0x08003151   Thumb Code    28  init.o(.text)
    __scatterload_rt2                        0x08003151   Thumb Code     0  init.o(.text)
    BusFault_Handler                         0x08003175   Thumb Code     4  stm32f10x_it.o(i.BusFault_Handler)
    CAN_ClearITPendingBit                    0x08003179   Thumb Code   162  stm32f10x_can.o(i.CAN_ClearITPendingBit)
    CAN_FilterInit                           0x08003221   Thumb Code   258  stm32f10x_can.o(i.CAN_FilterInit)
    CAN_Filter_Config                        0x08003329   Thumb Code    72  can.o(i.CAN_Filter_Config)
    CAN_GPIO_Init                            0x08003371   Thumb Code    90  can.o(i.CAN_GPIO_Init)
    CAN_ITConfig                             0x080033d1   Thumb Code    18  stm32f10x_can.o(i.CAN_ITConfig)
    CAN_Init                                 0x080033e3   Thumb Code   276  stm32f10x_can.o(i.CAN_Init)
    CAN_Mode_Init                            0x080034f9   Thumb Code    90  can.o(i.CAN_Mode_Init)
    CAN_NVIC_Init                            0x08003559   Thumb Code    44  can.o(i.CAN_NVIC_Init)
    CAN_ReadBufferReset                      0x08003585   Thumb Code    46  can.o(i.CAN_ReadBufferReset)
    CAN_Receive                              0x080035d5   Thumb Code   240  stm32f10x_can.o(i.CAN_Receive)
    CAN_SetMsg                               0x080036c5   Thumb Code    38  can.o(i.CAN_SetMsg)
    CAN_Start                                0x080036eb   Thumb Code    20  can.o(i.CAN_Start)
    CAN_Transmit                             0x080036ff   Thumb Code   294  stm32f10x_can.o(i.CAN_Transmit)
    DEBUG_USART_Init                         0x08003825   Thumb Code    20  debug_uart.o(i.DEBUG_USART_Init)
    DEBUG_USART_ModeConfig                   0x0800383d   Thumb Code    80  debug_uart.o(i.DEBUG_USART_ModeConfig)
    DEBUG_USART_PinConfig                    0x08003891   Thumb Code    72  debug_uart.o(i.DEBUG_USART_PinConfig)
    DMA_ClearFlag                            0x080038dd   Thumb Code    18  stm32f10x_dma.o(i.DMA_ClearFlag)
    DMA_Cmd                                  0x080038f9   Thumb Code    24  stm32f10x_dma.o(i.DMA_Cmd)
    DMA_Config                               0x08003911   Thumb Code   172  uart.o(i.DMA_Config)
    DMA_DeInit                               0x080039cd   Thumb Code   324  stm32f10x_dma.o(i.DMA_DeInit)
    DMA_GetCurrDataCounter                   0x08003b19   Thumb Code     8  stm32f10x_dma.o(i.DMA_GetCurrDataCounter)
    DMA_GetFlagStatus                        0x08003b21   Thumb Code    36  stm32f10x_dma.o(i.DMA_GetFlagStatus)
    DMA_ITConfig                             0x08003b4d   Thumb Code    18  stm32f10x_dma.o(i.DMA_ITConfig)
    DMA_Init                                 0x08003b5f   Thumb Code    60  stm32f10x_dma.o(i.DMA_Init)
    DMA_SetCurrDataCounter                   0x08003b9b   Thumb Code     4  stm32f10x_dma.o(i.DMA_SetCurrDataCounter)
    DebugMon_Handler                         0x08003b9f   Thumb Code     2  stm32f10x_it.o(i.DebugMon_Handler)
    Default_Error_Return                     0x08003ba1   Thumb Code    36  can.o(i.Default_Error_Return)
    Default_Return                           0x08003bd1   Thumb Code    38  can.o(i.Default_Return)
    EXTI15_10_IRQHandler                     0x08003c09   Thumb Code    82  gpio.o(i.EXTI15_10_IRQHandler)
    EXTI1_IRQHandler                         0x08003c69   Thumb Code    74  gpio.o(i.EXTI1_IRQHandler)
    EXTI_ClearITPendingBit                   0x08003cc1   Thumb Code     6  stm32f10x_exti.o(i.EXTI_ClearITPendingBit)
    EXTI_GetITStatus                         0x08003ccd   Thumb Code    34  stm32f10x_exti.o(i.EXTI_GetITStatus)
    EXTI_Init                                0x08003cf5   Thumb Code   142  stm32f10x_exti.o(i.EXTI_Init)
    EXTI_Mode_Config                         0x08003d89   Thumb Code    60  gpio.o(i.EXTI_Mode_Config)
    EXTI_NVIC_Config                         0x08003dc5   Thumb Code    46  gpio.o(i.EXTI_NVIC_Config)
    EXTI_PB1_PB11_Start                      0x08003df3   Thumb Code    20  gpio.o(i.EXTI_PB1_PB11_Start)
    FLASH_ErasePage                          0x08003e09   Thumb Code    72  stm32f10x_flash.o(i.FLASH_ErasePage)
    FLASH_GetBank1Status                     0x08003e55   Thumb Code    48  stm32f10x_flash.o(i.FLASH_GetBank1Status)
    FLASH_Lock                               0x08003e89   Thumb Code    14  stm32f10x_flash.o(i.FLASH_Lock)
    FLASH_ProgramHalfWord                    0x08003e9d   Thumb Code    60  stm32f10x_flash.o(i.FLASH_ProgramHalfWord)
    FLASH_Unlock                             0x08003edd   Thumb Code    12  stm32f10x_flash.o(i.FLASH_Unlock)
    FLASH_WaitForLastOperation               0x08003ef5   Thumb Code    38  stm32f10x_flash.o(i.FLASH_WaitForLastOperation)
    Flash_FirmWare                           0x08003f1d   Thumb Code    80  iap.o(i.Flash_FirmWare)
    GPIO_EXTILineConfig                      0x08003f81   Thumb Code    60  stm32f10x_gpio.o(i.GPIO_EXTILineConfig)
    GPIO_Init                                0x08003fc1   Thumb Code   278  stm32f10x_gpio.o(i.GPIO_Init)
    GPIO_Init_Input                          0x080040d9   Thumb Code    68  gpio.o(i.GPIO_Init_Input)
    GPIO_Init_Output                         0x08004125   Thumb Code   102  gpio.o(i.GPIO_Init_Output)
    GPIO_PinRemapConfig                      0x08004195   Thumb Code   138  stm32f10x_gpio.o(i.GPIO_PinRemapConfig)
    GPIO_ReadInputDataBit                    0x08004225   Thumb Code    18  stm32f10x_gpio.o(i.GPIO_ReadInputDataBit)
    GPIO_ResetBits                           0x08004237   Thumb Code     4  stm32f10x_gpio.o(i.GPIO_ResetBits)
    GPIO_SetBits                             0x0800423b   Thumb Code     4  stm32f10x_gpio.o(i.GPIO_SetBits)
    GPIO_WriteBit                            0x0800423f   Thumb Code    10  stm32f10x_gpio.o(i.GPIO_WriteBit)
    Handle_Data                              0x08004249   Thumb Code   196  can.o(i.Handle_Data)
    HardFault_Handler                        0x08004329   Thumb Code     4  stm32f10x_it.o(i.HardFault_Handler)
    Init_RxMes                               0x0800432d   Thumb Code    38  can.o(i.Init_RxMes)
    Into_Bootloader                          0x08004355   Thumb Code    24  iap.o(i.Into_Bootloader)
    Is_Over_Time                             0x08004371   Thumb Code    26  tim.o(i.Is_Over_Time)
    Load_App                                 0x08004391   Thumb Code    38  iap.o(i.Load_App)
    MODBUS_NVIC_Config                       0x080043dd   Thumb Code    38  uart.o(i.MODBUS_NVIC_Config)
    MODBUS_Send_Data                         0x08004405   Thumb Code    48  uart.o(i.MODBUS_Send_Data)
    MODBUS_USART_Init                        0x08004449   Thumb Code    28  uart.o(i.MODBUS_USART_Init)
    MODBUS_USART_ModeConfig                  0x08004469   Thumb Code    94  uart.o(i.MODBUS_USART_ModeConfig)
    MODBUS_USART_PinConfig                   0x080044cd   Thumb Code    62  uart.o(i.MODBUS_USART_PinConfig)
    MemManage_Handler                        0x08004511   Thumb Code     4  stm32f10x_it.o(i.MemManage_Handler)
    NMI_Handler                              0x08004515   Thumb Code     2  stm32f10x_it.o(i.NMI_Handler)
    NVIC_Init                                0x08004519   Thumb Code   100  misc.o(i.NVIC_Init)
    NVIC_PriorityGroupConfig                 0x08004589   Thumb Code    10  misc.o(i.NVIC_PriorityGroupConfig)
    One                                      0x0800459d   Thumb Code    94  ws2812.o(i.One)
    PendSV_Handler                           0x08004601   Thumb Code     2  stm32f10x_it.o(i.PendSV_Handler)
    RCC_AHBPeriphClockCmd                    0x08004605   Thumb Code    26  stm32f10x_rcc.o(i.RCC_AHBPeriphClockCmd)
    RCC_APB1PeriphClockCmd                   0x08004625   Thumb Code    26  stm32f10x_rcc.o(i.RCC_APB1PeriphClockCmd)
    RCC_APB1PeriphResetCmd                   0x08004645   Thumb Code    26  stm32f10x_rcc.o(i.RCC_APB1PeriphResetCmd)
    RCC_APB2PeriphClockCmd                   0x08004665   Thumb Code    26  stm32f10x_rcc.o(i.RCC_APB2PeriphClockCmd)
    RCC_APB2PeriphResetCmd                   0x08004685   Thumb Code    26  stm32f10x_rcc.o(i.RCC_APB2PeriphResetCmd)
    RCC_DeInit                               0x080046a5   Thumb Code    64  stm32f10x_rcc.o(i.RCC_DeInit)
    RCC_GetClocksFreq                        0x080046f1   Thumb Code   192  stm32f10x_rcc.o(i.RCC_GetClocksFreq)
    Reset                                    0x080047c5   Thumb Code    24  ws2812.o(i.Reset)
    STMFLASH_Read                            0x080047e1   Thumb Code    34  flash.o(i.STMFLASH_Read)
    STMFLASH_ReadHalfWord                    0x08004803   Thumb Code     6  flash.o(i.STMFLASH_ReadHalfWord)
    STMFLASH_Write                           0x08004809   Thumb Code   228  flash.o(i.STMFLASH_Write)
    STMFLASH_Write_NoCheck                   0x08004905   Thumb Code    38  flash.o(i.STMFLASH_Write_NoCheck)
    SVC_Handler                              0x0800492b   Thumb Code     2  stm32f10x_it.o(i.SVC_Handler)
    Select_Cmd                               0x0800492d   Thumb Code   826  can.o(i.Select_Cmd)
    Send24bit                                0x08004ca5   Thumb Code    94  ws2812.o(i.Send24bit)
    ShowAll_RGB                              0x08004ded   Thumb Code    34  ws2812.o(i.ShowAll_RGB)
    SysTick_Handler                          0x08004e0f   Thumb Code     2  stm32f10x_it.o(i.SysTick_Handler)
    SystemInit                               0x08004e11   Thumb Code    78  system_stm32f10x.o(i.SystemInit)
    TIM2_IRQHandler                          0x08004e71   Thumb Code   104  tim.o(i.TIM2_IRQHandler)
    TIM2_Init                                0x08004ef9   Thumb Code    86  tim.o(i.TIM2_Init)
    TIM3_IRQHandler                          0x08004f51   Thumb Code   140  gpio.o(i.TIM3_IRQHandler)
    TIM3_Init                                0x08004ffd   Thumb Code    84  gpio.o(i.TIM3_Init)
    TIM_ClearITPendingBit                    0x08005055   Thumb Code     6  stm32f10x_tim.o(i.TIM_ClearITPendingBit)
    TIM_Cmd                                  0x0800505b   Thumb Code    24  stm32f10x_tim.o(i.TIM_Cmd)
    TIM_GetITStatus                          0x08005073   Thumb Code    34  stm32f10x_tim.o(i.TIM_GetITStatus)
    TIM_ITConfig                             0x08005095   Thumb Code    18  stm32f10x_tim.o(i.TIM_ITConfig)
    TIM_SetCounter                           0x080050a7   Thumb Code     4  stm32f10x_tim.o(i.TIM_SetCounter)
    TIM_TimeBaseInit                         0x080050ad   Thumb Code   122  stm32f10x_tim.o(i.TIM_TimeBaseInit)
    UART1_Send_Data_DMA                      0x08005151   Thumb Code    60  uart.o(i.UART1_Send_Data_DMA)
    UART1_To_CAN1                            0x08005195   Thumb Code   238  uart.o(i.UART1_To_CAN1)
    USART1_IRQHandler                        0x0800529d   Thumb Code   128  uart.o(i.USART1_IRQHandler)
    USART_Cmd                                0x0800533d   Thumb Code    24  stm32f10x_usart.o(i.USART_Cmd)
    USART_DMACmd                             0x08005355   Thumb Code    18  stm32f10x_usart.o(i.USART_DMACmd)
    USART_DeInit                             0x08005369   Thumb Code   134  stm32f10x_usart.o(i.USART_DeInit)
    USART_GetFlagStatus                      0x08005405   Thumb Code    26  stm32f10x_usart.o(i.USART_GetFlagStatus)
    USART_ITConfig                           0x0800541f   Thumb Code    74  stm32f10x_usart.o(i.USART_ITConfig)
    USART_Init                               0x08005469   Thumb Code   210  stm32f10x_usart.o(i.USART_Init)
    USART_SendData                           0x08005541   Thumb Code     8  stm32f10x_usart.o(i.USART_SendData)
    USB_LP_CAN1_RX0_IRQHandler               0x08005549   Thumb Code   166  can.o(i.USB_LP_CAN1_RX0_IRQHandler)
    USER_IAP                                 0x08005615   Thumb Code   136  iap.o(i.USER_IAP)
    UsageFault_Handler                       0x080056c5   Thumb Code     4  stm32f10x_it.o(i.UsageFault_Handler)
    Write_Deliver_Addr                       0x080056c9   Thumb Code    28  iap.o(i.Write_Deliver_Addr)
    Zero                                     0x080056e9   Thumb Code    94  ws2812.o(i.Zero)
    __0printf$bare                           0x0800574d   Thumb Code     8  printfb.o(i.__0printf$bare)
    __1printf$bare                           0x0800574d   Thumb Code     0  printfb.o(i.__0printf$bare)
    __2printf                                0x0800574d   Thumb Code     0  printfb.o(i.__0printf$bare)
    __scatterload_copy                       0x0800575d   Thumb Code    14  handlers.o(i.__scatterload_copy)
    __scatterload_null                       0x0800576b   Thumb Code     2  handlers.o(i.__scatterload_null)
    __scatterload_zeroinit                   0x0800576d   Thumb Code    14  handlers.o(i.__scatterload_zeroinit)
    fputc                                    0x0800579d   Thumb Code    32  debug_uart.o(i.fputc)
    iap_load_app                             0x080057c1   Thumb Code   108  iap.o(i.iap_load_app)
    iap_write_appbin                         0x08005845   Thumb Code   104  iap.o(i.iap_write_appbin)
    main                                     0x080058b1   Thumb Code   134  main.o(i.main)
    Region$$Table$$Base                      0x08005950   Number         0  anon$$obj.o(Region$$Table)
    Region$$Table$$Limit                     0x08005970   Number         0  anon$$obj.o(Region$$Table)
    global_cmd                               0x20000014   Data           1  can.o(.data)
    over_time                                0x20000016   Data           2  can.o(.data)
    len_buffer                               0x20000018   Data           8  can.o(.data)
    len_idx                                  0x20000020   Data           1  can.o(.data)
    cmd_idx                                  0x20000021   Data           1  can.o(.data)
    recv_idx                                 0x20000022   Data           1  can.o(.data)
    send_idx                                 0x20000023   Data           1  can.o(.data)
    gripper_len                              0x20000024   Data           1  can.o(.data)
    list_back                                0x20000025   Data           1  can.o(.data)
    IAP                                      0x20000026   Data           1  can.o(.data)
    read_flag                                0x20000027   Data           1  can.o(.data)
    Into_APP_Flag                            0x20000028   Data           1  can.o(.data)
    Into_BootLoader_Flag                     0x20000029   Data           1  can.o(.data)
    send_buffer_len                          0x2000002a   Data           1  uart.o(.data)
    pb1_flag                                 0x2000002b   Data           1  gpio.o(.data)
    pb11_flag                                0x2000002c   Data           1  gpio.o(.data)
    last_addr                                0x20000030   Data           4  iap.o(.data)
    Head                                     0x20000034   Data           1  iap.o(.data)
    APP_LEN                                  0x20000038   Data           4  iap.o(.data)
    jump2app                                 0x2000003c   Data           4  iap.o(.data)
    tick_count                               0x20000040   Data           4  tim.o(.data)
    __stdout                                 0x20000044   Data           4  stdout.o(.data)
    recv_buffer                              0x20000048   Data          64  can.o(.bss)
    send_buffer                              0x20000088   Data          64  can.o(.bss)
    TxMessage                                0x200000c8   Data          20  can.o(.bss)
    RxMessage                                0x200000dc   Data          20  can.o(.bss)
    STMFLASH_BUF                             0x200000f0   Data        1024  flash.o(.bss)
    iapbuf                                   0x200004f0   Data        1024  iap.o(.bss)
    __initial_sp                             0x20000cf0   Data           0  startup_stm32f10x_md.o(STACK)
    CAN_RX_BUF                               0x20002000   Data        1024  iap.o(.ARM.__AT_0x20002000)



==============================================================================

Memory Map of the image

  Image Entry point : 0x080030ed

  Load Region LR_IROM1 (Base: 0x08003000, Size: 0x000029b8, Max: 0x0000d000, ABSOLUTE)

    Execution Region ER_IROM1 (Exec base: 0x08003000, Load base: 0x08003000, Size: 0x00002970, Max: 0x0000d000, ABSOLUTE)

    Exec Addr    Load Addr    Size         Type   Attr      Idx    E Section Name        Object

    0x08003000   0x08003000   0x000000ec   Data   RO            3    RESET               startup_stm32f10x_md.o
    0x080030ec   0x080030ec   0x00000000   Code   RO         3867  * .ARM.Collect$$$$00000000  mc_w.l(entry.o)
    0x080030ec   0x080030ec   0x00000004   Code   RO         4132    .ARM.Collect$$$$00000001  mc_w.l(entry2.o)
    0x080030f0   0x080030f0   0x00000004   Code   RO         4135    .ARM.Collect$$$$00000004  mc_w.l(entry5.o)
    0x080030f4   0x080030f4   0x00000000   Code   RO         4137    .ARM.Collect$$$$00000008  mc_w.l(entry7b.o)
    0x080030f4   0x080030f4   0x00000000   Code   RO         4139    .ARM.Collect$$$$0000000A  mc_w.l(entry8b.o)
    0x080030f4   0x080030f4   0x00000008   Code   RO         4140    .ARM.Collect$$$$0000000B  mc_w.l(entry9a.o)
    0x080030fc   0x080030fc   0x00000000   Code   RO         4142    .ARM.Collect$$$$0000000D  mc_w.l(entry10a.o)
    0x080030fc   0x080030fc   0x00000000   Code   RO         4144    .ARM.Collect$$$$0000000F  mc_w.l(entry11a.o)
    0x080030fc   0x080030fc   0x00000004   Code   RO         4133    .ARM.Collect$$$$00002712  mc_w.l(entry2.o)
    0x08003100   0x08003100   0x00000006   Code   RO         3807    .emb_text           sys.o
    0x08003106   0x08003106   0x00000002   PAD
    0x08003108   0x08003108   0x00000024   Code   RO            4    .text               startup_stm32f10x_md.o
    0x0800312c   0x0800312c   0x00000024   Code   RO         3870    .text               mc_w.l(memseta.o)
    0x08003150   0x08003150   0x00000024   Code   RO         4162    .text               mc_w.l(init.o)
    0x08003174   0x08003174   0x00000004   Code   RO         3243    i.BusFault_Handler  stm32f10x_it.o
    0x08003178   0x08003178   0x000000a8   Code   RO          507    i.CAN_ClearITPendingBit  stm32f10x_can.o
    0x08003220   0x08003220   0x00000108   Code   RO          511    i.CAN_FilterInit    stm32f10x_can.o
    0x08003328   0x08003328   0x00000048   Code   RO         3306    i.CAN_Filter_Config  can.o
    0x08003370   0x08003370   0x00000060   Code   RO         3307    i.CAN_GPIO_Init     can.o
    0x080033d0   0x080033d0   0x00000012   Code   RO          517    i.CAN_ITConfig      stm32f10x_can.o
    0x080033e2   0x080033e2   0x00000114   Code   RO          518    i.CAN_Init          stm32f10x_can.o
    0x080034f6   0x080034f6   0x00000002   PAD
    0x080034f8   0x080034f8   0x00000060   Code   RO         3308    i.CAN_Mode_Init     can.o
    0x08003558   0x08003558   0x0000002c   Code   RO         3309    i.CAN_NVIC_Init     can.o
    0x08003584   0x08003584   0x00000050   Code   RO         3310    i.CAN_ReadBufferReset  can.o
    0x080035d4   0x080035d4   0x000000f0   Code   RO          521    i.CAN_Receive       stm32f10x_can.o
    0x080036c4   0x080036c4   0x00000026   Code   RO         3311    i.CAN_SetMsg        can.o
    0x080036ea   0x080036ea   0x00000014   Code   RO         3312    i.CAN_Start         can.o
    0x080036fe   0x080036fe   0x00000126   Code   RO          526    i.CAN_Transmit      stm32f10x_can.o
    0x08003824   0x08003824   0x00000018   Code   RO         3491    i.DEBUG_USART_Init  debug_uart.o
    0x0800383c   0x0800383c   0x00000054   Code   RO         3492    i.DEBUG_USART_ModeConfig  debug_uart.o
    0x08003890   0x08003890   0x0000004c   Code   RO         3493    i.DEBUG_USART_PinConfig  debug_uart.o
    0x080038dc   0x080038dc   0x0000001c   Code   RO          909    i.DMA_ClearFlag     stm32f10x_dma.o
    0x080038f8   0x080038f8   0x00000018   Code   RO          911    i.DMA_Cmd           stm32f10x_dma.o
    0x08003910   0x08003910   0x000000bc   Code   RO         3420    i.DMA_Config        uart.o
    0x080039cc   0x080039cc   0x0000014c   Code   RO          912    i.DMA_DeInit        stm32f10x_dma.o
    0x08003b18   0x08003b18   0x00000008   Code   RO          913    i.DMA_GetCurrDataCounter  stm32f10x_dma.o
    0x08003b20   0x08003b20   0x0000002c   Code   RO          914    i.DMA_GetFlagStatus  stm32f10x_dma.o
    0x08003b4c   0x08003b4c   0x00000012   Code   RO          916    i.DMA_ITConfig      stm32f10x_dma.o
    0x08003b5e   0x08003b5e   0x0000003c   Code   RO          917    i.DMA_Init          stm32f10x_dma.o
    0x08003b9a   0x08003b9a   0x00000004   Code   RO          918    i.DMA_SetCurrDataCounter  stm32f10x_dma.o
    0x08003b9e   0x08003b9e   0x00000002   Code   RO         3244    i.DebugMon_Handler  stm32f10x_it.o
    0x08003ba0   0x08003ba0   0x00000030   Code   RO         3313    i.Default_Error_Return  can.o
    0x08003bd0   0x08003bd0   0x00000038   Code   RO         3314    i.Default_Return    can.o
    0x08003c08   0x08003c08   0x00000060   Code   RO         3527    i.EXTI15_10_IRQHandler  gpio.o
    0x08003c68   0x08003c68   0x00000058   Code   RO         3528    i.EXTI1_IRQHandler  gpio.o
    0x08003cc0   0x08003cc0   0x0000000c   Code   RO          985    i.EXTI_ClearITPendingBit  stm32f10x_exti.o
    0x08003ccc   0x08003ccc   0x00000028   Code   RO          989    i.EXTI_GetITStatus  stm32f10x_exti.o
    0x08003cf4   0x08003cf4   0x00000094   Code   RO          990    i.EXTI_Init         stm32f10x_exti.o
    0x08003d88   0x08003d88   0x0000003c   Code   RO         3529    i.EXTI_Mode_Config  gpio.o
    0x08003dc4   0x08003dc4   0x0000002e   Code   RO         3530    i.EXTI_NVIC_Config  gpio.o
    0x08003df2   0x08003df2   0x00000014   Code   RO         3531    i.EXTI_PB1_PB11_Start  gpio.o
    0x08003e06   0x08003e06   0x00000002   PAD
    0x08003e08   0x08003e08   0x0000004c   Code   RO         1046    i.FLASH_ErasePage   stm32f10x_flash.o
    0x08003e54   0x08003e54   0x00000034   Code   RO         1047    i.FLASH_GetBank1Status  stm32f10x_flash.o
    0x08003e88   0x08003e88   0x00000014   Code   RO         1056    i.FLASH_Lock        stm32f10x_flash.o
    0x08003e9c   0x08003e9c   0x00000040   Code   RO         1059    i.FLASH_ProgramHalfWord  stm32f10x_flash.o
    0x08003edc   0x08003edc   0x00000018   Code   RO         1064    i.FLASH_Unlock      stm32f10x_flash.o
    0x08003ef4   0x08003ef4   0x00000026   Code   RO         1068    i.FLASH_WaitForLastOperation  stm32f10x_flash.o
    0x08003f1a   0x08003f1a   0x00000002   PAD
    0x08003f1c   0x08003f1c   0x00000064   Code   RO         3651    i.Flash_FirmWare    iap.o
    0x08003f80   0x08003f80   0x00000040   Code   RO         1344    i.GPIO_EXTILineConfig  stm32f10x_gpio.o
    0x08003fc0   0x08003fc0   0x00000116   Code   RO         1347    i.GPIO_Init         stm32f10x_gpio.o
    0x080040d6   0x080040d6   0x00000002   PAD
    0x080040d8   0x080040d8   0x0000004c   Code   RO         3532    i.GPIO_Init_Input   gpio.o
    0x08004124   0x08004124   0x00000070   Code   RO         3533    i.GPIO_Init_Output  gpio.o
    0x08004194   0x08004194   0x00000090   Code   RO         1349    i.GPIO_PinRemapConfig  stm32f10x_gpio.o
    0x08004224   0x08004224   0x00000012   Code   RO         1351    i.GPIO_ReadInputDataBit  stm32f10x_gpio.o
    0x08004236   0x08004236   0x00000004   Code   RO         1354    i.GPIO_ResetBits    stm32f10x_gpio.o
    0x0800423a   0x0800423a   0x00000004   Code   RO         1355    i.GPIO_SetBits      stm32f10x_gpio.o
    0x0800423e   0x0800423e   0x0000000a   Code   RO         1358    i.GPIO_WriteBit     stm32f10x_gpio.o
    0x08004248   0x08004248   0x000000e0   Code   RO         3315    i.Handle_Data       can.o
    0x08004328   0x08004328   0x00000004   Code   RO         3245    i.HardFault_Handler  stm32f10x_it.o
    0x0800432c   0x0800432c   0x00000026   Code   RO         3316    i.Init_RxMes        can.o
    0x08004352   0x08004352   0x00000002   PAD
    0x08004354   0x08004354   0x0000001c   Code   RO         3652    i.Into_Bootloader   iap.o
    0x08004370   0x08004370   0x00000020   Code   RO         3732    i.Is_Over_Time      tim.o
    0x08004390   0x08004390   0x0000004c   Code   RO         3653    i.Load_App          iap.o
    0x080043dc   0x080043dc   0x00000026   Code   RO         3421    i.MODBUS_NVIC_Config  uart.o
    0x08004402   0x08004402   0x00000002   PAD
    0x08004404   0x08004404   0x00000044   Code   RO         3422    i.MODBUS_Send_Data  uart.o
    0x08004448   0x08004448   0x00000020   Code   RO         3423    i.MODBUS_USART_Init  uart.o
    0x08004468   0x08004468   0x00000064   Code   RO         3424    i.MODBUS_USART_ModeConfig  uart.o
    0x080044cc   0x080044cc   0x00000044   Code   RO         3425    i.MODBUS_USART_PinConfig  uart.o
    0x08004510   0x08004510   0x00000004   Code   RO         3246    i.MemManage_Handler  stm32f10x_it.o
    0x08004514   0x08004514   0x00000002   Code   RO         3247    i.NMI_Handler       stm32f10x_it.o
    0x08004516   0x08004516   0x00000002   PAD
    0x08004518   0x08004518   0x00000070   Code   RO          137    i.NVIC_Init         misc.o
    0x08004588   0x08004588   0x00000014   Code   RO          138    i.NVIC_PriorityGroupConfig  misc.o
    0x0800459c   0x0800459c   0x00000064   Code   RO         3759    i.One               ws2812.o
    0x08004600   0x08004600   0x00000002   Code   RO         3248    i.PendSV_Handler    stm32f10x_it.o
    0x08004602   0x08004602   0x00000002   PAD
    0x08004604   0x08004604   0x00000020   Code   RO         1774    i.RCC_AHBPeriphClockCmd  stm32f10x_rcc.o
    0x08004624   0x08004624   0x00000020   Code   RO         1775    i.RCC_APB1PeriphClockCmd  stm32f10x_rcc.o
    0x08004644   0x08004644   0x00000020   Code   RO         1776    i.RCC_APB1PeriphResetCmd  stm32f10x_rcc.o
    0x08004664   0x08004664   0x00000020   Code   RO         1777    i.RCC_APB2PeriphClockCmd  stm32f10x_rcc.o
    0x08004684   0x08004684   0x00000020   Code   RO         1778    i.RCC_APB2PeriphResetCmd  stm32f10x_rcc.o
    0x080046a4   0x080046a4   0x0000004c   Code   RO         1784    i.RCC_DeInit        stm32f10x_rcc.o
    0x080046f0   0x080046f0   0x000000d4   Code   RO         1785    i.RCC_GetClocksFreq  stm32f10x_rcc.o
    0x080047c4   0x080047c4   0x0000001c   Code   RO         3760    i.Reset             ws2812.o
    0x080047e0   0x080047e0   0x00000022   Code   RO         3607    i.STMFLASH_Read     flash.o
    0x08004802   0x08004802   0x00000006   Code   RO         3608    i.STMFLASH_ReadHalfWord  flash.o
    0x08004808   0x08004808   0x000000fc   Code   RO         3609    i.STMFLASH_Write    flash.o
    0x08004904   0x08004904   0x00000026   Code   RO         3610    i.STMFLASH_Write_NoCheck  flash.o
    0x0800492a   0x0800492a   0x00000002   Code   RO         3249    i.SVC_Handler       stm32f10x_it.o
    0x0800492c   0x0800492c   0x00000378   Code   RO         3317    i.Select_Cmd        can.o
    0x08004ca4   0x08004ca4   0x0000005e   Code   RO         3761    i.Send24bit         ws2812.o
    0x08004d02   0x08004d02   0x00000008   Code   RO           24    i.SetSysClock       system_stm32f10x.o
    0x08004d0a   0x08004d0a   0x00000002   PAD
    0x08004d0c   0x08004d0c   0x000000e0   Code   RO           25    i.SetSysClockTo72   system_stm32f10x.o
    0x08004dec   0x08004dec   0x00000022   Code   RO         3763    i.ShowAll_RGB       ws2812.o
    0x08004e0e   0x08004e0e   0x00000002   Code   RO         3250    i.SysTick_Handler   stm32f10x_it.o
    0x08004e10   0x08004e10   0x00000060   Code   RO           27    i.SystemInit        system_stm32f10x.o
    0x08004e70   0x08004e70   0x00000088   Code   RO         3733    i.TIM2_IRQHandler   tim.o
    0x08004ef8   0x08004ef8   0x00000056   Code   RO         3734    i.TIM2_Init         tim.o
    0x08004f4e   0x08004f4e   0x00000002   PAD
    0x08004f50   0x08004f50   0x000000ac   Code   RO         3536    i.TIM3_IRQHandler   gpio.o
    0x08004ffc   0x08004ffc   0x00000058   Code   RO         3537    i.TIM3_Init         gpio.o
    0x08005054   0x08005054   0x00000006   Code   RO         2416    i.TIM_ClearITPendingBit  stm32f10x_tim.o
    0x0800505a   0x0800505a   0x00000018   Code   RO         2421    i.TIM_Cmd           stm32f10x_tim.o
    0x08005072   0x08005072   0x00000022   Code   RO         2442    i.TIM_GetITStatus   stm32f10x_tim.o
    0x08005094   0x08005094   0x00000012   Code   RO         2446    i.TIM_ITConfig      stm32f10x_tim.o
    0x080050a6   0x080050a6   0x00000004   Code   RO         2486    i.TIM_SetCounter    stm32f10x_tim.o
    0x080050aa   0x080050aa   0x00000002   PAD
    0x080050ac   0x080050ac   0x000000a4   Code   RO         2492    i.TIM_TimeBaseInit  stm32f10x_tim.o
    0x08005150   0x08005150   0x00000044   Code   RO         3426    i.UART1_Send_Data_DMA  uart.o
    0x08005194   0x08005194   0x00000108   Code   RO         3427    i.UART1_To_CAN1     uart.o
    0x0800529c   0x0800529c   0x000000a0   Code   RO         3428    i.USART1_IRQHandler  uart.o
    0x0800533c   0x0800533c   0x00000018   Code   RO         2960    i.USART_Cmd         stm32f10x_usart.o
    0x08005354   0x08005354   0x00000012   Code   RO         2961    i.USART_DMACmd      stm32f10x_usart.o
    0x08005366   0x08005366   0x00000002   PAD
    0x08005368   0x08005368   0x0000009c   Code   RO         2962    i.USART_DeInit      stm32f10x_usart.o
    0x08005404   0x08005404   0x0000001a   Code   RO         2963    i.USART_GetFlagStatus  stm32f10x_usart.o
    0x0800541e   0x0800541e   0x0000004a   Code   RO         2966    i.USART_ITConfig    stm32f10x_usart.o
    0x08005468   0x08005468   0x000000d8   Code   RO         2967    i.USART_Init        stm32f10x_usart.o
    0x08005540   0x08005540   0x00000008   Code   RO         2977    i.USART_SendData    stm32f10x_usart.o
    0x08005548   0x08005548   0x000000cc   Code   RO         3318    i.USB_LP_CAN1_RX0_IRQHandler  can.o
    0x08005614   0x08005614   0x000000b0   Code   RO         3656    i.USER_IAP          iap.o
    0x080056c4   0x080056c4   0x00000004   Code   RO         3251    i.UsageFault_Handler  stm32f10x_it.o
    0x080056c8   0x080056c8   0x00000020   Code   RO         3657    i.Write_Deliver_Addr  iap.o
    0x080056e8   0x080056e8   0x00000064   Code   RO         3764    i.Zero              ws2812.o
    0x0800574c   0x0800574c   0x00000010   Code   RO         3873    i.__0printf$bare    mc_w.l(printfb.o)
    0x0800575c   0x0800575c   0x0000000e   Code   RO         4174    i.__scatterload_copy  mc_w.l(handlers.o)
    0x0800576a   0x0800576a   0x00000002   Code   RO         4175    i.__scatterload_null  mc_w.l(handlers.o)
    0x0800576c   0x0800576c   0x0000000e   Code   RO         4176    i.__scatterload_zeroinit  mc_w.l(handlers.o)
    0x0800577a   0x0800577a   0x00000022   Code   RO         3880    i._printf_core      mc_w.l(printfb.o)
    0x0800579c   0x0800579c   0x00000024   Code   RO         3495    i.fputc             debug_uart.o
    0x080057c0   0x080057c0   0x00000084   Code   RO         3658    i.iap_load_app      iap.o
    0x08005844   0x08005844   0x0000006c   Code   RO         3659    i.iap_write_appbin  iap.o
    0x080058b0   0x080058b0   0x000000a0   Code   RO         3196    i.main              main.o
    0x08005950   0x08005950   0x00000020   Data   RO         4172    Region$$Table       anon$$obj.o


    Execution Region RW_IRAM1 (Exec base: 0x20000000, Load base: 0x08005970, Size: 0x00002400, Max: 0x00005000, ABSOLUTE)

    Exec Addr    Load Addr    Size         Type   Attr      Idx    E Section Name        Object

    0x20000000   0x08005970   0x00000014   Data   RW         1805    .data               stm32f10x_rcc.o
    0x20000014   0x08005984   0x00000016   Data   RW         3320    .data               can.o
    0x2000002a   0x0800599a   0x00000001   Data   RW         3429    .data               uart.o
    0x2000002b   0x0800599b   0x00000002   Data   RW         3538    .data               gpio.o
    0x2000002d   0x0800599d   0x00000003   PAD
    0x20000030   0x080059a0   0x00000010   Data   RW         3662    .data               iap.o
    0x20000040   0x080059b0   0x00000004   Data   RW         3735    .data               tim.o
    0x20000044   0x080059b4   0x00000004   Data   RW         4146    .data               mc_w.l(stdout.o)
    0x20000048        -       0x000000a8   Zero   RW         3319    .bss                can.o
    0x200000f0        -       0x00000400   Zero   RW         3611    .bss                flash.o
    0x200004f0        -       0x00000400   Zero   RW         3661    .bss                iap.o
    0x200008f0        -       0x00000400   Zero   RW            1    STACK               startup_stm32f10x_md.o
    0x20000cf0   0x080059b8   0x00001310   PAD
    0x20002000        -       0x00000400   Zero   RW         3660    .ARM.__AT_0x20002000  iap.o


==============================================================================

Image component sizes


      Code (inc. data)   RO Data    RW Data    ZI Data      Debug   Object Name

      1904        204          0         22        168      10063   can.o
         0          0          0          0          0       4508   core_cm3.o
       220         16          0          0          0       2232   debug_uart.o
       330         24          0          0       1024       3565   flash.o
       758         82          0          2          0       5570   gpio.o
       652        134          0         16       2048      20887   iap.o
       160         26          0          0          0       1787   main.o
       132         22          0          0          0     215423   misc.o
        36          8        236          0       1024        852   startup_stm32f10x_md.o
         0          0          0          0          0       1700   stm32f10x_adc.o
      1260         12          0          0          0      13296   stm32f10x_can.o
       518         26          0          0          0      16135   stm32f10x_dma.o
       200         18          0          0          0       4304   stm32f10x_exti.o
       274         30          0          0          0       9822   stm32f10x_flash.o
       522         10          0          0          0      14096   stm32f10x_gpio.o
        26          0          0          0          0       4118   stm32f10x_it.o
       448         62          0         20          0      15429   stm32f10x_rcc.o
       250         42          0          0          0      24479   stm32f10x_tim.o
       522         28          0          0          0      12151   stm32f10x_usart.o
         6          0          0          0          0        356   sys.o
       328         28          0          0          0      55401   system_stm32f10x.o
       254         38          0          4          0       2290   tim.o
       986        118          0          1          0       6380   uart.o
       356         16          0          0          0       2951   ws2812.o

    ----------------------------------------------------------------------
     10168        944        268         68       9144     447795   Object Totals
         0          0         32          0          0          0   (incl. Generated)
        26          0          0          3       4880          0   (incl. Padding)

    ----------------------------------------------------------------------

      Code (inc. data)   RO Data    RW Data    ZI Data      Debug   Library Member Name

         0          0          0          0          0          0   entry.o
         0          0          0          0          0          0   entry10a.o
         0          0          0          0          0          0   entry11a.o
         8          4          0          0          0          0   entry2.o
         4          0          0          0          0          0   entry5.o
         0          0          0          0          0          0   entry7b.o
         0          0          0          0          0          0   entry8b.o
         8          4          0          0          0          0   entry9a.o
        30          0          0          0          0          0   handlers.o
        36          8          0          0          0         68   init.o
        36          0          0          0          0        108   memseta.o
        50          8          0          0          0        152   printfb.o
         0          0          0          4          0          0   stdout.o

    ----------------------------------------------------------------------
       172         24          0          4          0        328   Library Totals
         0          0          0          0          0          0   (incl. Padding)

    ----------------------------------------------------------------------

      Code (inc. data)   RO Data    RW Data    ZI Data      Debug   Library Name

       172         24          0          4          0        328   mc_w.l

    ----------------------------------------------------------------------
       172         24          0          4          0        328   Library Totals

    ----------------------------------------------------------------------

==============================================================================


      Code (inc. data)   RO Data    RW Data    ZI Data      Debug   

     10340        968        268         72       9144     442139   Grand Totals
     10340        968        268         72       9144     442139   ELF Image Totals
     10340        968        268         72          0          0   ROM Totals

==============================================================================

    Total RO  Size (Code + RO Data)                10608 (  10.36kB)
    Total RW  Size (RW Data + ZI Data)              9216 (   9.00kB)
    Total ROM Size (Code + RO Data + RW Data)      10680 (  10.43kB)

==============================================================================

