Component: ARM Compiler 5.06 update 6 (build 750) Tool: armlink [4d35ed]

==============================================================================

Section Cross References

    startup_stm32f40_41xxx.o(RESET) refers to startup_stm32f40_41xxx.o(STACK) for __initial_sp
    startup_stm32f40_41xxx.o(RESET) refers to startup_stm32f40_41xxx.o(.text) for Reset_Handler
    startup_stm32f40_41xxx.o(RESET) refers to stm32f4xx_it.o(.text) for NMI_Handler
    startup_stm32f40_41xxx.o(RESET) refers to 485_init.o(.text) for USART1_IRQHandler
    startup_stm32f40_41xxx.o(.text) refers to system_stm32f4xx.o(.text) for SystemInit
    startup_stm32f40_41xxx.o(.text) refers to entry.o(.ARM.Collect$$$$00000000) for __main
    stm32f4xx_adc.o(.text) refers to stm32f4xx_rcc.o(.text) for RCC_APB2PeriphResetCmd
    stm32f4xx_can.o(.text) refers to stm32f4xx_rcc.o(.text) for RCC_APB1PeriphResetCmd
    stm32f4xx_cryp.o(.text) refers to stm32f4xx_rcc.o(.text) for RCC_AHB2PeriphResetCmd
    stm32f4xx_cryp_aes.o(.text) refers to stm32f4xx_cryp.o(.text) for CRYP_KeyStructInit
    stm32f4xx_cryp_des.o(.text) refers to stm32f4xx_cryp.o(.text) for CRYP_KeyStructInit
    stm32f4xx_cryp_tdes.o(.text) refers to stm32f4xx_cryp.o(.text) for CRYP_KeyStructInit
    stm32f4xx_dac.o(.text) refers to stm32f4xx_rcc.o(.text) for RCC_APB1PeriphResetCmd
    stm32f4xx_dma2d.o(.text) refers to stm32f4xx_rcc.o(.text) for RCC_AHB1PeriphResetCmd
    stm32f4xx_fsmc.o(.text) refers to stm32f4xx_fsmc.o(.constdata) for .constdata
    stm32f4xx_gpio.o(.text) refers to stm32f4xx_rcc.o(.text) for RCC_AHB1PeriphResetCmd
    stm32f4xx_hash.o(.text) refers to stm32f4xx_rcc.o(.text) for RCC_AHB2PeriphResetCmd
    stm32f4xx_hash_md5.o(.text) refers to stm32f4xx_hash.o(.text) for HASH_DeInit
    stm32f4xx_hash_sha1.o(.text) refers to stm32f4xx_hash.o(.text) for HASH_DeInit
    stm32f4xx_i2c.o(.text) refers to stm32f4xx_rcc.o(.text) for RCC_APB1PeriphResetCmd
    stm32f4xx_ltdc.o(.text) refers to stm32f4xx_rcc.o(.text) for RCC_APB2PeriphResetCmd
    stm32f4xx_pwr.o(.text) refers to stm32f4xx_rcc.o(.text) for RCC_APB1PeriphResetCmd
    stm32f4xx_rcc.o(.text) refers to stm32f4xx_rcc.o(.data) for .data
    stm32f4xx_rng.o(.text) refers to stm32f4xx_rcc.o(.text) for RCC_AHB2PeriphResetCmd
    stm32f4xx_sai.o(.text) refers to stm32f4xx_rcc.o(.text) for RCC_APB2PeriphResetCmd
    stm32f4xx_sdio.o(.text) refers to stm32f4xx_rcc.o(.text) for RCC_APB2PeriphResetCmd
    stm32f4xx_spi.o(.text) refers to stm32f4xx_rcc.o(.text) for RCC_APB1PeriphResetCmd
    stm32f4xx_syscfg.o(.text) refers to stm32f4xx_rcc.o(.text) for RCC_APB2PeriphResetCmd
    stm32f4xx_tim.o(.text) refers to stm32f4xx_rcc.o(.text) for RCC_APB2PeriphResetCmd
    stm32f4xx_usart.o(.text) refers to stm32f4xx_rcc.o(.text) for RCC_APB2PeriphResetCmd
    stm32f4xx_wwdg.o(.text) refers to stm32f4xx_rcc.o(.text) for RCC_APB1PeriphResetCmd
    delay.o(.text) refers to misc.o(.text) for SysTick_CLKSourceConfig
    delay.o(.text) refers to delay.o(.data) for .data
    gpio.o(.text) refers to stm32f4xx_rcc.o(.text) for RCC_AHB1PeriphClockCmd
    gpio.o(.text) refers to stm32f4xx_gpio.o(.text) for GPIO_Init
    485_init.o(.text) refers to stm32f4xx_usart.o(.text) for USART_DeInit
    485_init.o(.text) refers to stm32f4xx_rcc.o(.text) for RCC_AHB1PeriphClockCmd
    485_init.o(.text) refers to stm32f4xx_gpio.o(.text) for GPIO_PinAFConfig
    485_init.o(.text) refers to misc.o(.text) for NVIC_Init
    485_init.o(.text) refers to stm32f4xx_dma.o(.text) for DMA_DeInit
    485_init.o(.text) refers to memcpya.o(.text) for __aeabi_memcpy
    485_init.o(.text) refers to malloc.o(i.malloc) for malloc
    485_init.o(.text) refers to memseta.o(.text) for __aeabi_memclr
    485_init.o(.text) refers to malloc.o(i.free) for free
    485_init.o(.text) refers to 485_init.o(.bss) for .bss
    485_init.o(.text) refers to 485_init.o(.data) for .data
    main.o(.text) refers to misc.o(.text) for NVIC_PriorityGroupConfig
    main.o(.text) refers to delay.o(.text) for delay_init
    main.o(.text) refers to gpio.o(.text) for GPIO_Digital_Init
    main.o(.text) refers to 485_init.o(.text) for USART1_Init
    main.o(.text) refers to stm32f4xx_gpio.o(.text) for GPIO_WriteBit
    stm32f4xx_it.o(.text) refers to segger_rtt_printf.o(.text) for SEGGER_RTT_printf
    system_stm32f4xx.o(.text) refers to system_stm32f4xx.o(.data) for .data
    segger_rtt.o(.text) refers to memseta.o(.text) for __aeabi_memclr4
    segger_rtt.o(.text) refers to memcpya.o(.text) for __aeabi_memcpy
    segger_rtt.o(.text) refers to segger_rtt.o(.bss) for .bss
    segger_rtt.o(.text) refers to segger_rtt.o(.constdata) for .constdata
    segger_rtt.o(.text) refers to strlen.o(.text) for strlen
    segger_rtt.o(.text) refers to segger_rtt.o(.data) for .data
    segger_rtt_printf.o(.text) refers to segger_rtt.o(.text) for SEGGER_RTT_Write
    segger_rtt_printf.o(.text) refers to segger_rtt_printf.o(.constdata) for .constdata
    entry.o(.ARM.Collect$$$$00000000) refers (Special) to entry10a.o(.ARM.Collect$$$$0000000D) for __rt_final_cpp
    entry.o(.ARM.Collect$$$$00000000) refers (Special) to entry11a.o(.ARM.Collect$$$$0000000F) for __rt_final_exit
    entry.o(.ARM.Collect$$$$00000000) refers (Special) to entry7b.o(.ARM.Collect$$$$00000008) for _main_clock
    entry.o(.ARM.Collect$$$$00000000) refers (Special) to entry8b.o(.ARM.Collect$$$$0000000A) for _main_cpp_init
    entry.o(.ARM.Collect$$$$00000000) refers (Special) to entry9a.o(.ARM.Collect$$$$0000000B) for _main_init
    entry.o(.ARM.Collect$$$$00000000) refers (Special) to entry5.o(.ARM.Collect$$$$00000004) for _main_scatterload
    entry.o(.ARM.Collect$$$$00000000) refers (Special) to entry2.o(.ARM.Collect$$$$00000001) for _main_stk
    malloc.o(i.free) refers to mvars.o(.data) for __microlib_freelist
    malloc.o(i.malloc) refers to mvars.o(.data) for __microlib_freelist_initialised
    malloc.o(i.malloc) refers to mvars.o(.data) for __microlib_freelist
    malloc.o(i.malloc) refers to startup_stm32f40_41xxx.o(HEAP) for __heap_base
    mallocr.o(i.__free$realloc) refers to mvars.o(.data) for __microlib_freelist
    mallocr.o(i.__malloc$realloc) refers to mallocr.o(i.internal_alloc) for internal_alloc
    mallocr.o(i.__malloc$realloc) refers to mvars.o(.data) for __microlib_freelist_initialised
    mallocr.o(i.__malloc$realloc) refers to startup_stm32f40_41xxx.o(HEAP) for __heap_base
    mallocr.o(i.__malloc$realloc) refers to mvars.o(.data) for __microlib_freelist
    mallocr.o(i.internal_alloc) refers to memcpya.o(.text) for __aeabi_memcpy
    mallocr.o(i.internal_alloc) refers to mvars.o(.data) for __microlib_freelist
    mallocr.o(i.realloc) refers to mallocr.o(i.__free$realloc) for __free$realloc
    mallocr.o(i.realloc) refers to mallocr.o(i.internal_alloc) for internal_alloc
    mallocr.o(i.realloc) refers to mallocr.o(i.__malloc$realloc) for __malloc$realloc
    mallocr.o(i.realloc) refers to mvars.o(.data) for __microlib_freelist
    malloca.o(i.__aligned_malloc) refers to mvars.o(.data) for __microlib_freelist_initialised
    malloca.o(i.__aligned_malloc) refers to mvars.o(.data) for __microlib_freelist
    malloca.o(i.__aligned_malloc) refers to startup_stm32f40_41xxx.o(HEAP) for __heap_base
    malloca.o(i.__free$memalign) refers to mvars.o(.data) for __microlib_freelist
    malloca.o(i.__malloc$memalign) refers to malloca.o(i.__aligned_malloc) for __aligned_malloc
    mallocra.o(i.__aligned_malloc$realloc) refers to mallocra.o(i.internal_alloc) for internal_alloc
    mallocra.o(i.__aligned_malloc$realloc) refers to mvars.o(.data) for __microlib_freelist_initialised
    mallocra.o(i.__aligned_malloc$realloc) refers to startup_stm32f40_41xxx.o(HEAP) for __heap_base
    mallocra.o(i.__aligned_malloc$realloc) refers to mvars.o(.data) for __microlib_freelist
    mallocra.o(i.__free$realloc$memalign) refers to mvars.o(.data) for __microlib_freelist
    mallocra.o(i.__malloc$realloc$memalign) refers to mallocra.o(i.__aligned_malloc$realloc) for __aligned_malloc$realloc
    mallocra.o(i.__realloc$memalign) refers to mallocra.o(i.__free$realloc$memalign) for __free$realloc$memalign
    mallocra.o(i.__realloc$memalign) refers to mallocra.o(i.internal_alloc) for internal_alloc
    mallocra.o(i.__realloc$memalign) refers to mallocra.o(i.__malloc$realloc$memalign) for __malloc$realloc$memalign
    mallocra.o(i.__realloc$memalign) refers to mvars.o(.data) for __microlib_freelist
    mallocra.o(i.internal_alloc) refers to memcpya.o(.text) for __aeabi_memcpy
    mallocra.o(i.internal_alloc) refers to mvars.o(.data) for __microlib_freelist
    entry2.o(.ARM.Collect$$$$00000001) refers to entry2.o(.ARM.Collect$$$$00002712) for __lit__00000000
    entry2.o(.ARM.Collect$$$$00002712) refers to startup_stm32f40_41xxx.o(STACK) for __initial_sp
    entry2.o(__vectab_stack_and_reset_area) refers to startup_stm32f40_41xxx.o(STACK) for __initial_sp
    entry2.o(__vectab_stack_and_reset_area) refers to entry.o(.ARM.Collect$$$$00000000) for __main
    entry5.o(.ARM.Collect$$$$00000004) refers to init.o(.text) for __scatterload
    entry9a.o(.ARM.Collect$$$$0000000B) refers to main.o(.text) for main
    entry9b.o(.ARM.Collect$$$$0000000C) refers to main.o(.text) for main
    init.o(.text) refers to entry5.o(.ARM.Collect$$$$00000004) for __main_after_scatterload


==============================================================================

Removing Unused input sections from the image.

    Removing misc.o(.rev16_text), (4 bytes).
    Removing misc.o(.revsh_text), (4 bytes).
    Removing stm32f4xx_adc.o(.rev16_text), (4 bytes).
    Removing stm32f4xx_adc.o(.revsh_text), (4 bytes).
    Removing stm32f4xx_adc.o(.text), (852 bytes).
    Removing stm32f4xx_can.o(.rev16_text), (4 bytes).
    Removing stm32f4xx_can.o(.revsh_text), (4 bytes).
    Removing stm32f4xx_can.o(.text), (1800 bytes).
    Removing stm32f4xx_crc.o(.rev16_text), (4 bytes).
    Removing stm32f4xx_crc.o(.revsh_text), (4 bytes).
    Removing stm32f4xx_crc.o(.text), (64 bytes).
    Removing stm32f4xx_cryp.o(.rev16_text), (4 bytes).
    Removing stm32f4xx_cryp.o(.revsh_text), (4 bytes).
    Removing stm32f4xx_cryp.o(.text), (720 bytes).
    Removing stm32f4xx_cryp_aes.o(.rev16_text), (4 bytes).
    Removing stm32f4xx_cryp_aes.o(.revsh_text), (4 bytes).
    Removing stm32f4xx_cryp_aes.o(.text), (3736 bytes).
    Removing stm32f4xx_cryp_des.o(.rev16_text), (4 bytes).
    Removing stm32f4xx_cryp_des.o(.revsh_text), (4 bytes).
    Removing stm32f4xx_cryp_des.o(.text), (412 bytes).
    Removing stm32f4xx_cryp_tdes.o(.rev16_text), (4 bytes).
    Removing stm32f4xx_cryp_tdes.o(.revsh_text), (4 bytes).
    Removing stm32f4xx_cryp_tdes.o(.text), (474 bytes).
    Removing stm32f4xx_dac.o(.rev16_text), (4 bytes).
    Removing stm32f4xx_dac.o(.revsh_text), (4 bytes).
    Removing stm32f4xx_dac.o(.text), (340 bytes).
    Removing stm32f4xx_dbgmcu.o(.rev16_text), (4 bytes).
    Removing stm32f4xx_dbgmcu.o(.revsh_text), (4 bytes).
    Removing stm32f4xx_dbgmcu.o(.text), (76 bytes).
    Removing stm32f4xx_dcmi.o(.rev16_text), (4 bytes).
    Removing stm32f4xx_dcmi.o(.revsh_text), (4 bytes).
    Removing stm32f4xx_dcmi.o(.text), (308 bytes).
    Removing stm32f4xx_dma2d.o(.rev16_text), (4 bytes).
    Removing stm32f4xx_dma2d.o(.revsh_text), (4 bytes).
    Removing stm32f4xx_dma2d.o(.text), (692 bytes).
    Removing stm32f4xx_dma.o(.rev16_text), (4 bytes).
    Removing stm32f4xx_dma.o(.revsh_text), (4 bytes).
    Removing stm32f4xx_exti.o(.rev16_text), (4 bytes).
    Removing stm32f4xx_exti.o(.revsh_text), (4 bytes).
    Removing stm32f4xx_exti.o(.text), (224 bytes).
    Removing stm32f4xx_flash.o(.rev16_text), (4 bytes).
    Removing stm32f4xx_flash.o(.revsh_text), (4 bytes).
    Removing stm32f4xx_flash.o(.text), (1256 bytes).
    Removing stm32f4xx_flash_ramfunc.o(.rev16_text), (4 bytes).
    Removing stm32f4xx_flash_ramfunc.o(.revsh_text), (4 bytes).
    Removing stm32f4xx_flash_ramfunc.o(.text), (48 bytes).
    Removing stm32f4xx_fsmc.o(.rev16_text), (4 bytes).
    Removing stm32f4xx_fsmc.o(.revsh_text), (4 bytes).
    Removing stm32f4xx_fsmc.o(.text), (1096 bytes).
    Removing stm32f4xx_fsmc.o(.constdata), (28 bytes).
    Removing stm32f4xx_gpio.o(.rev16_text), (4 bytes).
    Removing stm32f4xx_gpio.o(.revsh_text), (4 bytes).
    Removing stm32f4xx_hash.o(.rev16_text), (4 bytes).
    Removing stm32f4xx_hash.o(.revsh_text), (4 bytes).
    Removing stm32f4xx_hash.o(.text), (488 bytes).
    Removing stm32f4xx_hash_md5.o(.rev16_text), (4 bytes).
    Removing stm32f4xx_hash_md5.o(.revsh_text), (4 bytes).
    Removing stm32f4xx_hash_md5.o(.text), (478 bytes).
    Removing stm32f4xx_hash_sha1.o(.rev16_text), (4 bytes).
    Removing stm32f4xx_hash_sha1.o(.revsh_text), (4 bytes).
    Removing stm32f4xx_hash_sha1.o(.text), (488 bytes).
    Removing stm32f4xx_i2c.o(.rev16_text), (4 bytes).
    Removing stm32f4xx_i2c.o(.revsh_text), (4 bytes).
    Removing stm32f4xx_i2c.o(.text), (864 bytes).
    Removing stm32f4xx_iwdg.o(.rev16_text), (4 bytes).
    Removing stm32f4xx_iwdg.o(.revsh_text), (4 bytes).
    Removing stm32f4xx_iwdg.o(.text), (60 bytes).
    Removing stm32f4xx_ltdc.o(.rev16_text), (4 bytes).
    Removing stm32f4xx_ltdc.o(.revsh_text), (4 bytes).
    Removing stm32f4xx_ltdc.o(.text), (1132 bytes).
    Removing stm32f4xx_pwr.o(.rev16_text), (4 bytes).
    Removing stm32f4xx_pwr.o(.revsh_text), (4 bytes).
    Removing stm32f4xx_pwr.o(.text), (296 bytes).
    Removing stm32f4xx_rcc.o(.rev16_text), (4 bytes).
    Removing stm32f4xx_rcc.o(.revsh_text), (4 bytes).
    Removing stm32f4xx_rng.o(.rev16_text), (4 bytes).
    Removing stm32f4xx_rng.o(.revsh_text), (4 bytes).
    Removing stm32f4xx_rng.o(.text), (140 bytes).
    Removing stm32f4xx_rtc.o(.rev16_text), (4 bytes).
    Removing stm32f4xx_rtc.o(.revsh_text), (4 bytes).
    Removing stm32f4xx_rtc.o(.text), (2636 bytes).
    Removing stm32f4xx_sai.o(.rev16_text), (4 bytes).
    Removing stm32f4xx_sai.o(.revsh_text), (4 bytes).
    Removing stm32f4xx_sai.o(.text), (488 bytes).
    Removing stm32f4xx_sdio.o(.rev16_text), (4 bytes).
    Removing stm32f4xx_sdio.o(.revsh_text), (4 bytes).
    Removing stm32f4xx_sdio.o(.text), (440 bytes).
    Removing stm32f4xx_spi.o(.rev16_text), (4 bytes).
    Removing stm32f4xx_spi.o(.revsh_text), (4 bytes).
    Removing stm32f4xx_spi.o(.text), (812 bytes).
    Removing stm32f4xx_syscfg.o(.rev16_text), (4 bytes).
    Removing stm32f4xx_syscfg.o(.revsh_text), (4 bytes).
    Removing stm32f4xx_syscfg.o(.text), (124 bytes).
    Removing stm32f4xx_tim.o(.rev16_text), (4 bytes).
    Removing stm32f4xx_tim.o(.revsh_text), (4 bytes).
    Removing stm32f4xx_tim.o(.text), (2524 bytes).
    Removing stm32f4xx_usart.o(.rev16_text), (4 bytes).
    Removing stm32f4xx_usart.o(.revsh_text), (4 bytes).
    Removing stm32f4xx_wwdg.o(.rev16_text), (4 bytes).
    Removing stm32f4xx_wwdg.o(.revsh_text), (4 bytes).
    Removing stm32f4xx_wwdg.o(.text), (128 bytes).
    Removing delay.o(.rev16_text), (4 bytes).
    Removing delay.o(.revsh_text), (4 bytes).
    Removing sys.o(.rev16_text), (4 bytes).
    Removing sys.o(.revsh_text), (4 bytes).
    Removing sys.o(.emb_text), (16 bytes).
    Removing gpio.o(.rev16_text), (4 bytes).
    Removing gpio.o(.revsh_text), (4 bytes).
    Removing 485_init.o(.rev16_text), (4 bytes).
    Removing 485_init.o(.revsh_text), (4 bytes).
    Removing 485_init.o(.data), (4 bytes).
    Removing main.o(.rev16_text), (4 bytes).
    Removing main.o(.revsh_text), (4 bytes).
    Removing main.o(.data), (5 bytes).
    Removing stm32f4xx_it.o(.rev16_text), (4 bytes).
    Removing stm32f4xx_it.o(.revsh_text), (4 bytes).
    Removing system_stm32f4xx.o(.rev16_text), (4 bytes).
    Removing system_stm32f4xx.o(.revsh_text), (4 bytes).

118 unused section(s) (total 23585 bytes) removed from the image.

==============================================================================

Image Symbol Table

    Local Symbols

    Symbol Name                              Value     Ov Type        Size  Object(Section)

    ../clib/../cmprslib/zerorunl2.c          0x00000000   Number         0  __dczerorl2.o ABSOLUTE
    ../clib/microlib/init/entry.s            0x00000000   Number         0  entry9a.o ABSOLUTE
    ../clib/microlib/init/entry.s            0x00000000   Number         0  entry8b.o ABSOLUTE
    ../clib/microlib/init/entry.s            0x00000000   Number         0  entry7b.o ABSOLUTE
    ../clib/microlib/init/entry.s            0x00000000   Number         0  entry7a.o ABSOLUTE
    ../clib/microlib/init/entry.s            0x00000000   Number         0  entry5.o ABSOLUTE
    ../clib/microlib/init/entry.s            0x00000000   Number         0  entry2.o ABSOLUTE
    ../clib/microlib/init/entry.s            0x00000000   Number         0  entry8a.o ABSOLUTE
    ../clib/microlib/init/entry.s            0x00000000   Number         0  entry.o ABSOLUTE
    ../clib/microlib/init/entry.s            0x00000000   Number         0  entry11b.o ABSOLUTE
    ../clib/microlib/init/entry.s            0x00000000   Number         0  entry11a.o ABSOLUTE
    ../clib/microlib/init/entry.s            0x00000000   Number         0  entry10b.o ABSOLUTE
    ../clib/microlib/init/entry.s            0x00000000   Number         0  entry10a.o ABSOLUTE
    ../clib/microlib/init/entry.s            0x00000000   Number         0  entry9b.o ABSOLUTE
    ../clib/microlib/malloc/malloc.c         0x00000000   Number         0  mallocra.o ABSOLUTE
    ../clib/microlib/malloc/malloc.c         0x00000000   Number         0  malloca.o ABSOLUTE
    ../clib/microlib/malloc/malloc.c         0x00000000   Number         0  mallocr.o ABSOLUTE
    ../clib/microlib/malloc/malloc.c         0x00000000   Number         0  malloc.o ABSOLUTE
    ../clib/microlib/malloc/mvars.c          0x00000000   Number         0  mvars.o ABSOLUTE
    ../clib/microlib/string/memcpy.c         0x00000000   Number         0  memcpyb.o ABSOLUTE
    ../clib/microlib/string/memcpy.c         0x00000000   Number         0  memcpya.o ABSOLUTE
    ../clib/microlib/string/memset.c         0x00000000   Number         0  memseta.o ABSOLUTE
    ../clib/microlib/string/strlen.c         0x00000000   Number         0  strlen.o ABSOLUTE
    ..\CORE\startup_stm32f40_41xxx.s         0x00000000   Number         0  startup_stm32f40_41xxx.o ABSOLUTE
    ..\FWLIB\src\misc.c                      0x00000000   Number         0  misc.o ABSOLUTE
    ..\FWLIB\src\stm32f4xx_adc.c             0x00000000   Number         0  stm32f4xx_adc.o ABSOLUTE
    ..\FWLIB\src\stm32f4xx_can.c             0x00000000   Number         0  stm32f4xx_can.o ABSOLUTE
    ..\FWLIB\src\stm32f4xx_crc.c             0x00000000   Number         0  stm32f4xx_crc.o ABSOLUTE
    ..\FWLIB\src\stm32f4xx_cryp.c            0x00000000   Number         0  stm32f4xx_cryp.o ABSOLUTE
    ..\FWLIB\src\stm32f4xx_cryp_aes.c        0x00000000   Number         0  stm32f4xx_cryp_aes.o ABSOLUTE
    ..\FWLIB\src\stm32f4xx_cryp_des.c        0x00000000   Number         0  stm32f4xx_cryp_des.o ABSOLUTE
    ..\FWLIB\src\stm32f4xx_cryp_tdes.c       0x00000000   Number         0  stm32f4xx_cryp_tdes.o ABSOLUTE
    ..\FWLIB\src\stm32f4xx_dac.c             0x00000000   Number         0  stm32f4xx_dac.o ABSOLUTE
    ..\FWLIB\src\stm32f4xx_dbgmcu.c          0x00000000   Number         0  stm32f4xx_dbgmcu.o ABSOLUTE
    ..\FWLIB\src\stm32f4xx_dcmi.c            0x00000000   Number         0  stm32f4xx_dcmi.o ABSOLUTE
    ..\FWLIB\src\stm32f4xx_dma.c             0x00000000   Number         0  stm32f4xx_dma.o ABSOLUTE
    ..\FWLIB\src\stm32f4xx_dma2d.c           0x00000000   Number         0  stm32f4xx_dma2d.o ABSOLUTE
    ..\FWLIB\src\stm32f4xx_exti.c            0x00000000   Number         0  stm32f4xx_exti.o ABSOLUTE
    ..\FWLIB\src\stm32f4xx_flash.c           0x00000000   Number         0  stm32f4xx_flash.o ABSOLUTE
    ..\FWLIB\src\stm32f4xx_flash_ramfunc.c   0x00000000   Number         0  stm32f4xx_flash_ramfunc.o ABSOLUTE
    ..\FWLIB\src\stm32f4xx_fsmc.c            0x00000000   Number         0  stm32f4xx_fsmc.o ABSOLUTE
    ..\FWLIB\src\stm32f4xx_gpio.c            0x00000000   Number         0  stm32f4xx_gpio.o ABSOLUTE
    ..\FWLIB\src\stm32f4xx_hash.c            0x00000000   Number         0  stm32f4xx_hash.o ABSOLUTE
    ..\FWLIB\src\stm32f4xx_hash_md5.c        0x00000000   Number         0  stm32f4xx_hash_md5.o ABSOLUTE
    ..\FWLIB\src\stm32f4xx_hash_sha1.c       0x00000000   Number         0  stm32f4xx_hash_sha1.o ABSOLUTE
    ..\FWLIB\src\stm32f4xx_i2c.c             0x00000000   Number         0  stm32f4xx_i2c.o ABSOLUTE
    ..\FWLIB\src\stm32f4xx_iwdg.c            0x00000000   Number         0  stm32f4xx_iwdg.o ABSOLUTE
    ..\FWLIB\src\stm32f4xx_ltdc.c            0x00000000   Number         0  stm32f4xx_ltdc.o ABSOLUTE
    ..\FWLIB\src\stm32f4xx_pwr.c             0x00000000   Number         0  stm32f4xx_pwr.o ABSOLUTE
    ..\FWLIB\src\stm32f4xx_rcc.c             0x00000000   Number         0  stm32f4xx_rcc.o ABSOLUTE
    ..\FWLIB\src\stm32f4xx_rng.c             0x00000000   Number         0  stm32f4xx_rng.o ABSOLUTE
    ..\FWLIB\src\stm32f4xx_rtc.c             0x00000000   Number         0  stm32f4xx_rtc.o ABSOLUTE
    ..\FWLIB\src\stm32f4xx_sai.c             0x00000000   Number         0  stm32f4xx_sai.o ABSOLUTE
    ..\FWLIB\src\stm32f4xx_sdio.c            0x00000000   Number         0  stm32f4xx_sdio.o ABSOLUTE
    ..\FWLIB\src\stm32f4xx_spi.c             0x00000000   Number         0  stm32f4xx_spi.o ABSOLUTE
    ..\FWLIB\src\stm32f4xx_syscfg.c          0x00000000   Number         0  stm32f4xx_syscfg.o ABSOLUTE
    ..\FWLIB\src\stm32f4xx_tim.c             0x00000000   Number         0  stm32f4xx_tim.o ABSOLUTE
    ..\FWLIB\src\stm32f4xx_usart.c           0x00000000   Number         0  stm32f4xx_usart.o ABSOLUTE
    ..\FWLIB\src\stm32f4xx_wwdg.c            0x00000000   Number         0  stm32f4xx_wwdg.o ABSOLUTE
    ..\HARDWARE\485_Init.c                   0x00000000   Number         0  485_init.o ABSOLUTE
    ..\HARDWARE\GPIO.c                       0x00000000   Number         0  gpio.o ABSOLUTE
    ..\RTT\Src\SEGGER_RTT.c                  0x00000000   Number         0  segger_rtt.o ABSOLUTE
    ..\RTT\Src\SEGGER_RTT_printf.c           0x00000000   Number         0  segger_rtt_printf.o ABSOLUTE
    ..\SYSTEM\delay\delay.c                  0x00000000   Number         0  delay.o ABSOLUTE
    ..\SYSTEM\sys\sys.c                      0x00000000   Number         0  sys.o ABSOLUTE
    ..\\FWLIB\\src\\misc.c                   0x00000000   Number         0  misc.o ABSOLUTE
    ..\\FWLIB\\src\\stm32f4xx_adc.c          0x00000000   Number         0  stm32f4xx_adc.o ABSOLUTE
    ..\\FWLIB\\src\\stm32f4xx_can.c          0x00000000   Number         0  stm32f4xx_can.o ABSOLUTE
    ..\\FWLIB\\src\\stm32f4xx_crc.c          0x00000000   Number         0  stm32f4xx_crc.o ABSOLUTE
    ..\\FWLIB\\src\\stm32f4xx_cryp.c         0x00000000   Number         0  stm32f4xx_cryp.o ABSOLUTE
    ..\\FWLIB\\src\\stm32f4xx_cryp_aes.c     0x00000000   Number         0  stm32f4xx_cryp_aes.o ABSOLUTE
    ..\\FWLIB\\src\\stm32f4xx_cryp_des.c     0x00000000   Number         0  stm32f4xx_cryp_des.o ABSOLUTE
    ..\\FWLIB\\src\\stm32f4xx_cryp_tdes.c    0x00000000   Number         0  stm32f4xx_cryp_tdes.o ABSOLUTE
    ..\\FWLIB\\src\\stm32f4xx_dac.c          0x00000000   Number         0  stm32f4xx_dac.o ABSOLUTE
    ..\\FWLIB\\src\\stm32f4xx_dbgmcu.c       0x00000000   Number         0  stm32f4xx_dbgmcu.o ABSOLUTE
    ..\\FWLIB\\src\\stm32f4xx_dcmi.c         0x00000000   Number         0  stm32f4xx_dcmi.o ABSOLUTE
    ..\\FWLIB\\src\\stm32f4xx_dma.c          0x00000000   Number         0  stm32f4xx_dma.o ABSOLUTE
    ..\\FWLIB\\src\\stm32f4xx_dma2d.c        0x00000000   Number         0  stm32f4xx_dma2d.o ABSOLUTE
    ..\\FWLIB\\src\\stm32f4xx_exti.c         0x00000000   Number         0  stm32f4xx_exti.o ABSOLUTE
    ..\\FWLIB\\src\\stm32f4xx_flash.c        0x00000000   Number         0  stm32f4xx_flash.o ABSOLUTE
    ..\\FWLIB\\src\\stm32f4xx_flash_ramfunc.c 0x00000000   Number         0  stm32f4xx_flash_ramfunc.o ABSOLUTE
    ..\\FWLIB\\src\\stm32f4xx_fsmc.c         0x00000000   Number         0  stm32f4xx_fsmc.o ABSOLUTE
    ..\\FWLIB\\src\\stm32f4xx_gpio.c         0x00000000   Number         0  stm32f4xx_gpio.o ABSOLUTE
    ..\\FWLIB\\src\\stm32f4xx_hash.c         0x00000000   Number         0  stm32f4xx_hash.o ABSOLUTE
    ..\\FWLIB\\src\\stm32f4xx_hash_md5.c     0x00000000   Number         0  stm32f4xx_hash_md5.o ABSOLUTE
    ..\\FWLIB\\src\\stm32f4xx_hash_sha1.c    0x00000000   Number         0  stm32f4xx_hash_sha1.o ABSOLUTE
    ..\\FWLIB\\src\\stm32f4xx_i2c.c          0x00000000   Number         0  stm32f4xx_i2c.o ABSOLUTE
    ..\\FWLIB\\src\\stm32f4xx_iwdg.c         0x00000000   Number         0  stm32f4xx_iwdg.o ABSOLUTE
    ..\\FWLIB\\src\\stm32f4xx_ltdc.c         0x00000000   Number         0  stm32f4xx_ltdc.o ABSOLUTE
    ..\\FWLIB\\src\\stm32f4xx_pwr.c          0x00000000   Number         0  stm32f4xx_pwr.o ABSOLUTE
    ..\\FWLIB\\src\\stm32f4xx_rcc.c          0x00000000   Number         0  stm32f4xx_rcc.o ABSOLUTE
    ..\\FWLIB\\src\\stm32f4xx_rng.c          0x00000000   Number         0  stm32f4xx_rng.o ABSOLUTE
    ..\\FWLIB\\src\\stm32f4xx_rtc.c          0x00000000   Number         0  stm32f4xx_rtc.o ABSOLUTE
    ..\\FWLIB\\src\\stm32f4xx_sai.c          0x00000000   Number         0  stm32f4xx_sai.o ABSOLUTE
    ..\\FWLIB\\src\\stm32f4xx_sdio.c         0x00000000   Number         0  stm32f4xx_sdio.o ABSOLUTE
    ..\\FWLIB\\src\\stm32f4xx_spi.c          0x00000000   Number         0  stm32f4xx_spi.o ABSOLUTE
    ..\\FWLIB\\src\\stm32f4xx_syscfg.c       0x00000000   Number         0  stm32f4xx_syscfg.o ABSOLUTE
    ..\\FWLIB\\src\\stm32f4xx_tim.c          0x00000000   Number         0  stm32f4xx_tim.o ABSOLUTE
    ..\\FWLIB\\src\\stm32f4xx_usart.c        0x00000000   Number         0  stm32f4xx_usart.o ABSOLUTE
    ..\\FWLIB\\src\\stm32f4xx_wwdg.c         0x00000000   Number         0  stm32f4xx_wwdg.o ABSOLUTE
    ..\\HARDWARE\\485_Init.c                 0x00000000   Number         0  485_init.o ABSOLUTE
    ..\\HARDWARE\\GPIO.c                     0x00000000   Number         0  gpio.o ABSOLUTE
    ..\\SYSTEM\\delay\\delay.c               0x00000000   Number         0  delay.o ABSOLUTE
    ..\\SYSTEM\\sys\\sys.c                   0x00000000   Number         0  sys.o ABSOLUTE
    dc.s                                     0x00000000   Number         0  dc.o ABSOLUTE
    handlers.s                               0x00000000   Number         0  handlers.o ABSOLUTE
    init.s                                   0x00000000   Number         0  init.o ABSOLUTE
    main.c                                   0x00000000   Number         0  main.o ABSOLUTE
    main.c                                   0x00000000   Number         0  main.o ABSOLUTE
    stm32f4xx_it.c                           0x00000000   Number         0  stm32f4xx_it.o ABSOLUTE
    stm32f4xx_it.c                           0x00000000   Number         0  stm32f4xx_it.o ABSOLUTE
    system_stm32f4xx.c                       0x00000000   Number         0  system_stm32f4xx.o ABSOLUTE
    system_stm32f4xx.c                       0x00000000   Number         0  system_stm32f4xx.o ABSOLUTE
    RESET                                    0x08000000   Section      392  startup_stm32f40_41xxx.o(RESET)
    .ARM.Collect$$$$00000000                 0x08000188   Section        0  entry.o(.ARM.Collect$$$$00000000)
    .ARM.Collect$$$$00000001                 0x08000188   Section        4  entry2.o(.ARM.Collect$$$$00000001)
    .ARM.Collect$$$$00000004                 0x0800018c   Section        4  entry5.o(.ARM.Collect$$$$00000004)
    .ARM.Collect$$$$00000008                 0x08000190   Section        0  entry7b.o(.ARM.Collect$$$$00000008)
    .ARM.Collect$$$$0000000A                 0x08000190   Section        0  entry8b.o(.ARM.Collect$$$$0000000A)
    .ARM.Collect$$$$0000000B                 0x08000190   Section        8  entry9a.o(.ARM.Collect$$$$0000000B)
    .ARM.Collect$$$$0000000D                 0x08000198   Section        0  entry10a.o(.ARM.Collect$$$$0000000D)
    .ARM.Collect$$$$0000000F                 0x08000198   Section        0  entry11a.o(.ARM.Collect$$$$0000000F)
    .ARM.Collect$$$$00002712                 0x08000198   Section        4  entry2.o(.ARM.Collect$$$$00002712)
    __lit__00000000                          0x08000198   Data           4  entry2.o(.ARM.Collect$$$$00002712)
    .text                                    0x0800019c   Section       36  startup_stm32f40_41xxx.o(.text)
    $v0                                      0x0800019c   Number         0  startup_stm32f40_41xxx.o(.text)
    .text                                    0x080001c0   Section        0  misc.o(.text)
    .text                                    0x08000270   Section        0  stm32f4xx_dma.o(.text)
    .text                                    0x08000590   Section        0  stm32f4xx_gpio.o(.text)
    .text                                    0x0800079c   Section        0  stm32f4xx_rcc.o(.text)
    .text                                    0x08000c1c   Section        0  stm32f4xx_usart.o(.text)
    .text                                    0x08000f74   Section        0  delay.o(.text)
    .text                                    0x0800102c   Section        0  gpio.o(.text)
    .text                                    0x080010d0   Section        0  485_init.o(.text)
    .text                                    0x08001554   Section        0  main.o(.text)
    .text                                    0x0800158c   Section        0  stm32f4xx_it.o(.text)
    .text                                    0x080015c0   Section        0  system_stm32f4xx.o(.text)
    SetSysClock                              0x080015c1   Thumb Code   162  system_stm32f4xx.o(.text)
    .text                                    0x0800173c   Section        0  segger_rtt.o(.text)
    _DoInit                                  0x0800173d   Thumb Code    80  segger_rtt.o(.text)
    _WriteBlocking                           0x0800178d   Thumb Code    90  segger_rtt.o(.text)
    _WriteNoCheck                            0x080017e7   Thumb Code    66  segger_rtt.o(.text)
    _PostTerminalSwitch                      0x0800208d   Thumb Code    26  segger_rtt.o(.text)
    _GetAvailWriteSpace                      0x080020a7   Thumb Code    22  segger_rtt.o(.text)
    .text                                    0x080020c8   Section        0  segger_rtt_printf.o(.text)
    _StoreChar                               0x080020c9   Thumb Code    62  segger_rtt_printf.o(.text)
    _PrintUnsigned                           0x08002107   Thumb Code   200  segger_rtt_printf.o(.text)
    _PrintInt                                0x080023a3   Thumb Code   196  segger_rtt_printf.o(.text)
    .text                                    0x08002474   Section        0  memcpya.o(.text)
    .text                                    0x08002498   Section        0  memseta.o(.text)
    .text                                    0x080024bc   Section        0  strlen.o(.text)
    .text                                    0x080024cc   Section       36  init.o(.text)
    .text                                    0x080024f0   Section        0  __dczerorl2.o(.text)
    i.__scatterload_copy                     0x08002546   Section       14  handlers.o(i.__scatterload_copy)
    i.__scatterload_null                     0x08002554   Section        2  handlers.o(i.__scatterload_null)
    i.__scatterload_zeroinit                 0x08002556   Section       14  handlers.o(i.__scatterload_zeroinit)
    i.free                                   0x08002564   Section        0  malloc.o(i.free)
    i.malloc                                 0x080025b4   Section        0  malloc.o(i.malloc)
    .constdata                               0x08002620   Section       33  segger_rtt.o(.constdata)
    _aTerminalId                             0x08002620   Data          16  segger_rtt.o(.constdata)
    _aInitStr                                0x08002630   Data          17  segger_rtt.o(.constdata)
    .constdata                               0x08002641   Section       16  segger_rtt_printf.o(.constdata)
    _aV2C                                    0x08002641   Data          16  segger_rtt_printf.o(.constdata)
    .data                                    0x20000000   Section       16  stm32f4xx_rcc.o(.data)
    APBAHBPrescTable                         0x20000000   Data          16  stm32f4xx_rcc.o(.data)
    .data                                    0x20000010   Section        4  delay.o(.data)
    fac_us                                   0x20000010   Data           1  delay.o(.data)
    fac_ms                                   0x20000012   Data           2  delay.o(.data)
    .data                                    0x20000014   Section      260  485_init.o(.data)
    .data                                    0x20000118   Section       20  system_stm32f4xx.o(.data)
    .data                                    0x2000012c   Section        1  segger_rtt.o(.data)
    _ActiveTerminal                          0x2000012c   Data           1  segger_rtt.o(.data)
    .data                                    0x20000130   Section        4  mvars.o(.data)
    .data                                    0x20000134   Section        4  mvars.o(.data)
    .bss                                     0x20000138   Section      384  485_init.o(.bss)
    .bss                                     0x200002b8   Section     1208  segger_rtt.o(.bss)
    _acUpBuffer                              0x20000360   Data        1024  segger_rtt.o(.bss)
    _acDownBuffer                            0x20000760   Data          16  segger_rtt.o(.bss)
    HEAP                                     0x20000770   Section      512  startup_stm32f40_41xxx.o(HEAP)
    STACK                                    0x20000970   Section     1024  startup_stm32f40_41xxx.o(STACK)

    Global Symbols

    Symbol Name                              Value     Ov Type        Size  Object(Section)

    BuildAttributes$$THM_ISAv4$E$P$D$K$B$S$7EM$VFPi3$EXTD16$VFPS$VFMA$PE$A:L22UL41UL21$X:L11$S22US41US21$IEEE1$IW$USESV6$~STKCKD$USESV7$~SHL$OSPACE$EBA8$MICROLIB$REQ8$PRES8$EABIv2 0x00000000   Number         0  anon$$obj.o ABSOLUTE
    __ARM_use_no_argv                        0x00000000   Number         0  main.o ABSOLUTE
    __cpp_initialize__aeabi_                  - Undefined Weak Reference
    __cxa_finalize                            - Undefined Weak Reference
    _clock_init                               - Undefined Weak Reference
    _microlib_exit                            - Undefined Weak Reference
    __Vectors_Size                           0x00000188   Number         0  startup_stm32f40_41xxx.o ABSOLUTE
    __Vectors                                0x08000000   Data           4  startup_stm32f40_41xxx.o(RESET)
    __Vectors_End                            0x08000188   Data           0  startup_stm32f40_41xxx.o(RESET)
    __main                                   0x08000189   Thumb Code     0  entry.o(.ARM.Collect$$$$00000000)
    _main_stk                                0x08000189   Thumb Code     0  entry2.o(.ARM.Collect$$$$00000001)
    _main_scatterload                        0x0800018d   Thumb Code     0  entry5.o(.ARM.Collect$$$$00000004)
    __main_after_scatterload                 0x08000191   Thumb Code     0  entry5.o(.ARM.Collect$$$$00000004)
    _main_clock                              0x08000191   Thumb Code     0  entry7b.o(.ARM.Collect$$$$00000008)
    _main_cpp_init                           0x08000191   Thumb Code     0  entry8b.o(.ARM.Collect$$$$0000000A)
    _main_init                               0x08000191   Thumb Code     0  entry9a.o(.ARM.Collect$$$$0000000B)
    __rt_final_cpp                           0x08000199   Thumb Code     0  entry10a.o(.ARM.Collect$$$$0000000D)
    __rt_final_exit                          0x08000199   Thumb Code     0  entry11a.o(.ARM.Collect$$$$0000000F)
    Reset_Handler                            0x0800019d   Thumb Code     8  startup_stm32f40_41xxx.o(.text)
    ADC_IRQHandler                           0x080001b7   Thumb Code     0  startup_stm32f40_41xxx.o(.text)
    CAN1_RX0_IRQHandler                      0x080001b7   Thumb Code     0  startup_stm32f40_41xxx.o(.text)
    CAN1_RX1_IRQHandler                      0x080001b7   Thumb Code     0  startup_stm32f40_41xxx.o(.text)
    CAN1_SCE_IRQHandler                      0x080001b7   Thumb Code     0  startup_stm32f40_41xxx.o(.text)
    CAN1_TX_IRQHandler                       0x080001b7   Thumb Code     0  startup_stm32f40_41xxx.o(.text)
    CAN2_RX0_IRQHandler                      0x080001b7   Thumb Code     0  startup_stm32f40_41xxx.o(.text)
    CAN2_RX1_IRQHandler                      0x080001b7   Thumb Code     0  startup_stm32f40_41xxx.o(.text)
    CAN2_SCE_IRQHandler                      0x080001b7   Thumb Code     0  startup_stm32f40_41xxx.o(.text)
    CAN2_TX_IRQHandler                       0x080001b7   Thumb Code     0  startup_stm32f40_41xxx.o(.text)
    CRYP_IRQHandler                          0x080001b7   Thumb Code     0  startup_stm32f40_41xxx.o(.text)
    DCMI_IRQHandler                          0x080001b7   Thumb Code     0  startup_stm32f40_41xxx.o(.text)
    DMA1_Stream0_IRQHandler                  0x080001b7   Thumb Code     0  startup_stm32f40_41xxx.o(.text)
    DMA1_Stream1_IRQHandler                  0x080001b7   Thumb Code     0  startup_stm32f40_41xxx.o(.text)
    DMA1_Stream2_IRQHandler                  0x080001b7   Thumb Code     0  startup_stm32f40_41xxx.o(.text)
    DMA1_Stream3_IRQHandler                  0x080001b7   Thumb Code     0  startup_stm32f40_41xxx.o(.text)
    DMA1_Stream4_IRQHandler                  0x080001b7   Thumb Code     0  startup_stm32f40_41xxx.o(.text)
    DMA1_Stream5_IRQHandler                  0x080001b7   Thumb Code     0  startup_stm32f40_41xxx.o(.text)
    DMA1_Stream6_IRQHandler                  0x080001b7   Thumb Code     0  startup_stm32f40_41xxx.o(.text)
    DMA1_Stream7_IRQHandler                  0x080001b7   Thumb Code     0  startup_stm32f40_41xxx.o(.text)
    DMA2_Stream0_IRQHandler                  0x080001b7   Thumb Code     0  startup_stm32f40_41xxx.o(.text)
    DMA2_Stream1_IRQHandler                  0x080001b7   Thumb Code     0  startup_stm32f40_41xxx.o(.text)
    DMA2_Stream2_IRQHandler                  0x080001b7   Thumb Code     0  startup_stm32f40_41xxx.o(.text)
    DMA2_Stream3_IRQHandler                  0x080001b7   Thumb Code     0  startup_stm32f40_41xxx.o(.text)
    DMA2_Stream4_IRQHandler                  0x080001b7   Thumb Code     0  startup_stm32f40_41xxx.o(.text)
    DMA2_Stream5_IRQHandler                  0x080001b7   Thumb Code     0  startup_stm32f40_41xxx.o(.text)
    DMA2_Stream6_IRQHandler                  0x080001b7   Thumb Code     0  startup_stm32f40_41xxx.o(.text)
    ETH_IRQHandler                           0x080001b7   Thumb Code     0  startup_stm32f40_41xxx.o(.text)
    ETH_WKUP_IRQHandler                      0x080001b7   Thumb Code     0  startup_stm32f40_41xxx.o(.text)
    EXTI0_IRQHandler                         0x080001b7   Thumb Code     0  startup_stm32f40_41xxx.o(.text)
    EXTI15_10_IRQHandler                     0x080001b7   Thumb Code     0  startup_stm32f40_41xxx.o(.text)
    EXTI1_IRQHandler                         0x080001b7   Thumb Code     0  startup_stm32f40_41xxx.o(.text)
    EXTI2_IRQHandler                         0x080001b7   Thumb Code     0  startup_stm32f40_41xxx.o(.text)
    EXTI3_IRQHandler                         0x080001b7   Thumb Code     0  startup_stm32f40_41xxx.o(.text)
    EXTI4_IRQHandler                         0x080001b7   Thumb Code     0  startup_stm32f40_41xxx.o(.text)
    EXTI9_5_IRQHandler                       0x080001b7   Thumb Code     0  startup_stm32f40_41xxx.o(.text)
    FLASH_IRQHandler                         0x080001b7   Thumb Code     0  startup_stm32f40_41xxx.o(.text)
    FPU_IRQHandler                           0x080001b7   Thumb Code     0  startup_stm32f40_41xxx.o(.text)
    FSMC_IRQHandler                          0x080001b7   Thumb Code     0  startup_stm32f40_41xxx.o(.text)
    HASH_RNG_IRQHandler                      0x080001b7   Thumb Code     0  startup_stm32f40_41xxx.o(.text)
    I2C1_ER_IRQHandler                       0x080001b7   Thumb Code     0  startup_stm32f40_41xxx.o(.text)
    I2C1_EV_IRQHandler                       0x080001b7   Thumb Code     0  startup_stm32f40_41xxx.o(.text)
    I2C2_ER_IRQHandler                       0x080001b7   Thumb Code     0  startup_stm32f40_41xxx.o(.text)
    I2C2_EV_IRQHandler                       0x080001b7   Thumb Code     0  startup_stm32f40_41xxx.o(.text)
    I2C3_ER_IRQHandler                       0x080001b7   Thumb Code     0  startup_stm32f40_41xxx.o(.text)
    I2C3_EV_IRQHandler                       0x080001b7   Thumb Code     0  startup_stm32f40_41xxx.o(.text)
    OTG_FS_IRQHandler                        0x080001b7   Thumb Code     0  startup_stm32f40_41xxx.o(.text)
    OTG_FS_WKUP_IRQHandler                   0x080001b7   Thumb Code     0  startup_stm32f40_41xxx.o(.text)
    OTG_HS_EP1_IN_IRQHandler                 0x080001b7   Thumb Code     0  startup_stm32f40_41xxx.o(.text)
    OTG_HS_EP1_OUT_IRQHandler                0x080001b7   Thumb Code     0  startup_stm32f40_41xxx.o(.text)
    OTG_HS_IRQHandler                        0x080001b7   Thumb Code     0  startup_stm32f40_41xxx.o(.text)
    OTG_HS_WKUP_IRQHandler                   0x080001b7   Thumb Code     0  startup_stm32f40_41xxx.o(.text)
    PVD_IRQHandler                           0x080001b7   Thumb Code     0  startup_stm32f40_41xxx.o(.text)
    RCC_IRQHandler                           0x080001b7   Thumb Code     0  startup_stm32f40_41xxx.o(.text)
    RTC_Alarm_IRQHandler                     0x080001b7   Thumb Code     0  startup_stm32f40_41xxx.o(.text)
    RTC_WKUP_IRQHandler                      0x080001b7   Thumb Code     0  startup_stm32f40_41xxx.o(.text)
    SDIO_IRQHandler                          0x080001b7   Thumb Code     0  startup_stm32f40_41xxx.o(.text)
    SPI1_IRQHandler                          0x080001b7   Thumb Code     0  startup_stm32f40_41xxx.o(.text)
    SPI2_IRQHandler                          0x080001b7   Thumb Code     0  startup_stm32f40_41xxx.o(.text)
    SPI3_IRQHandler                          0x080001b7   Thumb Code     0  startup_stm32f40_41xxx.o(.text)
    TAMP_STAMP_IRQHandler                    0x080001b7   Thumb Code     0  startup_stm32f40_41xxx.o(.text)
    TIM1_BRK_TIM9_IRQHandler                 0x080001b7   Thumb Code     0  startup_stm32f40_41xxx.o(.text)
    TIM1_CC_IRQHandler                       0x080001b7   Thumb Code     0  startup_stm32f40_41xxx.o(.text)
    TIM1_TRG_COM_TIM11_IRQHandler            0x080001b7   Thumb Code     0  startup_stm32f40_41xxx.o(.text)
    TIM1_UP_TIM10_IRQHandler                 0x080001b7   Thumb Code     0  startup_stm32f40_41xxx.o(.text)
    TIM2_IRQHandler                          0x080001b7   Thumb Code     0  startup_stm32f40_41xxx.o(.text)
    TIM3_IRQHandler                          0x080001b7   Thumb Code     0  startup_stm32f40_41xxx.o(.text)
    TIM4_IRQHandler                          0x080001b7   Thumb Code     0  startup_stm32f40_41xxx.o(.text)
    TIM5_IRQHandler                          0x080001b7   Thumb Code     0  startup_stm32f40_41xxx.o(.text)
    TIM6_DAC_IRQHandler                      0x080001b7   Thumb Code     0  startup_stm32f40_41xxx.o(.text)
    TIM7_IRQHandler                          0x080001b7   Thumb Code     0  startup_stm32f40_41xxx.o(.text)
    TIM8_BRK_TIM12_IRQHandler                0x080001b7   Thumb Code     0  startup_stm32f40_41xxx.o(.text)
    TIM8_CC_IRQHandler                       0x080001b7   Thumb Code     0  startup_stm32f40_41xxx.o(.text)
    TIM8_TRG_COM_TIM14_IRQHandler            0x080001b7   Thumb Code     0  startup_stm32f40_41xxx.o(.text)
    TIM8_UP_TIM13_IRQHandler                 0x080001b7   Thumb Code     0  startup_stm32f40_41xxx.o(.text)
    UART4_IRQHandler                         0x080001b7   Thumb Code     0  startup_stm32f40_41xxx.o(.text)
    UART5_IRQHandler                         0x080001b7   Thumb Code     0  startup_stm32f40_41xxx.o(.text)
    USART2_IRQHandler                        0x080001b7   Thumb Code     0  startup_stm32f40_41xxx.o(.text)
    USART3_IRQHandler                        0x080001b7   Thumb Code     0  startup_stm32f40_41xxx.o(.text)
    USART6_IRQHandler                        0x080001b7   Thumb Code     0  startup_stm32f40_41xxx.o(.text)
    WWDG_IRQHandler                          0x080001b7   Thumb Code     0  startup_stm32f40_41xxx.o(.text)
    NVIC_PriorityGroupConfig                 0x080001c1   Thumb Code    10  misc.o(.text)
    NVIC_Init                                0x080001cb   Thumb Code    96  misc.o(.text)
    NVIC_SetVectorTable                      0x0800022b   Thumb Code    14  misc.o(.text)
    NVIC_SystemLPConfig                      0x08000239   Thumb Code    20  misc.o(.text)
    SysTick_CLKSourceConfig                  0x0800024d   Thumb Code    24  misc.o(.text)
    DMA_DeInit                               0x08000271   Thumb Code   272  stm32f4xx_dma.o(.text)
    DMA_Init                                 0x08000381   Thumb Code    80  stm32f4xx_dma.o(.text)
    DMA_StructInit                           0x080003d1   Thumb Code    34  stm32f4xx_dma.o(.text)
    DMA_Cmd                                  0x080003f3   Thumb Code    20  stm32f4xx_dma.o(.text)
    DMA_PeriphIncOffsetSizeConfig            0x08000407   Thumb Code    20  stm32f4xx_dma.o(.text)
    DMA_FlowControllerConfig                 0x0800041b   Thumb Code    20  stm32f4xx_dma.o(.text)
    DMA_SetCurrDataCounter                   0x0800042f   Thumb Code     4  stm32f4xx_dma.o(.text)
    DMA_GetCurrDataCounter                   0x08000433   Thumb Code     6  stm32f4xx_dma.o(.text)
    DMA_DoubleBufferModeConfig               0x08000439   Thumb Code    22  stm32f4xx_dma.o(.text)
    DMA_DoubleBufferModeCmd                  0x0800044f   Thumb Code    20  stm32f4xx_dma.o(.text)
    DMA_MemoryTargetConfig                   0x08000463   Thumb Code    10  stm32f4xx_dma.o(.text)
    DMA_GetCurrentMemoryTarget               0x0800046d   Thumb Code    14  stm32f4xx_dma.o(.text)
    DMA_GetCmdStatus                         0x0800047b   Thumb Code    14  stm32f4xx_dma.o(.text)
    DMA_GetFIFOStatus                        0x08000489   Thumb Code     8  stm32f4xx_dma.o(.text)
    DMA_GetFlagStatus                        0x08000491   Thumb Code    42  stm32f4xx_dma.o(.text)
    DMA_ClearFlag                            0x080004bb   Thumb Code    34  stm32f4xx_dma.o(.text)
    DMA_ITConfig                             0x080004dd   Thumb Code    44  stm32f4xx_dma.o(.text)
    DMA_GetITStatus                          0x08000509   Thumb Code    70  stm32f4xx_dma.o(.text)
    DMA_ClearITPendingBit                    0x0800054f   Thumb Code    34  stm32f4xx_dma.o(.text)
    GPIO_DeInit                              0x08000591   Thumb Code   216  stm32f4xx_gpio.o(.text)
    GPIO_Init                                0x08000669   Thumb Code   120  stm32f4xx_gpio.o(.text)
    GPIO_StructInit                          0x080006e1   Thumb Code    18  stm32f4xx_gpio.o(.text)
    GPIO_PinLockConfig                       0x080006f3   Thumb Code    24  stm32f4xx_gpio.o(.text)
    GPIO_ReadInputDataBit                    0x0800070b   Thumb Code    14  stm32f4xx_gpio.o(.text)
    GPIO_ReadInputData                       0x08000719   Thumb Code     6  stm32f4xx_gpio.o(.text)
    GPIO_ReadOutputDataBit                   0x0800071f   Thumb Code    14  stm32f4xx_gpio.o(.text)
    GPIO_ReadOutputData                      0x0800072d   Thumb Code     6  stm32f4xx_gpio.o(.text)
    GPIO_SetBits                             0x08000733   Thumb Code     4  stm32f4xx_gpio.o(.text)
    GPIO_ResetBits                           0x08000737   Thumb Code     4  stm32f4xx_gpio.o(.text)
    GPIO_WriteBit                            0x0800073b   Thumb Code    10  stm32f4xx_gpio.o(.text)
    GPIO_Write                               0x08000745   Thumb Code     4  stm32f4xx_gpio.o(.text)
    GPIO_ToggleBits                          0x08000749   Thumb Code     8  stm32f4xx_gpio.o(.text)
    GPIO_PinAFConfig                         0x08000751   Thumb Code    32  stm32f4xx_gpio.o(.text)
    RCC_DeInit                               0x0800079d   Thumb Code    68  stm32f4xx_rcc.o(.text)
    RCC_HSEConfig                            0x080007e1   Thumb Code    12  stm32f4xx_rcc.o(.text)
    RCC_GetFlagStatus                        0x080007ed   Thumb Code    46  stm32f4xx_rcc.o(.text)
    RCC_WaitForHSEStartUp                    0x0800081b   Thumb Code    44  stm32f4xx_rcc.o(.text)
    RCC_AdjustHSICalibrationValue            0x08000847   Thumb Code    16  stm32f4xx_rcc.o(.text)
    RCC_HSICmd                               0x08000857   Thumb Code     6  stm32f4xx_rcc.o(.text)
    RCC_LSEConfig                            0x0800085d   Thumb Code    24  stm32f4xx_rcc.o(.text)
    RCC_LSICmd                               0x08000875   Thumb Code     6  stm32f4xx_rcc.o(.text)
    RCC_PLLConfig                            0x0800087b   Thumb Code    32  stm32f4xx_rcc.o(.text)
    RCC_PLLCmd                               0x0800089b   Thumb Code     6  stm32f4xx_rcc.o(.text)
    RCC_PLLI2SConfig                         0x080008a1   Thumb Code    14  stm32f4xx_rcc.o(.text)
    RCC_PLLI2SCmd                            0x080008af   Thumb Code     6  stm32f4xx_rcc.o(.text)
    RCC_PLLSAIConfig                         0x080008b5   Thumb Code    18  stm32f4xx_rcc.o(.text)
    RCC_PLLSAICmd                            0x080008c7   Thumb Code     6  stm32f4xx_rcc.o(.text)
    RCC_ClockSecuritySystemCmd               0x080008cd   Thumb Code     6  stm32f4xx_rcc.o(.text)
    RCC_MCO1Config                           0x080008d3   Thumb Code    18  stm32f4xx_rcc.o(.text)
    RCC_MCO2Config                           0x080008e5   Thumb Code    18  stm32f4xx_rcc.o(.text)
    RCC_SYSCLKConfig                         0x080008f7   Thumb Code    16  stm32f4xx_rcc.o(.text)
    RCC_GetSYSCLKSource                      0x08000907   Thumb Code    12  stm32f4xx_rcc.o(.text)
    RCC_HCLKConfig                           0x08000913   Thumb Code    16  stm32f4xx_rcc.o(.text)
    RCC_PCLK1Config                          0x08000923   Thumb Code    16  stm32f4xx_rcc.o(.text)
    RCC_PCLK2Config                          0x08000933   Thumb Code    18  stm32f4xx_rcc.o(.text)
    RCC_GetClocksFreq                        0x08000945   Thumb Code   134  stm32f4xx_rcc.o(.text)
    RCC_RTCCLKConfig                         0x080009cb   Thumb Code    42  stm32f4xx_rcc.o(.text)
    RCC_RTCCLKCmd                            0x080009f5   Thumb Code     8  stm32f4xx_rcc.o(.text)
    RCC_BackupResetCmd                       0x080009fd   Thumb Code     8  stm32f4xx_rcc.o(.text)
    RCC_I2SCLKConfig                         0x08000a05   Thumb Code     8  stm32f4xx_rcc.o(.text)
    RCC_SAIPLLI2SClkDivConfig                0x08000a0d   Thumb Code    18  stm32f4xx_rcc.o(.text)
    RCC_SAIPLLSAIClkDivConfig                0x08000a1f   Thumb Code    24  stm32f4xx_rcc.o(.text)
    RCC_SAIBlockACLKConfig                   0x08000a37   Thumb Code    16  stm32f4xx_rcc.o(.text)
    RCC_SAIBlockBCLKConfig                   0x08000a47   Thumb Code    16  stm32f4xx_rcc.o(.text)
    RCC_LTDCCLKDivConfig                     0x08000a57   Thumb Code    16  stm32f4xx_rcc.o(.text)
    RCC_TIMCLKPresConfig                     0x08000a67   Thumb Code     8  stm32f4xx_rcc.o(.text)
    RCC_AHB1PeriphClockCmd                   0x08000a6f   Thumb Code    20  stm32f4xx_rcc.o(.text)
    RCC_AHB2PeriphClockCmd                   0x08000a83   Thumb Code    20  stm32f4xx_rcc.o(.text)
    RCC_AHB3PeriphClockCmd                   0x08000a97   Thumb Code    20  stm32f4xx_rcc.o(.text)
    RCC_APB1PeriphClockCmd                   0x08000aab   Thumb Code    20  stm32f4xx_rcc.o(.text)
    RCC_APB2PeriphClockCmd                   0x08000abf   Thumb Code    20  stm32f4xx_rcc.o(.text)
    RCC_AHB1PeriphResetCmd                   0x08000ad3   Thumb Code    20  stm32f4xx_rcc.o(.text)
    RCC_AHB2PeriphResetCmd                   0x08000ae7   Thumb Code    20  stm32f4xx_rcc.o(.text)
    RCC_AHB3PeriphResetCmd                   0x08000afb   Thumb Code    20  stm32f4xx_rcc.o(.text)
    RCC_APB1PeriphResetCmd                   0x08000b0f   Thumb Code    20  stm32f4xx_rcc.o(.text)
    RCC_APB2PeriphResetCmd                   0x08000b23   Thumb Code    20  stm32f4xx_rcc.o(.text)
    RCC_AHB1PeriphClockLPModeCmd             0x08000b37   Thumb Code    20  stm32f4xx_rcc.o(.text)
    RCC_AHB2PeriphClockLPModeCmd             0x08000b4b   Thumb Code    20  stm32f4xx_rcc.o(.text)
    RCC_AHB3PeriphClockLPModeCmd             0x08000b5f   Thumb Code    20  stm32f4xx_rcc.o(.text)
    RCC_APB1PeriphClockLPModeCmd             0x08000b73   Thumb Code    64  stm32f4xx_rcc.o(.text)
    RCC_APB2PeriphClockLPModeCmd             0x08000bb3   Thumb Code    18  stm32f4xx_rcc.o(.text)
    RCC_LSEModeConfig                        0x08000bc5   Thumb Code    24  stm32f4xx_rcc.o(.text)
    RCC_ITConfig                             0x08000bdd   Thumb Code    20  stm32f4xx_rcc.o(.text)
    RCC_ClearFlag                            0x08000bf1   Thumb Code    14  stm32f4xx_rcc.o(.text)
    RCC_GetITStatus                          0x08000bff   Thumb Code    18  stm32f4xx_rcc.o(.text)
    RCC_ClearITPendingBit                    0x08000c11   Thumb Code     8  stm32f4xx_rcc.o(.text)
    USART_DeInit                             0x08000c1d   Thumb Code   138  stm32f4xx_usart.o(.text)
    USART_Init                               0x08000ca7   Thumb Code   164  stm32f4xx_usart.o(.text)
    USART_StructInit                         0x08000d4b   Thumb Code    22  stm32f4xx_usart.o(.text)
    USART_ClockInit                          0x08000d61   Thumb Code    28  stm32f4xx_usart.o(.text)
    USART_ClockStructInit                    0x08000d7d   Thumb Code    12  stm32f4xx_usart.o(.text)
    USART_Cmd                                0x08000d89   Thumb Code    20  stm32f4xx_usart.o(.text)
    USART_SetPrescaler                       0x08000d9d   Thumb Code    16  stm32f4xx_usart.o(.text)
    USART_OverSampling8Cmd                   0x08000dad   Thumb Code    20  stm32f4xx_usart.o(.text)
    USART_OneBitMethodCmd                    0x08000dc1   Thumb Code    20  stm32f4xx_usart.o(.text)
    USART_SendData                           0x08000dd5   Thumb Code     8  stm32f4xx_usart.o(.text)
    USART_ReceiveData                        0x08000ddd   Thumb Code     8  stm32f4xx_usart.o(.text)
    USART_SetAddress                         0x08000de5   Thumb Code    16  stm32f4xx_usart.o(.text)
    USART_ReceiverWakeUpCmd                  0x08000df5   Thumb Code    20  stm32f4xx_usart.o(.text)
    USART_WakeUpConfig                       0x08000e09   Thumb Code    16  stm32f4xx_usart.o(.text)
    USART_LINBreakDetectLengthConfig         0x08000e19   Thumb Code    16  stm32f4xx_usart.o(.text)
    USART_LINCmd                             0x08000e29   Thumb Code    20  stm32f4xx_usart.o(.text)
    USART_SendBreak                          0x08000e3d   Thumb Code    10  stm32f4xx_usart.o(.text)
    USART_HalfDuplexCmd                      0x08000e47   Thumb Code    20  stm32f4xx_usart.o(.text)
    USART_SetGuardTime                       0x08000e5b   Thumb Code    16  stm32f4xx_usart.o(.text)
    USART_SmartCardCmd                       0x08000e6b   Thumb Code    20  stm32f4xx_usart.o(.text)
    USART_SmartCardNACKCmd                   0x08000e7f   Thumb Code    20  stm32f4xx_usart.o(.text)
    USART_IrDAConfig                         0x08000e93   Thumb Code    16  stm32f4xx_usart.o(.text)
    USART_IrDACmd                            0x08000ea3   Thumb Code    20  stm32f4xx_usart.o(.text)
    USART_DMACmd                             0x08000eb7   Thumb Code    16  stm32f4xx_usart.o(.text)
    USART_ITConfig                           0x08000ec7   Thumb Code    48  stm32f4xx_usart.o(.text)
    USART_GetFlagStatus                      0x08000ef7   Thumb Code    14  stm32f4xx_usart.o(.text)
    USART_ClearFlag                          0x08000f05   Thumb Code     6  stm32f4xx_usart.o(.text)
    USART_GetITStatus                        0x08000f0b   Thumb Code    62  stm32f4xx_usart.o(.text)
    USART_ClearITPendingBit                  0x08000f49   Thumb Code    12  stm32f4xx_usart.o(.text)
    delay_init                               0x08000f75   Thumb Code    38  delay.o(.text)
    delay_us                                 0x08000f9b   Thumb Code    46  delay.o(.text)
    delay_xms                                0x08000fc9   Thumb Code    46  delay.o(.text)
    delay_ms                                 0x08000ff7   Thumb Code    50  delay.o(.text)
    GPIO_Digital_Init                        0x0800102d   Thumb Code   148  gpio.o(.text)
    _sys_exit                                0x080010d1   Thumb Code     2  485_init.o(.text)
    fputc                                    0x080010d3   Thumb Code    14  485_init.o(.text)
    USART1_Init                              0x080010e1   Thumb Code   416  485_init.o(.text)
    DMA_Send_Data                            0x08001281   Thumb Code    50  485_init.o(.text)
    Check_CRC_Serial                         0x080012b3   Thumb Code    62  485_init.o(.text)
    IO_Read                                  0x080012f1   Thumb Code    26  485_init.o(.text)
    IO_Write                                 0x0800130b   Thumb Code    36  485_init.o(.text)
    Handle_USART1_Cmd                        0x0800132f   Thumb Code   174  485_init.o(.text)
    Handle_USART1_Data                       0x080013dd   Thumb Code   146  485_init.o(.text)
    USART1_IRQHandler                        0x0800146f   Thumb Code   166  485_init.o(.text)
    DMA2_Stream7_IRQHandler                  0x08001515   Thumb Code    54  485_init.o(.text)
    main                                     0x08001555   Thumb Code    50  main.o(.text)
    NMI_Handler                              0x0800158d   Thumb Code     2  stm32f4xx_it.o(.text)
    HardFault_Handler                        0x0800158f   Thumb Code    10  stm32f4xx_it.o(.text)
    MemManage_Handler                        0x08001599   Thumb Code     2  stm32f4xx_it.o(.text)
    BusFault_Handler                         0x0800159b   Thumb Code     2  stm32f4xx_it.o(.text)
    UsageFault_Handler                       0x0800159d   Thumb Code     2  stm32f4xx_it.o(.text)
    SVC_Handler                              0x0800159f   Thumb Code     2  stm32f4xx_it.o(.text)
    DebugMon_Handler                         0x080015a1   Thumb Code     2  stm32f4xx_it.o(.text)
    PendSV_Handler                           0x080015a3   Thumb Code     2  stm32f4xx_it.o(.text)
    SysTick_Handler                          0x080015a5   Thumb Code     2  stm32f4xx_it.o(.text)
    SystemInit                               0x08001663   Thumb Code    74  system_stm32f4xx.o(.text)
    SystemCoreClockUpdate                    0x080016ad   Thumb Code   108  system_stm32f4xx.o(.text)
    SEGGER_RTT_ReadUpBufferNoLock            0x08001829   Thumb Code   120  segger_rtt.o(.text)
    SEGGER_RTT_ReadNoLock                    0x080018a1   Thumb Code   118  segger_rtt.o(.text)
    SEGGER_RTT_ReadUpBuffer                  0x08001917   Thumb Code    24  segger_rtt.o(.text)
    SEGGER_RTT_Read                          0x0800192f   Thumb Code    24  segger_rtt.o(.text)
    SEGGER_RTT_WriteWithOverwriteNoLock      0x08001947   Thumb Code   142  segger_rtt.o(.text)
    SEGGER_RTT_WriteSkipNoLock               0x080019d5   Thumb Code   108  segger_rtt.o(.text)
    SEGGER_RTT_WriteDownBufferNoLock         0x08001a41   Thumb Code    86  segger_rtt.o(.text)
    SEGGER_RTT_WriteNoLock                   0x08001a97   Thumb Code    86  segger_rtt.o(.text)
    SEGGER_RTT_WriteDownBuffer               0x08001aed   Thumb Code    72  segger_rtt.o(.text)
    SEGGER_RTT_Write                         0x08001b35   Thumb Code    50  segger_rtt.o(.text)
    SEGGER_RTT_WriteString                   0x08001b67   Thumb Code    24  segger_rtt.o(.text)
    SEGGER_RTT_PutCharSkipNoLock             0x08001b7f   Thumb Code    48  segger_rtt.o(.text)
    SEGGER_RTT_PutCharSkip                   0x08001baf   Thumb Code    80  segger_rtt.o(.text)
    SEGGER_RTT_PutChar                       0x08001bff   Thumb Code    92  segger_rtt.o(.text)
    SEGGER_RTT_GetKey                        0x08001c5b   Thumb Code    28  segger_rtt.o(.text)
    SEGGER_RTT_WaitKey                       0x08001c77   Thumb Code    12  segger_rtt.o(.text)
    SEGGER_RTT_HasKey                        0x08001c83   Thumb Code    32  segger_rtt.o(.text)
    SEGGER_RTT_HasData                       0x08001ca3   Thumb Code    18  segger_rtt.o(.text)
    SEGGER_RTT_HasDataUp                     0x08001cb5   Thumb Code    18  segger_rtt.o(.text)
    SEGGER_RTT_AllocDownBuffer               0x08001cc7   Thumb Code   100  segger_rtt.o(.text)
    SEGGER_RTT_AllocUpBuffer                 0x08001d2b   Thumb Code   100  segger_rtt.o(.text)
    SEGGER_RTT_ConfigUpBuffer                0x08001d8f   Thumb Code    88  segger_rtt.o(.text)
    SEGGER_RTT_ConfigDownBuffer              0x08001de7   Thumb Code    88  segger_rtt.o(.text)
    SEGGER_RTT_SetNameUpBuffer               0x08001e3f   Thumb Code    60  segger_rtt.o(.text)
    SEGGER_RTT_SetNameDownBuffer             0x08001e7b   Thumb Code    60  segger_rtt.o(.text)
    SEGGER_RTT_SetFlagsUpBuffer              0x08001eb7   Thumb Code    60  segger_rtt.o(.text)
    SEGGER_RTT_SetFlagsDownBuffer            0x08001ef3   Thumb Code    64  segger_rtt.o(.text)
    SEGGER_RTT_Init                          0x08001f33   Thumb Code     2  segger_rtt.o(.text)
    SEGGER_RTT_SetTerminal                   0x08001f35   Thumb Code   130  segger_rtt.o(.text)
    SEGGER_RTT_TerminalOut                   0x08001fb7   Thumb Code   168  segger_rtt.o(.text)
    SEGGER_RTT_GetAvailWriteSpace            0x0800205f   Thumb Code    16  segger_rtt.o(.text)
    SEGGER_RTT_GetBytesInBuffer              0x0800206f   Thumb Code    30  segger_rtt.o(.text)
    SEGGER_RTT_vprintf                       0x080021cf   Thumb Code   446  segger_rtt_printf.o(.text)
    SEGGER_RTT_printf                        0x0800238d   Thumb Code    22  segger_rtt_printf.o(.text)
    __aeabi_memcpy                           0x08002475   Thumb Code    36  memcpya.o(.text)
    __aeabi_memcpy4                          0x08002475   Thumb Code     0  memcpya.o(.text)
    __aeabi_memcpy8                          0x08002475   Thumb Code     0  memcpya.o(.text)
    __aeabi_memset                           0x08002499   Thumb Code    14  memseta.o(.text)
    __aeabi_memset4                          0x08002499   Thumb Code     0  memseta.o(.text)
    __aeabi_memset8                          0x08002499   Thumb Code     0  memseta.o(.text)
    __aeabi_memclr                           0x080024a7   Thumb Code     4  memseta.o(.text)
    __aeabi_memclr4                          0x080024a7   Thumb Code     0  memseta.o(.text)
    __aeabi_memclr8                          0x080024a7   Thumb Code     0  memseta.o(.text)
    _memset$wrapper                          0x080024ab   Thumb Code    18  memseta.o(.text)
    strlen                                   0x080024bd   Thumb Code    14  strlen.o(.text)
    __scatterload                            0x080024cd   Thumb Code    28  init.o(.text)
    __scatterload_rt2                        0x080024cd   Thumb Code     0  init.o(.text)
    __decompress                             0x080024f1   Thumb Code     0  __dczerorl2.o(.text)
    __decompress1                            0x080024f1   Thumb Code    86  __dczerorl2.o(.text)
    __scatterload_copy                       0x08002547   Thumb Code    14  handlers.o(i.__scatterload_copy)
    __scatterload_null                       0x08002555   Thumb Code     2  handlers.o(i.__scatterload_null)
    __scatterload_zeroinit                   0x08002557   Thumb Code    14  handlers.o(i.__scatterload_zeroinit)
    free                                     0x08002565   Thumb Code    76  malloc.o(i.free)
    malloc                                   0x080025b5   Thumb Code    92  malloc.o(i.malloc)
    Region$$Table$$Base                      0x08002654   Number         0  anon$$obj.o(Region$$Table)
    Region$$Table$$Limit                     0x08002674   Number         0  anon$$obj.o(Region$$Table)
    CRC1                                     0x20000014   Data           1  485_init.o(.data)
    CRC2                                     0x20000015   Data           1  485_init.o(.data)
    io_map_input                             0x20000018   Data         128  485_init.o(.data)
    io_map_output                            0x20000098   Data         128  485_init.o(.data)
    SystemCoreClock                          0x20000118   Data           4  system_stm32f4xx.o(.data)
    AHBPrescTable                            0x2000011c   Data          16  system_stm32f4xx.o(.data)
    __microlib_freelist                      0x20000130   Data           4  mvars.o(.data)
    __microlib_freelist_initialised          0x20000134   Data           4  mvars.o(.data)
    USART1_RX_BUF                            0x20000138   Data         128  485_init.o(.bss)
    USART1_TX_BUF                            0x200001b8   Data         128  485_init.o(.bss)
    Handle_Data                              0x20000238   Data         128  485_init.o(.bss)
    _SEGGER_RTT                              0x200002b8   Data         168  segger_rtt.o(.bss)
    __heap_base                              0x20000770   Data           0  startup_stm32f40_41xxx.o(HEAP)
    __heap_limit                             0x20000970   Data           0  startup_stm32f40_41xxx.o(HEAP)
    __initial_sp                             0x20000d70   Data           0  startup_stm32f40_41xxx.o(STACK)



==============================================================================

Memory Map of the image

  Image Entry point : 0x08000189

  Load Region LR_IROM1 (Base: 0x08000000, Size: 0x000027ac, Max: 0x00080000, ABSOLUTE, COMPRESSED[0x00002708])

    Execution Region ER_IROM1 (Exec base: 0x08000000, Load base: 0x08000000, Size: 0x00002674, Max: 0x00080000, ABSOLUTE)

    Exec Addr    Load Addr    Size         Type   Attr      Idx    E Section Name        Object

    0x08000000   0x08000000   0x00000188   Data   RO            3    RESET               startup_stm32f40_41xxx.o
    0x08000188   0x08000188   0x00000000   Code   RO         1165  * .ARM.Collect$$$$00000000  mc_w.l(entry.o)
    0x08000188   0x08000188   0x00000004   Code   RO         1204    .ARM.Collect$$$$00000001  mc_w.l(entry2.o)
    0x0800018c   0x0800018c   0x00000004   Code   RO         1207    .ARM.Collect$$$$00000004  mc_w.l(entry5.o)
    0x08000190   0x08000190   0x00000000   Code   RO         1209    .ARM.Collect$$$$00000008  mc_w.l(entry7b.o)
    0x08000190   0x08000190   0x00000000   Code   RO         1211    .ARM.Collect$$$$0000000A  mc_w.l(entry8b.o)
    0x08000190   0x08000190   0x00000008   Code   RO         1212    .ARM.Collect$$$$0000000B  mc_w.l(entry9a.o)
    0x08000198   0x08000198   0x00000000   Code   RO         1214    .ARM.Collect$$$$0000000D  mc_w.l(entry10a.o)
    0x08000198   0x08000198   0x00000000   Code   RO         1216    .ARM.Collect$$$$0000000F  mc_w.l(entry11a.o)
    0x08000198   0x08000198   0x00000004   Code   RO         1205    .ARM.Collect$$$$00002712  mc_w.l(entry2.o)
    0x0800019c   0x0800019c   0x00000024   Code   RO            4    .text               startup_stm32f40_41xxx.o
    0x080001c0   0x080001c0   0x000000b0   Code   RO           12    .text               misc.o
    0x08000270   0x08000270   0x00000320   Code   RO          360    .text               stm32f4xx_dma.o
    0x08000590   0x08000590   0x0000020c   Code   RO          467    .text               stm32f4xx_gpio.o
    0x0800079c   0x0800079c   0x00000480   Code   RO          630    .text               stm32f4xx_rcc.o
    0x08000c1c   0x08000c1c   0x00000358   Code   RO          797    .text               stm32f4xx_usart.o
    0x08000f74   0x08000f74   0x000000b8   Code   RO          837    .text               delay.o
    0x0800102c   0x0800102c   0x000000a4   Code   RO          883    .text               gpio.o
    0x080010d0   0x080010d0   0x00000484   Code   RO          906    .text               485_init.o
    0x08001554   0x08001554   0x00000038   Code   RO         1029    .text               main.o
    0x0800158c   0x0800158c   0x00000034   Code   RO         1055    .text               stm32f4xx_it.o
    0x080015c0   0x080015c0   0x0000017c   Code   RO         1104    .text               system_stm32f4xx.o
    0x0800173c   0x0800173c   0x0000098c   Code   RO         1128    .text               segger_rtt.o
    0x080020c8   0x080020c8   0x000003ac   Code   RO         1152    .text               segger_rtt_printf.o
    0x08002474   0x08002474   0x00000024   Code   RO         1168    .text               mc_w.l(memcpya.o)
    0x08002498   0x08002498   0x00000024   Code   RO         1170    .text               mc_w.l(memseta.o)
    0x080024bc   0x080024bc   0x0000000e   Code   RO         1172    .text               mc_w.l(strlen.o)
    0x080024ca   0x080024ca   0x00000002   PAD
    0x080024cc   0x080024cc   0x00000024   Code   RO         1220    .text               mc_w.l(init.o)
    0x080024f0   0x080024f0   0x00000056   Code   RO         1230    .text               mc_w.l(__dczerorl2.o)
    0x08002546   0x08002546   0x0000000e   Code   RO         1224    i.__scatterload_copy  mc_w.l(handlers.o)
    0x08002554   0x08002554   0x00000002   Code   RO         1225    i.__scatterload_null  mc_w.l(handlers.o)
    0x08002556   0x08002556   0x0000000e   Code   RO         1226    i.__scatterload_zeroinit  mc_w.l(handlers.o)
    0x08002564   0x08002564   0x00000050   Code   RO         1176    i.free              mc_w.l(malloc.o)
    0x080025b4   0x080025b4   0x0000006c   Code   RO         1177    i.malloc            mc_w.l(malloc.o)
    0x08002620   0x08002620   0x00000021   Data   RO         1130    .constdata          segger_rtt.o
    0x08002641   0x08002641   0x00000010   Data   RO         1153    .constdata          segger_rtt_printf.o
    0x08002651   0x08002651   0x00000003   PAD
    0x08002654   0x08002654   0x00000020   Data   RO         1222    Region$$Table       anon$$obj.o


    Execution Region RW_IRAM1 (Exec base: 0x20000000, Load base: 0x08002674, Size: 0x00000d70, Max: 0x00020000, ABSOLUTE, COMPRESSED[0x00000094])

    Exec Addr    Load Addr    Size         Type   Attr      Idx    E Section Name        Object

    0x20000000   COMPRESSED   0x00000010   Data   RW          631    .data               stm32f4xx_rcc.o
    0x20000010   COMPRESSED   0x00000004   Data   RW          838    .data               delay.o
    0x20000014   COMPRESSED   0x00000104   Data   RW          908    .data               485_init.o
    0x20000118   COMPRESSED   0x00000014   Data   RW         1105    .data               system_stm32f4xx.o
    0x2000012c   COMPRESSED   0x00000001   Data   RW         1131    .data               segger_rtt.o
    0x2000012d   COMPRESSED   0x00000003   PAD
    0x20000130   COMPRESSED   0x00000004   Data   RW         1218    .data               mc_w.l(mvars.o)
    0x20000134   COMPRESSED   0x00000004   Data   RW         1219    .data               mc_w.l(mvars.o)
    0x20000138        -       0x00000180   Zero   RW          907    .bss                485_init.o
    0x200002b8        -       0x000004b8   Zero   RW         1129    .bss                segger_rtt.o
    0x20000770        -       0x00000200   Zero   RW            2    HEAP                startup_stm32f40_41xxx.o
    0x20000970        -       0x00000400   Zero   RW            1    STACK               startup_stm32f40_41xxx.o


==============================================================================

Image component sizes


      Code (inc. data)   RO Data    RW Data    ZI Data      Debug   Object Name

      1156         62          0        260        384     265278   485_init.o
       184          4          0          4          0       1497   delay.o
       164         16          0          0          0        616   gpio.o
        56          6          0          0          0        451   main.o
       176         12          0          0          0     276309   misc.o
      2444         38         33          1       1208      22686   segger_rtt.o
       940         14         16          0          0       4383   segger_rtt_printf.o
        36          8        392          0       1536        856   startup_stm32f40_41xxx.o
       800         32          0          0          0       6989   stm32f4xx_dma.o
       524         44          0          0          0       4497   stm32f4xx_gpio.o
        52         26          0          0          0       1310   stm32f4xx_it.o
      1152         48          0         16          0      13352   stm32f4xx_rcc.o
       856         32          0          0          0       8312   stm32f4xx_usart.o
       380         36          0         20          0       1867   system_stm32f4xx.o

    ----------------------------------------------------------------------
      8920        378        476        304       3128     608403   Object Totals
         0          0         32          0          0          0   (incl. Generated)
         0          0          3          3          0          0   (incl. Padding)

    ----------------------------------------------------------------------

      Code (inc. data)   RO Data    RW Data    ZI Data      Debug   Library Member Name

        86          0          0          0          0          0   __dczerorl2.o
         0          0          0          0          0          0   entry.o
         0          0          0          0          0          0   entry10a.o
         0          0          0          0          0          0   entry11a.o
         8          4          0          0          0          0   entry2.o
         4          0          0          0          0          0   entry5.o
         0          0          0          0          0          0   entry7b.o
         0          0          0          0          0          0   entry8b.o
         8          4          0          0          0          0   entry9a.o
        30          0          0          0          0          0   handlers.o
        36          8          0          0          0         68   init.o
       188         20          0          0          0        160   malloc.o
        36          0          0          0          0         68   memcpya.o
        36          0          0          0          0        108   memseta.o
         0          0          0          8          0          0   mvars.o
        14          0          0          0          0         68   strlen.o

    ----------------------------------------------------------------------
       448         36          0          8          0        472   Library Totals
         2          0          0          0          0          0   (incl. Padding)

    ----------------------------------------------------------------------

      Code (inc. data)   RO Data    RW Data    ZI Data      Debug   Library Name

       446         36          0          8          0        472   mc_w.l

    ----------------------------------------------------------------------
       448         36          0          8          0        472   Library Totals

    ----------------------------------------------------------------------

==============================================================================


      Code (inc. data)   RO Data    RW Data    ZI Data      Debug   

      9368        414        476        312       3128     605703   Grand Totals
      9368        414        476        148       3128     605703   ELF Image Totals (compressed)
      9368        414        476        148          0          0   ROM Totals

==============================================================================

    Total RO  Size (Code + RO Data)                 9844 (   9.61kB)
    Total RW  Size (RW Data + ZI Data)              3440 (   3.36kB)
    Total ROM Size (Code + RO Data + RW Data)       9992 (   9.76kB)

==============================================================================

